../Core/Src/secure_nsc.c:55:20:SECURE_RegisterCallback	0	static
../Core/Src/secure_nsc.c:72:20:SECURE_send	8	static
../Core/Src/secure_nsc.c:76:20:SECURE_recv	8	static
../Core/Src/secure_nsc.c:95:6:sendline	0	static
../Core/Src/secure_nsc.c:102:6:is_bit_set	0	static
../Core/Src/secure_nsc.c:110:9:set_bit	0	static
../Core/Src/secure_nsc.c:117:9:clear_bit	0	static
../Core/Src/secure_nsc.c:142:6:initialize_map	0	static
../Core/Src/secure_nsc.c:147:6:insert	16	static
../Core/Src/secure_nsc.c:161:10:get	16	static
../Core/Src/secure_nsc.c:177:6:UE	0	static
../Core/Src/secure_nsc.c:183:10:PRR	40	static
../Core/Src/secure_nsc.c:210:6:IRR	40	static
../Core/Src/secure_nsc.c:225:6:initB	0	static
../Core/Src/secure_nsc.c:230:9:energy_read	16	static
../Core/Src/secure_nsc.c:237:6:LDP_DC	136	static
../Core/Src/secure_nsc.c:254:6:LDP_energy	56	static
../Core/Src/secure_nsc.c:274:5:verify_req	384	static
../Core/Src/secure_nsc.c:297:5:check_request	8	static
../Core/Src/secure_nsc.c:302:20:SECURE_pox	392	static,ignoring_inline_asm
