Archive member included to satisfy reference by file (symbol)

C:/ST/STM32CubeIDE_1.10.1/STM32CubeIDE/plugins/com.st.stm32cube.ide.mcu.externaltools.gnu-tools-for-stm32.12.3.rel1.win32_1.0.100.202403111256/tools/bin/../lib/gcc/arm-none-eabi/12.3.1/../../../../arm-none-eabi/lib/thumb/v8-m.main+fp/hard\libc_nano.a(libc_a-exit.o)
                              C:/ST/STM32CubeIDE_1.10.1/STM32CubeIDE/plugins/com.st.stm32cube.ide.mcu.externaltools.gnu-tools-for-stm32.12.3.rel1.win32_1.0.100.202403111256/tools/bin/../lib/gcc/arm-none-eabi/12.3.1/../../../../arm-none-eabi/lib/thumb/v8-m.main+fp/hard/crt0.o (exit)
C:/ST/STM32CubeIDE_1.10.1/STM32CubeIDE/plugins/com.st.stm32cube.ide.mcu.externaltools.gnu-tools-for-stm32.12.3.rel1.win32_1.0.100.202403111256/tools/bin/../lib/gcc/arm-none-eabi/12.3.1/../../../../arm-none-eabi/lib/thumb/v8-m.main+fp/hard\libc_nano.a(libc_a-malloc.o)
                              ./Core/Src/Crypto/sphincs/get_space2.o (malloc)
C:/ST/STM32CubeIDE_1.10.1/STM32CubeIDE/plugins/com.st.stm32cube.ide.mcu.externaltools.gnu-tools-for-stm32.12.3.rel1.win32_1.0.100.202403111256/tools/bin/../lib/gcc/arm-none-eabi/12.3.1/../../../../arm-none-eabi/lib/thumb/v8-m.main+fp/hard\libc_nano.a(libc_a-mallocr.o)
                              C:/ST/STM32CubeIDE_1.10.1/STM32CubeIDE/plugins/com.st.stm32cube.ide.mcu.externaltools.gnu-tools-for-stm32.12.3.rel1.win32_1.0.100.202403111256/tools/bin/../lib/gcc/arm-none-eabi/12.3.1/../../../../arm-none-eabi/lib/thumb/v8-m.main+fp/hard\libc_nano.a(libc_a-malloc.o) (_malloc_r)
C:/ST/STM32CubeIDE_1.10.1/STM32CubeIDE/plugins/com.st.stm32cube.ide.mcu.externaltools.gnu-tools-for-stm32.12.3.rel1.win32_1.0.100.202403111256/tools/bin/../lib/gcc/arm-none-eabi/12.3.1/../../../../arm-none-eabi/lib/thumb/v8-m.main+fp/hard\libc_nano.a(libc_a-mlock.o)
                              C:/ST/STM32CubeIDE_1.10.1/STM32CubeIDE/plugins/com.st.stm32cube.ide.mcu.externaltools.gnu-tools-for-stm32.12.3.rel1.win32_1.0.100.202403111256/tools/bin/../lib/gcc/arm-none-eabi/12.3.1/../../../../arm-none-eabi/lib/thumb/v8-m.main+fp/hard\libc_nano.a(libc_a-mallocr.o) (__malloc_lock)
C:/ST/STM32CubeIDE_1.10.1/STM32CubeIDE/plugins/com.st.stm32cube.ide.mcu.externaltools.gnu-tools-for-stm32.12.3.rel1.win32_1.0.100.202403111256/tools/bin/../lib/gcc/arm-none-eabi/12.3.1/../../../../arm-none-eabi/lib/thumb/v8-m.main+fp/hard\libc_nano.a(libc_a-rand.o)
                              ./Core/Src/uECC.o (rand)
C:/ST/STM32CubeIDE_1.10.1/STM32CubeIDE/plugins/com.st.stm32cube.ide.mcu.externaltools.gnu-tools-for-stm32.12.3.rel1.win32_1.0.100.202403111256/tools/bin/../lib/gcc/arm-none-eabi/12.3.1/../../../../arm-none-eabi/lib/thumb/v8-m.main+fp/hard\libc_nano.a(libc_a-findfp.o)
                              C:/ST/STM32CubeIDE_1.10.1/STM32CubeIDE/plugins/com.st.stm32cube.ide.mcu.externaltools.gnu-tools-for-stm32.12.3.rel1.win32_1.0.100.202403111256/tools/bin/../lib/gcc/arm-none-eabi/12.3.1/../../../../arm-none-eabi/lib/thumb/v8-m.main+fp/hard\libc_nano.a(libc_a-exit.o) (__stdio_exit_handler)
C:/ST/STM32CubeIDE_1.10.1/STM32CubeIDE/plugins/com.st.stm32cube.ide.mcu.externaltools.gnu-tools-for-stm32.12.3.rel1.win32_1.0.100.202403111256/tools/bin/../lib/gcc/arm-none-eabi/12.3.1/../../../../arm-none-eabi/lib/thumb/v8-m.main+fp/hard\libc_nano.a(libc_a-fwalk.o)
                              C:/ST/STM32CubeIDE_1.10.1/STM32CubeIDE/plugins/com.st.stm32cube.ide.mcu.externaltools.gnu-tools-for-stm32.12.3.rel1.win32_1.0.100.202403111256/tools/bin/../lib/gcc/arm-none-eabi/12.3.1/../../../../arm-none-eabi/lib/thumb/v8-m.main+fp/hard\libc_nano.a(libc_a-findfp.o) (_fwalk_sglue)
C:/ST/STM32CubeIDE_1.10.1/STM32CubeIDE/plugins/com.st.stm32cube.ide.mcu.externaltools.gnu-tools-for-stm32.12.3.rel1.win32_1.0.100.202403111256/tools/bin/../lib/gcc/arm-none-eabi/12.3.1/../../../../arm-none-eabi/lib/thumb/v8-m.main+fp/hard\libc_nano.a(libc_a-printf.o)
                              ./Core/Src/kremlib.o (printf)
C:/ST/STM32CubeIDE_1.10.1/STM32CubeIDE/plugins/com.st.stm32cube.ide.mcu.externaltools.gnu-tools-for-stm32.12.3.rel1.win32_1.0.100.202403111256/tools/bin/../lib/gcc/arm-none-eabi/12.3.1/../../../../arm-none-eabi/lib/thumb/v8-m.main+fp/hard\libc_nano.a(libc_a-putchar.o)
                              ./Core/Src/kremlib.o (putchar)
C:/ST/STM32CubeIDE_1.10.1/STM32CubeIDE/plugins/com.st.stm32cube.ide.mcu.externaltools.gnu-tools-for-stm32.12.3.rel1.win32_1.0.100.202403111256/tools/bin/../lib/gcc/arm-none-eabi/12.3.1/../../../../arm-none-eabi/lib/thumb/v8-m.main+fp/hard\libc_nano.a(libc_a-stdio.o)
                              C:/ST/STM32CubeIDE_1.10.1/STM32CubeIDE/plugins/com.st.stm32cube.ide.mcu.externaltools.gnu-tools-for-stm32.12.3.rel1.win32_1.0.100.202403111256/tools/bin/../lib/gcc/arm-none-eabi/12.3.1/../../../../arm-none-eabi/lib/thumb/v8-m.main+fp/hard\libc_nano.a(libc_a-findfp.o) (__sread)
[...]
Memory Configuration

Name             Origin             Length             Attributes
RAM              0x30000000         0x00010000         xrw
RAM2             0x30030000         0x00010000         xrw
FLASH            0x0c000000         0x00010000         xr
FLASH_NSC        0x0c03e000         0x00000400         xr
*default*        0x00000000         0xffffffff

Linker script and memory map

LOAD C:/ST/STM32CubeIDE_1.10.1/STM32CubeIDE/plugins/com.st.stm32cube.ide.mcu.externaltools.gnu-tools-for-stm32.12.3.rel1.win32_1.0.100.202403111256/tools/bin/../lib/gcc/arm-none-eabi/12.3.1/thumb/v8-m.main+fp/hard/crti.o
LOAD C:/ST/STM32CubeIDE_1.10.1/STM32CubeIDE/plugins/com.st.stm32cube.ide.mcu.externaltools.gnu-tools-for-stm32.12.3.rel1.win32_1.0.100.202403111256/tools/bin/../lib/gcc/arm-none-eabi/12.3.1/thumb/v8-m.main+fp/hard/crtbegin.o
LOAD C:/ST/STM32CubeIDE_1.10.1/STM32CubeIDE/plugins/com.st.stm32cube.ide.mcu.externaltools.gnu-tools-for-stm32.12.3.rel1.win32_1.0.100.202403111256/tools/bin/../lib/gcc/arm-none-eabi/12.3.1/../../../../arm-none-eabi/lib/thumb/v8-m.main+fp/hard/crt0.o
LOAD ./Core/Src/Crypto/ed25519/c25519.o
LOAD ./Core/Src/Crypto/ed25519/ed25519.o
LOAD ./Core/Src/Crypto/ed25519/edsign.o
LOAD ./Core/Src/Crypto/ed25519/f25519.o
LOAD ./Core/Src/Crypto/ed25519/fprime.o
LOAD ./Core/Src/Crypto/ed25519/morph25519.o
LOAD ./Core/Src/Crypto/ed25519/sha512.o
LOAD ./Core/Src/Crypto/hmac-sha256/hmac-sha256.o
LOAD ./Core/Src/Crypto/sphincs/endian.o
LOAD ./Core/Src/Crypto/sphincs/fips202.o
LOAD ./Core/Src/Crypto/sphincs/get_space.o
LOAD ./Core/Src/Crypto/sphincs/get_space2.o
LOAD ./Core/Src/Crypto/sphincs/key_gen.o
LOAD ./Core/Src/Crypto/sphincs/sha256.o
LOAD ./Core/Src/Crypto/sphincs/sha256_L1_hash.o
LOAD ./Core/Src/Crypto/sphincs/sha256_L1_hash_simple.o
LOAD ./Core/Src/Crypto/sphincs/sha256_hash.o
LOAD ./Core/Src/Crypto/sphincs/sha2_128f_simple.o
LOAD ./Core/Src/Crypto/sphincs/sha2_128s_simple.o
LOAD ./Core/Src/Crypto/sphincs/sha2_192f_simple.o
LOAD ./Core/Src/Crypto/sphincs/sha2_192s_simple.o
LOAD ./Core/Src/Crypto/sphincs/sha2_256f_simple.o
LOAD ./Core/Src/Crypto/sphincs/sha2_256s_simple.o
LOAD ./Core/Src/Crypto/sphincs/sha2_simple.o
LOAD ./Core/Src/Crypto/sphincs/sha512.o
LOAD ./Core/Src/Crypto/sphincs/sha512_L35_hash_simple.o
LOAD ./Core/Src/Crypto/sphincs/sha512_hash.o
LOAD ./Core/Src/Crypto/sphincs/shake256_128f_simple.o
LOAD ./Core/Src/Crypto/sphincs/shake256_128s_simple.o
LOAD ./Core/Src/Crypto/sphincs/shake256_192f_simple.o
LOAD ./Core/Src/Crypto/sphincs/shake256_192s_simple.o
LOAD ./Core/Src/Crypto/sphincs/shake256_256f_simple.o
LOAD ./Core/Src/Crypto/sphincs/shake256_256s_simple.o
LOAD ./Core/Src/Crypto/sphincs/shake256_hash.o
LOAD ./Core/Src/Crypto/sphincs/shake256_simple.o
LOAD ./Core/Src/Crypto/sphincs/size.o
LOAD ./Core/Src/Crypto/sphincs/stack.o
LOAD ./Core/Src/Crypto/sphincs/tiny_sphincs.o
LOAD ./Core/Src/Crypto/sphincs/verify.o
LOAD ./Core/Src/Hacl_HMAC_SHA2_256.o
LOAD ./Core/Src/Hacl_SHA2_256.o
LOAD ./Core/Src/auc.o
LOAD ./Core/Src/cfa_engine.o
LOAD ./Core/Src/gpio.o
LOAD ./Core/Src/gtzc.o
LOAD ./Core/Src/hash.o
LOAD ./Core/Src/kremlib.o
LOAD ./Core/Src/main.o
LOAD ./Core/Src/secure_nsc.o
LOAD ./Core/Src/serial_messages.o
LOAD ./Core/Src/stm32l5xx_hal_msp.o
LOAD ./Core/Src/stm32l5xx_it.o
LOAD ./Core/Src/syscalls.o
LOAD ./Core/Src/sysmem.o
LOAD ./Core/Src/system_stm32l5xx_s.o
LOAD ./Core/Src/tim.o
LOAD ./Core/Src/uECC.o
LOAD ./Core/Src/usart.o
LOAD ./Core/Startup/startup_stm32l552zetxq.o
LOAD ./Drivers/STM32L5xx_HAL_Driver/stm32l5xx_hal.o
LOAD ./Drivers/STM32L5xx_HAL_Driver/stm32l5xx_hal_cortex.o
LOAD ./Drivers/STM32L5xx_HAL_Driver/stm32l5xx_hal_dma.o
LOAD ./Drivers/STM32L5xx_HAL_Driver/stm32l5xx_hal_dma_ex.o
LOAD ./Drivers/STM32L5xx_HAL_Driver/stm32l5xx_hal_exti.o
LOAD ./Drivers/STM32L5xx_HAL_Driver/stm32l5xx_hal_flash.o
LOAD ./Drivers/STM32L5xx_HAL_Driver/stm32l5xx_hal_flash_ex.o
LOAD ./Drivers/STM32L5xx_HAL_Driver/stm32l5xx_hal_flash_ramfunc.o
LOAD ./Drivers/STM32L5xx_HAL_Driver/stm32l5xx_hal_gpio.o
LOAD ./Drivers/STM32L5xx_HAL_Driver/stm32l5xx_hal_gtzc.o
LOAD ./Drivers/STM32L5xx_HAL_Driver/stm32l5xx_hal_hash.o
LOAD ./Drivers/STM32L5xx_HAL_Driver/stm32l5xx_hal_hash_ex.o
LOAD ./Drivers/STM32L5xx_HAL_Driver/stm32l5xx_hal_i2c.o
LOAD ./Drivers/STM32L5xx_HAL_Driver/stm32l5xx_hal_i2c_ex.o
LOAD ./Drivers/STM32L5xx_HAL_Driver/stm32l5xx_hal_icache.o
LOAD ./Drivers/STM32L5xx_HAL_Driver/stm32l5xx_hal_pwr.o
LOAD ./Drivers/STM32L5xx_HAL_Driver/stm32l5xx_hal_pwr_ex.o
LOAD ./Drivers/STM32L5xx_HAL_Driver/stm32l5xx_hal_rcc.o
LOAD ./Drivers/STM32L5xx_HAL_Driver/stm32l5xx_hal_rcc_ex.o
LOAD ./Drivers/STM32L5xx_HAL_Driver/stm32l5xx_hal_tim.o
LOAD ./Drivers/STM32L5xx_HAL_Driver/stm32l5xx_hal_tim_ex.o
LOAD ./Drivers/STM32L5xx_HAL_Driver/stm32l5xx_hal_uart.o
LOAD ./Drivers/STM32L5xx_HAL_Driver/stm32l5xx_hal_uart_ex.o
START GROUP
LOAD C:/ST/STM32CubeIDE_1.10.1/STM32CubeIDE/plugins/com.st.stm32cube.ide.mcu.externaltools.gnu-tools-for-stm32.12.3.rel1.win32_1.0.100.202403111256/tools/bin/../lib/gcc/arm-none-eabi/12.3.1/../../../../arm-none-eabi/lib/thumb/v8-m.main+fp/hard\libc_nano.a
LOAD C:/ST/STM32CubeIDE_1.10.1/STM32CubeIDE/plugins/com.st.stm32cube.ide.mcu.externaltools.gnu-tools-for-stm32.12.3.rel1.win32_1.0.100.202403111256/tools/bin/../lib/gcc/arm-none-eabi/12.3.1/../../../../arm-none-eabi/lib/thumb/v8-m.main+fp/hard\libm.a
END GROUP
START GROUP
LOAD C:/ST/STM32CubeIDE_1.10.1/STM32CubeIDE/plugins/com.st.stm32cube.ide.mcu.externaltools.gnu-tools-for-stm32.12.3.rel1.win32_1.0.100.202403111256/tools/bin/../lib/gcc/arm-none-eabi/12.3.1/thumb/v8-m.main+fp/hard\libgcc.a
LOAD C:/ST/STM32CubeIDE_1.10.1/STM32CubeIDE/plugins/com.st.stm32cube.ide.mcu.externaltools.gnu-tools-for-stm32.12.3.rel1.win32_1.0.100.202403111256/tools/bin/../lib/gcc/arm-none-eabi/12.3.1/../../../../arm-none-eabi/lib/thumb/v8-m.main+fp/hard\libc_nano.a
END GROUP
START GROUP
LOAD C:/ST/STM32CubeIDE_1.10.1/STM32CubeIDE/plugins/com.st.stm32cube.ide.mcu.externaltools.gnu-tools-for-stm32.12.3.rel1.win32_1.0.100.202403111256/tools/bin/../lib/gcc/arm-none-eabi/12.3.1/thumb/v8-m.main+fp/hard\libgcc.a
LOAD C:/ST/STM32CubeIDE_1.10.1/STM32CubeIDE/plugins/com.st.stm32cube.ide.mcu.externaltools.gnu-tools-for-stm32.12.3.rel1.win32_1.0.100.202403111256/tools/bin/../lib/gcc/arm-none-eabi/12.3.1/../../../../arm-none-eabi/lib/thumb/v8-m.main+fp/hard\libc_nano.a
LOAD C:/ST/STM32CubeIDE_1.10.1/STM32CubeIDE/plugins/com.st.stm32cube.ide.mcu.externaltools.gnu-tools-for-stm32.12.3.rel1.win32_1.0.100.202403111256/tools/bin/../lib/gcc/arm-none-eabi/12.3.1/../../../../arm-none-eabi/lib/thumb/v8-m.main+fp/hard\libnosys.a
END GROUP
START GROUP
LOAD C:/ST/STM32CubeIDE_1.10.1/STM32CubeIDE/plugins/com.st.stm32cube.ide.mcu.externaltools.gnu-tools-for-stm32.12.3.rel1.win32_1.0.100.202403111256/tools/bin/../lib/gcc/arm-none-eabi/12.3.1/thumb/v8-m.main+fp/hard\libgcc.a
LOAD C:/ST/STM32CubeIDE_1.10.1/STM32CubeIDE/plugins/com.st.stm32cube.ide.mcu.externaltools.gnu-tools-for-stm32.12.3.rel1.win32_1.0.100.202403111256/tools/bin/../lib/gcc/arm-none-eabi/12.3.1/../../../../arm-none-eabi/lib/thumb/v8-m.main+fp/hard\libc_nano.a
LOAD C:/ST/STM32CubeIDE_1.10.1/STM32CubeIDE/plugins/com.st.stm32cube.ide.mcu.externaltools.gnu-tools-for-stm32.12.3.rel1.win32_1.0.100.202403111256/tools/bin/../lib/gcc/arm-none-eabi/12.3.1/../../../../arm-none-eabi/lib/thumb/v8-m.main+fp/hard\libnosys.a
END GROUP
LOAD C:/ST/STM32CubeIDE_1.10.1/STM32CubeIDE/plugins/com.st.stm32cube.ide.mcu.externaltools.gnu-tools-for-stm32.12.3.rel1.win32_1.0.100.202403111256/tools/bin/../lib/gcc/arm-none-eabi/12.3.1/thumb/v8-m.main+fp/hard/crtend.o
LOAD C:/ST/STM32CubeIDE_1.10.1/STM32CubeIDE/plugins/com.st.stm32cube.ide.mcu.externaltools.gnu-tools-for-stm32.12.3.rel1.win32_1.0.100.202403111256/tools/bin/../lib/gcc/arm-none-eabi/12.3.1/thumb/v8-m.main+fp/hard/crtn.o
                0x30010000                        _estack = (ORIGIN (RAM) + LENGTH (RAM))
                0x00000200                        _Min_Heap_Size = 0x200
                0x00000400                        _Min_Stack_Size = 0x400

.isr_vector     0x0c000000      0x1f4
                0x0c000000                        . = ALIGN (0x4)
 *(.isr_vector)
 .isr_vector    0x0c000000      0x1f4 ./Core/Startup/startup_stm32l552zetxq.o
                0x0c000000                g_pfnVectors
                0x0c0001f4                        . = ALIGN (0x4)

.text           0x0c0001f8     0x465c
                0x0c0001f8                        . = ALIGN (0x4)
 *(.text)
 .text          0x0c0001f8       0x40 C:/ST/STM32CubeIDE_1.10.1/STM32CubeIDE/plugins/com.st.stm32cube.ide.mcu.externaltools.gnu-tools-for-stm32.12.3.rel1.win32_1.0.100.202403111256/tools/bin/../lib/gcc/arm-none-eabi/12.3.1/thumb/v8-m.main+fp/hard/crtbegin.o
 .text          0x0c000238       0x5c C:/ST/STM32CubeIDE_1.10.1/STM32CubeIDE/plugins/com.st.stm32cube.ide.mcu.externaltools.gnu-tools-for-stm32.12.3.rel1.win32_1.0.100.202403111256/tools/bin/../lib/gcc/arm-none-eabi/12.3.1/thumb/v8-m.main+fp/hard\libgcc.a(cmse_nonsecure_call.o)
                0x0c000238                __gnu_cmse_nonsecure_call
 .text          0x0c000294       0x30 C:/ST/STM32CubeIDE_1.10.1/STM32CubeIDE/plugins/com.st.stm32cube.ide.mcu.externaltools.gnu-tools-for-stm32.12.3.rel1.win32_1.0.100.202403111256/tools/bin/../lib/gcc/arm-none-eabi/12.3.1/thumb/v8-m.main+fp/hard\libgcc.a(_aeabi_uldivmod.o)
                0x0c000294                __aeabi_uldivmod
 .text          0x0c0002c4      0x2e4 C:/ST/STM32CubeIDE_1.10.1/STM32CubeIDE/plugins/com.st.stm32cube.ide.mcu.externaltools.gnu-tools-for-stm32.12.3.rel1.win32_1.0.100.202403111256/tools/bin/../lib/gcc/arm-none-eabi/12.3.1/thumb/v8-m.main+fp/hard\libgcc.a(_udivmoddi4.o)
                0x0c0002c4                __udivmoddi4
 .text          0x0c0005a8        0x4 C:/ST/STM32CubeIDE_1.10.1/STM32CubeIDE/plugins/com.st.stm32cube.ide.mcu.externaltools.gnu-tools-for-stm32.12.3.rel1.win32_1.0.100.202403111256/tools/bin/../lib/gcc/arm-none-eabi/12.3.1/thumb/v8-m.main+fp/hard\libgcc.a(_dvmd_tls.o)
                0x0c0005a8                __aeabi_idiv0
                0x0c0005a8                __aeabi_ldiv0
 *(.text*)
 .text.sha256_initialize
                0x0c0005ac       0x5c ./Core/Src/Crypto/hmac-sha256/hmac-sha256.o
                0x0c0005ac                sha256_initialize
 .text.sha256_update
                0x0c000608      0x3c4 ./Core/Src/Crypto/hmac-sha256/hmac-sha256.o
                0x0c000608                sha256_update
 .text.sha256_finalize
                0x0c0009cc       0x88 ./Core/Src/Crypto/hmac-sha256/hmac-sha256.o
                0x0c0009cc                sha256_finalize
 .text.hmac_sha256_initialize
                0x0c000a54      0x294 ./Core/Src/Crypto/hmac-sha256/hmac-sha256.o
                0x0c000a54                hmac_sha256_initialize
 .text.hmac_sha256_finalize
                0x0c000ce8      0x158 ./Core/Src/Crypto/hmac-sha256/hmac-sha256.o
                0x0c000ce8                hmac_sha256_finalize
 .text.MX_GPIO_Init
                0x0c000e40       0x20 ./Core/Src/gpio.o
                0x0c000e40                MX_GPIO_Init
 .text.MX_GTZC_S_Init
                0x0c000e60      0x12c ./Core/Src/gtzc.o
                0x0c000e60                MX_GTZC_S_Init
 .text.SystemClock_Config
                0x0c000f8c       0x74 ./Core/Src/main.o
                0x0c000f8c                SystemClock_Config
 .text.startup.main
                0x0c001000       0xd4 ./Core/Src/main.o
                0x0c001000                main
 .text.Error_Handler
                0x0c0010d4        0x4 ./Core/Src/main.o
                0x0c0010d4                Error_Handler
 .text.SECURE_RegisterCallback
                0x0c0010d8       0x84 ./Core/Src/secure_nsc.o
                0x0c0010d8                __acle_se_SECURE_RegisterCallback
 .text.SECURE_send
                0x0c00115c       0x84 ./Core/Src/secure_nsc.o
                0x0c00115c                __acle_se_SECURE_send
 .text.SECURE_recv
                0x0c0011e0       0x84 ./Core/Src/secure_nsc.o
                0x0c0011e0                __acle_se_SECURE_recv
 .text.SECURE_setState
                0x0c001264       0xb4 ./Core/Src/secure_nsc.o
                0x0c001264                __acle_se_SECURE_setState
 .text.SECURE_checkState
                0x0c001318       0xb0 ./Core/Src/secure_nsc.o
                0x0c001318                __acle_se_SECURE_checkState
 .text.verify_req
                0x0c0013c8       0x94 ./Core/Src/secure_nsc.o
                0x0c0013c8                verify_req
 .text.SECURE_energy_read
                0x0c00145c       0xac ./Core/Src/secure_nsc.o
                0x0c00145c                __acle_se_SECURE_energy_read
 .text.SECURE_pox
                0x0c001508      0x204 ./Core/Src/secure_nsc.o
                0x0c001508                __acle_se_SECURE_pox
 .text.HAL_MspInit
                0x0c00170c       0xbc ./Core/Src/stm32l5xx_hal_msp.o
                0x0c00170c                HAL_MspInit
 .text.NMI_Handler
                0x0c0017c8        0x4 ./Core/Src/stm32l5xx_it.o
                0x0c0017c8                NMI_Handler
 .text.HardFault_Handler
                0x0c0017cc        0x4 ./Core/Src/stm32l5xx_it.o
                0x0c0017cc                HardFault_Handler
 .text.MemManage_Handler
                0x0c0017d0        0x4 ./Core/Src/stm32l5xx_it.o
                0x0c0017d0                MemManage_Handler
 .text.BusFault_Handler
                0x0c0017d4        0x4 ./Core/Src/stm32l5xx_it.o
                0x0c0017d4                BusFault_Handler
 .text.UsageFault_Handler
                0x0c0017d8        0x4 ./Core/Src/stm32l5xx_it.o
                0x0c0017d8                UsageFault_Handler
 .text.SecureFault_Handler
                0x0c0017dc        0x4 ./Core/Src/stm32l5xx_it.o
                0x0c0017dc                SecureFault_Handler
 .text.SVC_Handler
                0x0c0017e0        0x4 ./Core/Src/stm32l5xx_it.o
                0x0c0017e0                SVC_Handler
 .text.DebugMon_Handler
                0x0c0017e4        0x4 ./Core/Src/stm32l5xx_it.o
                0x0c0017e4                DebugMon_Handler
 .text.PendSV_Handler
                0x0c0017e8        0x4 ./Core/Src/stm32l5xx_it.o
                0x0c0017e8                PendSV_Handler
 .text.SysTick_Handler
                0x0c0017ec        0x4 ./Core/Src/stm32l5xx_it.o
                0x0c0017ec                SysTick_Handler
 .text.GTZC_IRQHandler
                0x0c0017f0        0x4 ./Core/Src/stm32l5xx_it.o
                0x0c0017f0                GTZC_IRQHandler
 .text.TIM3_IRQHandler
                0x0c0017f4        0xc ./Core/Src/stm32l5xx_it.o
                0x0c0017f4                TIM3_IRQHandler
 .text.TIM4_IRQHandler
                0x0c001800        0xc ./Core/Src/stm32l5xx_it.o
                0x0c001800                TIM4_IRQHandler
 .text.SystemInit
                0x0c00180c      0x10c ./Core/Src/system_stm32l5xx_s.o
                0x0c00180c                SystemInit
 .text.SystemCoreClockUpdate
                0x0c001918       0xa4 ./Core/Src/system_stm32l5xx_s.o
                0x0c001918                SystemCoreClockUpdate
 .text.SECURE_SystemCoreClockUpdate
                0x0c0019bc      0x108 ./Core/Src/system_stm32l5xx_s.o
                0x0c0019bc                __acle_se_SECURE_SystemCoreClockUpdate
 .text.MX_TIM3_Init
                0x0c001ac4       0x74 ./Core/Src/tim.o
                0x0c001ac4                MX_TIM3_Init
 .text.MX_TIM4_Init
                0x0c001b38       0x74 ./Core/Src/tim.o
                0x0c001b38                MX_TIM4_Init
 .text.HAL_TIM_Base_MspInit
                0x0c001bac       0x78 ./Core/Src/tim.o
                0x0c001bac                HAL_TIM_Base_MspInit
 *fill*         0x0c001c24        0x4 
 .text.MX_USART2_UART_Init
                0x0c001c28       0x98 ./Core/Src/usart.o
                0x0c001c28                MX_USART2_UART_Init
 .text.MX_LPUART1_UART_Init
                0x0c001cc0       0x98 ./Core/Src/usart.o
                0x0c001cc0                MX_LPUART1_UART_Init
 .text.HAL_UART_MspInit
                0x0c001d58      0x114 ./Core/Src/usart.o
                0x0c001d58                HAL_UART_MspInit
 .text.Reset_Handler
                0x0c001e6c       0x50 ./Core/Startup/startup_stm32l552zetxq.o
                0x0c001e6c                Reset_Handler
 .text.Default_Handler
                0x0c001ebc        0x2 ./Core/Startup/startup_stm32l552zetxq.o
                0x0c001ebc                EXTI2_IRQHandler
                0x0c001ebc                TIM8_TRG_COM_IRQHandler
                0x0c001ebc                TIM8_CC_IRQHandler
                0x0c001ebc                EXTI5_IRQHandler
                0x0c001ebc                FLASH_S_IRQHandler
                0x0c001ebc                EXTI13_IRQHandler
                0x0c001ebc                TIM1_CC_IRQHandler
                0x0c001ebc                TSC_IRQHandler
                0x0c001ebc                TAMP_IRQHandler
                0x0c001ebc                TIM6_IRQHandler
                0x0c001ebc                EXTI12_IRQHandler
                0x0c001ebc                DMA2_Channel8_IRQHandler
                0x0c001ebc                EXTI3_IRQHandler
                0x0c001ebc                EXTI8_IRQHandler
                0x0c001ebc                LPTIM2_IRQHandler
                0x0c001ebc                DFSDM1_FLT1_IRQHandler
                0x0c001ebc                USB_FS_IRQHandler
                0x0c001ebc                I2C3_ER_IRQHandler
                0x0c001ebc                DFSDM1_FLT2_IRQHandler
                0x0c001ebc                DMAMUX1_IRQHandler
                0x0c001ebc                LPTIM3_IRQHandler
                0x0c001ebc                EXTI0_IRQHandler
                0x0c001ebc                I2C2_EV_IRQHandler
                0x0c001ebc                FPU_IRQHandler
                0x0c001ebc                FDCAN1_IT1_IRQHandler
                0x0c001ebc                ADC1_2_IRQHandler
                0x0c001ebc                SPI1_IRQHandler
                0x0c001ebc                OCTOSPI1_IRQHandler
                0x0c001ebc                TIM8_UP_IRQHandler
                0x0c001ebc                RCC_S_IRQHandler
                0x0c001ebc                DMA2_Channel2_IRQHandler
                0x0c001ebc                DMA1_Channel4_IRQHandler
                0x0c001ebc                SAI2_IRQHandler
                0x0c001ebc                DFSDM1_FLT3_IRQHandler
                0x0c001ebc                EXTI15_IRQHandler
                0x0c001ebc                TIM17_IRQHandler
                0x0c001ebc                USART3_IRQHandler
                0x0c001ebc                RTC_IRQHandler
                0x0c001ebc                EXTI9_IRQHandler
                0x0c001ebc                DMA1_Channel7_IRQHandler
                0x0c001ebc                UART5_IRQHandler
                0x0c001ebc                DMA2_Channel1_IRQHandler
                0x0c001ebc                I2C1_EV_IRQHandler
                0x0c001ebc                DMA1_Channel6_IRQHandler
                0x0c001ebc                TIM16_IRQHandler
                0x0c001ebc                UART4_IRQHandler
                0x0c001ebc                DMA2_Channel4_IRQHandler
                0x0c001ebc                RCC_IRQHandler
                0x0c001ebc                TIM1_TRG_COM_IRQHandler
                0x0c001ebc                DMA1_Channel1_IRQHandler
                0x0c001ebc                Default_Handler
                0x0c001ebc                DMA2_Channel7_IRQHandler
                0x0c001ebc                DMA1_Channel8_IRQHandler
                0x0c001ebc                TIM7_IRQHandler
                0x0c001ebc                SDMMC1_IRQHandler
                0x0c001ebc                TIM5_IRQHandler
                0x0c001ebc                UCPD1_IRQHandler
                0x0c001ebc                TIM15_IRQHandler
                0x0c001ebc                I2C3_EV_IRQHandler
                0x0c001ebc                PVD_PVM_IRQHandler
                0x0c001ebc                SPI2_IRQHandler
                0x0c001ebc                EXTI14_IRQHandler
                0x0c001ebc                EXTI11_IRQHandler
                0x0c001ebc                DMA2_Channel5_IRQHandler
                0x0c001ebc                CRS_IRQHandler
                0x0c001ebc                DMA1_Channel5_IRQHandler
                0x0c001ebc                EXTI4_IRQHandler
                0x0c001ebc                RTC_S_IRQHandler
                0x0c001ebc                RNG_IRQHandler
                0x0c001ebc                DMAMUX1_S_IRQHandler
                0x0c001ebc                DMA1_Channel3_IRQHandler
                0x0c001ebc                COMP_IRQHandler
                0x0c001ebc                TIM1_UP_IRQHandler
                0x0c001ebc                WWDG_IRQHandler
                0x0c001ebc                I2C4_EV_IRQHandler
                0x0c001ebc                LPUART1_IRQHandler
                0x0c001ebc                DMA2_Channel6_IRQHandler
                0x0c001ebc                FDCAN1_IT0_IRQHandler
                0x0c001ebc                TIM2_IRQHandler
                0x0c001ebc                TAMP_S_IRQHandler
                0x0c001ebc                EXTI7_IRQHandler
                0x0c001ebc                TIM1_BRK_IRQHandler
                0x0c001ebc                DAC_IRQHandler
                0x0c001ebc                EXTI1_IRQHandler
                0x0c001ebc                USART2_IRQHandler
                0x0c001ebc                DFSDM1_FLT0_IRQHandler
                0x0c001ebc                I2C2_ER_IRQHandler
                0x0c001ebc                DMA1_Channel2_IRQHandler
                0x0c001ebc                TIM8_BRK_IRQHandler
                0x0c001ebc                FLASH_IRQHandler
                0x0c001ebc                USART1_IRQHandler
                0x0c001ebc                EXTI10_IRQHandler
                0x0c001ebc                SPI3_IRQHandler
                0x0c001ebc                I2C1_ER_IRQHandler
                0x0c001ebc                FMC_IRQHandler
                0x0c001ebc                EXTI6_IRQHandler
                0x0c001ebc                LPTIM1_IRQHandler
                0x0c001ebc                I2C4_ER_IRQHandler
                0x0c001ebc                ICACHE_IRQHandler
                0x0c001ebc                SAI1_IRQHandler
                0x0c001ebc                HASH_IRQHandler
                0x0c001ebc                DMA2_Channel3_IRQHandler
 *fill*         0x0c001ebe        0x2 
 .text.HAL_InitTick
                0x0c001ec0       0x4c ./Drivers/STM32L5xx_HAL_Driver/stm32l5xx_hal.o
                0x0c001ec0                HAL_InitTick
 .text.HAL_Init
                0x0c001f0c       0x24 ./Drivers/STM32L5xx_HAL_Driver/stm32l5xx_hal.o
                0x0c001f0c                HAL_Init
 .text.HAL_IncTick
                0x0c001f30       0x18 ./Drivers/STM32L5xx_HAL_Driver/stm32l5xx_hal.o
                0x0c001f30                HAL_IncTick
 .text.HAL_GetTick
                0x0c001f48        0xc ./Drivers/STM32L5xx_HAL_Driver/stm32l5xx_hal.o
                0x0c001f48                HAL_GetTick
 .text.HAL_NVIC_SetPriorityGrouping
                0x0c001f54       0x24 ./Drivers/STM32L5xx_HAL_Driver/stm32l5xx_hal_cortex.o
                0x0c001f54                HAL_NVIC_SetPriorityGrouping
 .text.HAL_NVIC_SetPriority
                0x0c001f78       0x78 ./Drivers/STM32L5xx_HAL_Driver/stm32l5xx_hal_cortex.o
                0x0c001f78                HAL_NVIC_SetPriority
 .text.HAL_NVIC_EnableIRQ
                0x0c001ff0       0x1c ./Drivers/STM32L5xx_HAL_Driver/stm32l5xx_hal_cortex.o
                0x0c001ff0                HAL_NVIC_EnableIRQ
 .text.HAL_SYSTICK_Config
                0x0c00200c       0x34 ./Drivers/STM32L5xx_HAL_Driver/stm32l5xx_hal_cortex.o
                0x0c00200c                HAL_SYSTICK_Config
 .text.HAL_GPIO_Init
                0x0c002040      0x220 ./Drivers/STM32L5xx_HAL_Driver/stm32l5xx_hal_gpio.o
                0x0c002040                HAL_GPIO_Init
 .text.HAL_GTZC_TZSC_ConfigPeriphAttributes
                0x0c002260       0xf8 ./Drivers/STM32L5xx_HAL_Driver/stm32l5xx_hal_gtzc.o
                0x0c002260                HAL_GTZC_TZSC_ConfigPeriphAttributes
 .text.HAL_GTZC_MPCBB_ConfigMem
                0x0c002358       0xd4 ./Drivers/STM32L5xx_HAL_Driver/stm32l5xx_hal_gtzc.o
                0x0c002358                HAL_GTZC_MPCBB_ConfigMem
 .text.HAL_GTZC_TZIC_EnableIT
                0x0c00242c       0x4c ./Drivers/STM32L5xx_HAL_Driver/stm32l5xx_hal_gtzc.o
                0x0c00242c                HAL_GTZC_TZIC_EnableIT
 .text.HAL_GTZC_TZIC_Callback
                0x0c002478        0x4 ./Drivers/STM32L5xx_HAL_Driver/stm32l5xx_hal_gtzc.o
                0x0c002478                HAL_GTZC_TZIC_Callback
 .text.HAL_GTZC_IRQHandler
                0x0c00247c       0x90 ./Drivers/STM32L5xx_HAL_Driver/stm32l5xx_hal_gtzc.o
                0x0c00247c                HAL_GTZC_IRQHandler
 .text.HAL_PWR_ConfigAttributes
                0x0c00250c       0x58 ./Drivers/STM32L5xx_HAL_Driver/stm32l5xx_hal_pwr.o
                0x0c00250c                HAL_PWR_ConfigAttributes
 .text.HAL_PWREx_GetVoltageRange
                0x0c002564       0x10 ./Drivers/STM32L5xx_HAL_Driver/stm32l5xx_hal_pwr_ex.o
                0x0c002564                HAL_PWREx_GetVoltageRange
 .text.HAL_PWREx_ControlVoltageScaling
                0x0c002574       0x80 ./Drivers/STM32L5xx_HAL_Driver/stm32l5xx_hal_pwr_ex.o
                0x0c002574                HAL_PWREx_ControlVoltageScaling
 .text.HAL_PWREx_EnableVddIO2
                0x0c0025f4       0x10 ./Drivers/STM32L5xx_HAL_Driver/stm32l5xx_hal_pwr_ex.o
                0x0c0025f4                HAL_PWREx_EnableVddIO2
 .text.HAL_PWREx_DisableUCPDDeadBattery
                0x0c002604       0x10 ./Drivers/STM32L5xx_HAL_Driver/stm32l5xx_hal_pwr_ex.o
                0x0c002604                HAL_PWREx_DisableUCPDDeadBattery
 .text.RCC_SetFlashLatencyFromMSIRange
                0x0c002614       0x84 ./Drivers/STM32L5xx_HAL_Driver/stm32l5xx_hal_rcc.o
 .text.HAL_RCC_GetSysClockFreq
                0x0c002698       0xb0 ./Drivers/STM32L5xx_HAL_Driver/stm32l5xx_hal_rcc.o
                0x0c002698                HAL_RCC_GetSysClockFreq
 .text.HAL_RCC_OscConfig
                0x0c002748      0x78c ./Drivers/STM32L5xx_HAL_Driver/stm32l5xx_hal_rcc.o
                0x0c002748                HAL_RCC_OscConfig
 .text.HAL_RCC_ClockConfig
                0x0c002ed4      0x250 ./Drivers/STM32L5xx_HAL_Driver/stm32l5xx_hal_rcc.o
                0x0c002ed4                HAL_RCC_ClockConfig
 .text.HAL_RCC_GetPCLK1Freq
                0x0c003124       0xd8 ./Drivers/STM32L5xx_HAL_Driver/stm32l5xx_hal_rcc.o
                0x0c003124                HAL_RCC_GetPCLK1Freq
 .text.HAL_RCC_GetPCLK2Freq
                0x0c0031fc       0xd8 ./Drivers/STM32L5xx_HAL_Driver/stm32l5xx_hal_rcc.o
                0x0c0031fc                HAL_RCC_GetPCLK2Freq
 .text.RCCEx_PLLSAI1_Config
                0x0c0032d4      0x10c ./Drivers/STM32L5xx_HAL_Driver/stm32l5xx_hal_rcc_ex.o
 .text.RCCEx_PLLSAI2_Config.constprop.0
                0x0c0033e0       0xc0 ./Drivers/STM32L5xx_HAL_Driver/stm32l5xx_hal_rcc_ex.o
 .text.HAL_RCCEx_PeriphCLKConfig
                0x0c0034a0      0x510 ./Drivers/STM32L5xx_HAL_Driver/stm32l5xx_hal_rcc_ex.o
                0x0c0034a0                HAL_RCCEx_PeriphCLKConfig
 .text.HAL_TIM_Base_Init
                0x0c0039b0      0x11c ./Drivers/STM32L5xx_HAL_Driver/stm32l5xx_hal_tim.o
                0x0c0039b0                HAL_TIM_Base_Init
 .text.HAL_TIM_ConfigClockSource
                0x0c003acc      0x15c ./Drivers/STM32L5xx_HAL_Driver/stm32l5xx_hal_tim.o
                0x0c003acc                HAL_TIM_ConfigClockSource
 .text.HAL_TIM_PeriodElapsedCallback
                0x0c003c28        0x4 ./Drivers/STM32L5xx_HAL_Driver/stm32l5xx_hal_tim.o
                0x0c003c28                HAL_TIM_PeriodElapsedCallback
 .text.HAL_TIM_OC_DelayElapsedCallback
                0x0c003c2c        0x4 ./Drivers/STM32L5xx_HAL_Driver/stm32l5xx_hal_tim.o
                0x0c003c2c                HAL_TIM_OC_DelayElapsedCallback
 .text.HAL_TIM_IC_CaptureCallback
                0x0c003c30        0x4 ./Drivers/STM32L5xx_HAL_Driver/stm32l5xx_hal_tim.o
                0x0c003c30                HAL_TIM_IC_CaptureCallback
 .text.HAL_TIM_PWM_PulseFinishedCallback
                0x0c003c34        0x4 ./Drivers/STM32L5xx_HAL_Driver/stm32l5xx_hal_tim.o
                0x0c003c34                HAL_TIM_PWM_PulseFinishedCallback
 .text.HAL_TIM_TriggerCallback
                0x0c003c38        0x4 ./Drivers/STM32L5xx_HAL_Driver/stm32l5xx_hal_tim.o
                0x0c003c38                HAL_TIM_TriggerCallback
 .text.HAL_TIM_IRQHandler
                0x0c003c3c      0x170 ./Drivers/STM32L5xx_HAL_Driver/stm32l5xx_hal_tim.o
                0x0c003c3c                HAL_TIM_IRQHandler
 .text.HAL_TIMEx_MasterConfigSynchronization
                0x0c003dac       0xa0 ./Drivers/STM32L5xx_HAL_Driver/stm32l5xx_hal_tim_ex.o
                0x0c003dac                HAL_TIMEx_MasterConfigSynchronization
 .text.HAL_TIMEx_CommutCallback
                0x0c003e4c        0x4 ./Drivers/STM32L5xx_HAL_Driver/stm32l5xx_hal_tim_ex.o
                0x0c003e4c                HAL_TIMEx_CommutCallback
 .text.HAL_TIMEx_BreakCallback
                0x0c003e50        0x4 ./Drivers/STM32L5xx_HAL_Driver/stm32l5xx_hal_tim_ex.o
                0x0c003e50                HAL_TIMEx_BreakCallback
 .text.HAL_TIMEx_Break2Callback
                0x0c003e54        0x4 ./Drivers/STM32L5xx_HAL_Driver/stm32l5xx_hal_tim_ex.o
                0x0c003e54                HAL_TIMEx_Break2Callback
 .text.HAL_UART_Receive
                0x0c003e58      0x170 ./Drivers/STM32L5xx_HAL_Driver/stm32l5xx_hal_uart.o
                0x0c003e58                HAL_UART_Receive
 .text.UART_SetConfig
                0x0c003fc8      0x2d0 ./Drivers/STM32L5xx_HAL_Driver/stm32l5xx_hal_uart.o
                0x0c003fc8                UART_SetConfig
 .text.UART_AdvFeatureConfig
                0x0c004298       0xb0 ./Drivers/STM32L5xx_HAL_Driver/stm32l5xx_hal_uart.o
                0x0c004298                UART_AdvFeatureConfig
 .text.UART_CheckIdleState
                0x0c004348       0xc0 ./Drivers/STM32L5xx_HAL_Driver/stm32l5xx_hal_uart.o
                0x0c004348                UART_CheckIdleState
 .text.HAL_UART_Init
                0x0c004408       0x68 ./Drivers/STM32L5xx_HAL_Driver/stm32l5xx_hal_uart.o
                0x0c004408                HAL_UART_Init
 .text.UART_WaitOnFlagUntilTimeout
                0x0c004470       0xac ./Drivers/STM32L5xx_HAL_Driver/stm32l5xx_hal_uart.o
                0x0c004470                UART_WaitOnFlagUntilTimeout
 .text.HAL_UART_Transmit
                0x0c00451c      0x148 ./Drivers/STM32L5xx_HAL_Driver/stm32l5xx_hal_uart.o
                0x0c00451c                HAL_UART_Transmit
 .text.HAL_UARTEx_DisableFifoMode
                0x0c004664       0x3c ./Drivers/STM32L5xx_HAL_Driver/stm32l5xx_hal_uart_ex.o
                0x0c004664                HAL_UARTEx_DisableFifoMode
 .text.HAL_UARTEx_SetTxFifoThreshold
                0x0c0046a0       0x84 ./Drivers/STM32L5xx_HAL_Driver/stm32l5xx_hal_uart_ex.o
                0x0c0046a0                HAL_UARTEx_SetTxFifoThreshold
 .text.HAL_UARTEx_SetRxFifoThreshold
                0x0c004724       0x84 ./Drivers/STM32L5xx_HAL_Driver/stm32l5xx_hal_uart_ex.o
                0x0c004724                HAL_UARTEx_SetRxFifoThreshold
 .text.memcmp   0x0c0047a8       0x20 C:/ST/STM32CubeIDE_1.10.1/STM32CubeIDE/plugins/com.st.stm32cube.ide.mcu.externaltools.gnu-tools-for-stm32.12.3.rel1.win32_1.0.100.202403111256/tools/bin/../lib/gcc/arm-none-eabi/12.3.1/../../../../arm-none-eabi/lib/thumb/v8-m.main+fp/hard\libc_nano.a(libc_a-memcmp.o)
                0x0c0047a8                memcmp
 .text.memset   0x0c0047c8       0x10 C:/ST/STM32CubeIDE_1.10.1/STM32CubeIDE/plugins/com.st.stm32cube.ide.mcu.externaltools.gnu-tools-for-stm32.12.3.rel1.win32_1.0.100.202403111256/tools/bin/../lib/gcc/arm-none-eabi/12.3.1/../../../../arm-none-eabi/lib/thumb/v8-m.main+fp/hard\libc_nano.a(libc_a-memset.o)
                0x0c0047c8                memset
 .text.__libc_init_array
                0x0c0047d8       0x48 C:/ST/STM32CubeIDE_1.10.1/STM32CubeIDE/plugins/com.st.stm32cube.ide.mcu.externaltools.gnu-tools-for-stm32.12.3.rel1.win32_1.0.100.202403111256/tools/bin/../lib/gcc/arm-none-eabi/12.3.1/../../../../arm-none-eabi/lib/thumb/v8-m.main+fp/hard\libc_nano.a(libc_a-init.o)
                0x0c0047d8                __libc_init_array
 .text.memcpy   0x0c004820       0x1a C:/ST/STM32CubeIDE_1.10.1/STM32CubeIDE/plugins/com.st.stm32cube.ide.mcu.externaltools.gnu-tools-for-stm32.12.3.rel1.win32_1.0.100.202403111256/tools/bin/../lib/gcc/arm-none-eabi/12.3.1/../../../../arm-none-eabi/lib/thumb/v8-m.main+fp/hard\libc_nano.a(libc_a-memcpy-stub.o)
                0x0c004820                memcpy
 *(.glue_7)
 .glue_7        0x0c00483a        0x0 linker stubs
 *(.glue_7t)
 .glue_7t       0x0c00483a        0x0 linker stubs
 *(.eh_frame)
 *fill*         0x0c00483a        0x2 
 .eh_frame      0x0c00483c        0x0 C:/ST/STM32CubeIDE_1.10.1/STM32CubeIDE/plugins/com.st.stm32cube.ide.mcu.externaltools.gnu-tools-for-stm32.12.3.rel1.win32_1.0.100.202403111256/tools/bin/../lib/gcc/arm-none-eabi/12.3.1/thumb/v8-m.main+fp/hard/crtbegin.o
 *(.init)
 .init          0x0c00483c        0x4 C:/ST/STM32CubeIDE_1.10.1/STM32CubeIDE/plugins/com.st.stm32cube.ide.mcu.externaltools.gnu-tools-for-stm32.12.3.rel1.win32_1.0.100.202403111256/tools/bin/../lib/gcc/arm-none-eabi/12.3.1/thumb/v8-m.main+fp/hard/crti.o
                0x0c00483c                _init
 .init          0x0c004840        0x8 C:/ST/STM32CubeIDE_1.10.1/STM32CubeIDE/plugins/com.st.stm32cube.ide.mcu.externaltools.gnu-tools-for-stm32.12.3.rel1.win32_1.0.100.202403111256/tools/bin/../lib/gcc/arm-none-eabi/12.3.1/thumb/v8-m.main+fp/hard/crtn.o
 *(.fini)
 .fini          0x0c004848        0x4 C:/ST/STM32CubeIDE_1.10.1/STM32CubeIDE/plugins/com.st.stm32cube.ide.mcu.externaltools.gnu-tools-for-stm32.12.3.rel1.win32_1.0.100.202403111256/tools/bin/../lib/gcc/arm-none-eabi/12.3.1/thumb/v8-m.main+fp/hard/crti.o
                0x0c004848                _fini
 .fini          0x0c00484c        0x8 C:/ST/STM32CubeIDE_1.10.1/STM32CubeIDE/plugins/com.st.stm32cube.ide.mcu.externaltools.gnu-tools-for-stm32.12.3.rel1.win32_1.0.100.202403111256/tools/bin/../lib/gcc/arm-none-eabi/12.3.1/thumb/v8-m.main+fp/hard/crtn.o
                0x0c004854                        . = ALIGN (0x4)
                0x0c004854                        _etext = .

.vfp11_veneer   0x0c004854        0x0
 .vfp11_veneer  0x0c004854        0x0 linker stubs

.v4_bx          0x0c004854        0x0
 .v4_bx         0x0c004854        0x0 linker stubs

.iplt           0x0c004854        0x0
 .iplt          0x0c004854        0x0 C:/ST/STM32CubeIDE_1.10.1/STM32CubeIDE/plugins/com.st.stm32cube.ide.mcu.externaltools.gnu-tools-for-stm32.12.3.rel1.win32_1.0.100.202403111256/tools/bin/../lib/gcc/arm-none-eabi/12.3.1/thumb/v8-m.main+fp/hard/crtbegin.o

.rodata         0x0c004854      0x1dc
                0x0c004854                        . = ALIGN (0x4)
 *(.rodata)
 .rodata        0x0c004854      0x100 ./Core/Src/Crypto/hmac-sha256/hmac-sha256.o
 .rodata        0x0c004954       0x14 ./Core/Src/main.o
 *(.rodata*)
 .rodata.SECURE_energy_read.str1.4
                0x0c004968        0x6 ./Core/Src/secure_nsc.o
                                  0xa (size before relaxing)
 *fill*         0x0c00496e        0x2 
 .rodata.SECURE_pox.str1.4
                0x0c004970       0x3e ./Core/Src/secure_nsc.o
 *fill*         0x0c0049ae        0x2 
 .rodata.MSIRangeTable
                0x0c0049b0       0x40 ./Core/Src/system_stm32l5xx_s.o
                0x0c0049b0                MSIRangeTable
 .rodata.APBPrescTable
                0x0c0049f0        0x8 ./Core/Src/system_stm32l5xx_s.o
                0x0c0049f0                APBPrescTable
 .rodata.AHBPrescTable
                0x0c0049f8       0x10 ./Core/Src/system_stm32l5xx_s.o
                0x0c0049f8                AHBPrescTable
 .rodata.UARTPrescTable
                0x0c004a08       0x18 ./Drivers/STM32L5xx_HAL_Driver/stm32l5xx_hal_uart.o
                0x0c004a08                UARTPrescTable
 .rodata.denominator.0
                0x0c004a20        0x8 ./Drivers/STM32L5xx_HAL_Driver/stm32l5xx_hal_uart_ex.o
 .rodata.numerator.1
                0x0c004a28        0x8 ./Drivers/STM32L5xx_HAL_Driver/stm32l5xx_hal_uart_ex.o
                0x0c004a30                        . = ALIGN (0x4)

.ARM.extab      0x0c004a30        0x0
                0x0c004a30                        . = ALIGN (0x4)
 *(.ARM.extab* .gnu.linkonce.armextab.*)
                0x0c004a30                        . = ALIGN (0x4)

.ARM            0x0c004a30        0x8
                0x0c004a30                        . = ALIGN (0x4)
                0x0c004a30                        __exidx_start = .
 *(.ARM.exidx*)
 .ARM.exidx     0x0c004a30        0x8 C:/ST/STM32CubeIDE_1.10.1/STM32CubeIDE/plugins/com.st.stm32cube.ide.mcu.externaltools.gnu-tools-for-stm32.12.3.rel1.win32_1.0.100.202403111256/tools/bin/../lib/gcc/arm-none-eabi/12.3.1/thumb/v8-m.main+fp/hard\libgcc.a(_udivmoddi4.o)
                0x0c004a38                        __exidx_end = .
                0x0c004a38                        . = ALIGN (0x4)

.rel.dyn        0x0c004a38        0x0
 .rel.iplt      0x0c004a38        0x0 C:/ST/STM32CubeIDE_1.10.1/STM32CubeIDE/plugins/com.st.stm32cube.ide.mcu.externaltools.gnu-tools-for-stm32.12.3.rel1.win32_1.0.100.202403111256/tools/bin/../lib/gcc/arm-none-eabi/12.3.1/thumb/v8-m.main+fp/hard/crtbegin.o

.preinit_array  0x0c004a38        0x0
                0x0c004a38                        . = ALIGN (0x4)
                0x0c004a38                        PROVIDE (__preinit_array_start = .)
 *(.preinit_array*)
                0x0c004a38                        PROVIDE (__preinit_array_end = .)
                0x0c004a38                        . = ALIGN (0x4)

.init_array     0x0c004a38        0x4
                0x0c004a38                        . = ALIGN (0x4)
                0x0c004a38                        PROVIDE (__init_array_start = .)
 *(SORT_BY_NAME(.init_array.*))
 *(.init_array*)
 .init_array    0x0c004a38        0x4 C:/ST/STM32CubeIDE_1.10.1/STM32CubeIDE/plugins/com.st.stm32cube.ide.mcu.externaltools.gnu-tools-for-stm32.12.3.rel1.win32_1.0.100.202403111256/tools/bin/../lib/gcc/arm-none-eabi/12.3.1/thumb/v8-m.main+fp/hard/crtbegin.o
                0x0c004a3c                        PROVIDE (__init_array_end = .)
                0x0c004a3c                        . = ALIGN (0x4)

.fini_array     0x0c004a3c        0x4
                0x0c004a3c                        . = ALIGN (0x4)
                [!provide]                        PROVIDE (__fini_array_start = .)
 *(SORT_BY_NAME(.fini_array.*))
 *(.fini_array*)
 .fini_array    0x0c004a3c        0x4 C:/ST/STM32CubeIDE_1.10.1/STM32CubeIDE/plugins/com.st.stm32cube.ide.mcu.externaltools.gnu-tools-for-stm32.12.3.rel1.win32_1.0.100.202403111256/tools/bin/../lib/gcc/arm-none-eabi/12.3.1/thumb/v8-m.main+fp/hard/crtbegin.o
                [!provide]                        PROVIDE (__fini_array_end = .)
                0x0c004a40                        . = ALIGN (0x4)
                0x0c004a40                        _sidata = LOADADDR (.data)

.data           0x30000000       0x2c load address 0x0c004a40
                0x30000000                        . = ALIGN (0x4)
                0x30000000                        _sdata = .
 *(.data)
 *(.data*)
 .data.secure_state
                0x30000000       0x20 ./Core/Src/secure_nsc.o
                0x30000000                secure_state
 .data.SystemCoreClock
                0x30000020        0x4 ./Core/Src/system_stm32l5xx_s.o
                0x30000020                SystemCoreClock
 .data.uwTickFreq
                0x30000024        0x1 ./Drivers/STM32L5xx_HAL_Driver/stm32l5xx_hal.o
                0x30000024                uwTickFreq
 *fill*         0x30000025        0x3 
 .data.uwTickPrio
                0x30000028        0x4 ./Drivers/STM32L5xx_HAL_Driver/stm32l5xx_hal.o
                0x30000028                uwTickPrio
 *(.RamFunc)
 *(.RamFunc*)
                0x3000002c                        . = ALIGN (0x4)
                0x3000002c                        _edata = .

.igot.plt       0x3000002c        0x0 load address 0x0c004a6c
 .igot.plt      0x3000002c        0x0 C:/ST/STM32CubeIDE_1.10.1/STM32CubeIDE/plugins/com.st.stm32cube.ide.mcu.externaltools.gnu-tools-for-stm32.12.3.rel1.win32_1.0.100.202403111256/tools/bin/../lib/gcc/arm-none-eabi/12.3.1/thumb/v8-m.main+fp/hard/crtbegin.o

.gnu.sgstubs    0x0c03e000       0x40
                0x0c03e000                        . = ALIGN (0x4)
 *(.gnu.sgstubs*)
                0x0c03e000                        . = ALIGN (0x4)
 .gnu.sgstubs.__stub
                0x0c03e000       0x40 linker stubs
                0x0c03e000                SECURE_SystemCoreClockUpdate
                0x0c03e008                SECURE_recv
                0x0c03e010                SECURE_setState
                0x0c03e018                SECURE_energy_read
                0x0c03e020                SECURE_RegisterCallback
                0x0c03e028                SECURE_send
                0x0c03e030                SECURE_pox
                0x0c03e038                SECURE_checkState
                0x0c03e040                        . = ALIGN (0x4)

.bss            0x30000030      0x204
                0x30000030                        _sbss = .
                0x30000030                        __bss_start__ = _sbss
 *(.bss)
 .bss           0x30000030       0x1c C:/ST/STM32CubeIDE_1.10.1/STM32CubeIDE/plugins/com.st.stm32cube.ide.mcu.externaltools.gnu-tools-for-stm32.12.3.rel1.win32_1.0.100.202403111256/tools/bin/../lib/gcc/arm-none-eabi/12.3.1/thumb/v8-m.main+fp/hard/crtbegin.o
 *(.bss*)
 .bss.my_counter
                0x3000004c        0x4 ./Core/Src/secure_nsc.o
                0x3000004c                my_counter
 .bss.stateChecked
                0x30000050        0x1 ./Core/Src/secure_nsc.o
                0x30000050                stateChecked
 .bss.stateUsed
                0x30000051        0x1 ./Core/Src/secure_nsc.o
                0x30000051                stateUsed
 .bss.exec      0x30000052        0x1 ./Core/Src/secure_nsc.o
                0x30000052                exec
 *fill*         0x30000053        0x1 
 .bss.symkey    0x30000054       0x10 ./Core/Src/secure_nsc.o
 .bss.pSecureErrorCallback
                0x30000064        0x4 ./Core/Src/secure_nsc.o
                0x30000064                pSecureErrorCallback
 .bss.pSecureFaultCallback
                0x30000068        0x4 ./Core/Src/secure_nsc.o
                0x30000068                pSecureFaultCallback
 *fill*         0x3000006c        0x4 
 .bss.htim4     0x30000070       0x4c ./Core/Src/tim.o
                0x30000070                htim4
 *fill*         0x300000bc        0x4 
 .bss.htim3     0x300000c0       0x4c ./Core/Src/tim.o
                0x300000c0                htim3
 *fill*         0x3000010c        0x4 
 .bss.huart2    0x30000110       0x90 ./Core/Src/usart.o
                0x30000110                huart2
 .bss.hlpuart1  0x300001a0       0x90 ./Core/Src/usart.o
                0x300001a0                hlpuart1
 .bss.uwTick    0x30000230        0x4 ./Drivers/STM32L5xx_HAL_Driver/stm32l5xx_hal.o
                0x30000230                uwTick
 *(COMMON)
                0x30000234                        . = ALIGN (0x4)
                0x30000234                        _ebss = .
                0x30000234                        __bss_end__ = _ebss

._user_heap_stack
                0x30000234      0x604
                0x30000238                        . = ALIGN (0x8)
 *fill*         0x30000234        0x4 
                [!provide]                        PROVIDE (end = .)
                0x30000238                        PROVIDE (_end = .)
                0x30000438                        . = (. + _Min_Heap_Size)
 *fill*         0x30000238      0x200 
                0x30000838                        . = (. + _Min_Stack_Size)
 *fill*         0x30000438      0x400 
                0x30000838                        . = ALIGN (0x8)

/DISCARD/
 libc.a(*)
 libm.a(*)
 libgcc.a(*)

.ARM.attributes
                0x00000000       0x36
 *(.ARM.attributes)
 .ARM.attributes
                0x00000000       0x26 C:/ST/STM32CubeIDE_1.10.1/STM32CubeIDE/plugins/com.st.stm32cube.ide.mcu.externaltools.gnu-tools-for-stm32.12.3.rel1.win32_1.0.100.202403111256/tools/bin/../lib/gcc/arm-none-eabi/12.3.1/thumb/v8-m.main+fp/hard/crti.o
 .ARM.attributes
                0x00000026       0x38 C:/ST/STM32CubeIDE_1.10.1/STM32CubeIDE/plugins/com.st.stm32cube.ide.mcu.externaltools.gnu-tools-for-stm32.12.3.rel1.win32_1.0.100.202403111256/tools/bin/../lib/gcc/arm-none-eabi/12.3.1/thumb/v8-m.main+fp/hard/crtbegin.o
 .ARM.attributes
                0x0000005e       0x3a ./Core/Src/gpio.o
 .ARM.attributes
                0x00000098       0x3a ./Core/Src/gtzc.o
 .ARM.attributes
                0x000000d2       0x3a ./Core/Src/main.o
 .ARM.attributes
                0x0000010c       0x3a ./Core/Src/stm32l5xx_hal_msp.o
 .ARM.attributes
                0x00000146       0x3a ./Core/Src/stm32l5xx_it.o
 .ARM.attributes
                0x00000180       0x3a ./Core/Src/system_stm32l5xx_s.o
 .ARM.attributes
                0x000001ba       0x3a ./Core/Src/tim.o
 .ARM.attributes
                0x000001f4       0x3a ./Core/Src/usart.o
 .ARM.attributes
                0x0000022e       0x24 ./Core/Startup/startup_stm32l552zetxq.o
 .ARM.attributes
                0x00000252       0x3a ./Drivers/STM32L5xx_HAL_Driver/stm32l5xx_hal.o
 .ARM.attributes
                0x0000028c       0x3a ./Drivers/STM32L5xx_HAL_Driver/stm32l5xx_hal_cortex.o
 .ARM.attributes
                0x000002c6       0x3a ./Drivers/STM32L5xx_HAL_Driver/stm32l5xx_hal_gpio.o
 .ARM.attributes
                0x00000300       0x3a ./Drivers/STM32L5xx_HAL_Driver/stm32l5xx_hal_gtzc.o
 .ARM.attributes
                0x0000033a       0x3a ./Drivers/STM32L5xx_HAL_Driver/stm32l5xx_hal_pwr.o
 .ARM.attributes
                0x00000374       0x3a ./Drivers/STM32L5xx_HAL_Driver/stm32l5xx_hal_pwr_ex.o
 .ARM.attributes
                0x000003ae       0x3a ./Drivers/STM32L5xx_HAL_Driver/stm32l5xx_hal_rcc.o
 .ARM.attributes
                0x000003e8       0x3a ./Drivers/STM32L5xx_HAL_Driver/stm32l5xx_hal_rcc_ex.o
 .ARM.attributes
                0x00000422       0x3a ./Drivers/STM32L5xx_HAL_Driver/stm32l5xx_hal_tim.o
 .ARM.attributes
                0x0000045c       0x3a ./Drivers/STM32L5xx_HAL_Driver/stm32l5xx_hal_tim_ex.o
 .ARM.attributes
                0x00000496       0x3a ./Drivers/STM32L5xx_HAL_Driver/stm32l5xx_hal_uart.o
 .ARM.attributes
                0x000004d0       0x3a ./Drivers/STM32L5xx_HAL_Driver/stm32l5xx_hal_uart_ex.o
 .ARM.attributes
                0x0000050a       0x38 C:/ST/STM32CubeIDE_1.10.1/STM32CubeIDE/plugins/com.st.stm32cube.ide.mcu.externaltools.gnu-tools-for-stm32.12.3.rel1.win32_1.0.100.202403111256/tools/bin/../lib/gcc/arm-none-eabi/12.3.1/../../../../arm-none-eabi/lib/thumb/v8-m.main+fp/hard\libc_nano.a(libc_a-memset.o)
 .ARM.attributes
                0x00000542       0x38 C:/ST/STM32CubeIDE_1.10.1/STM32CubeIDE/plugins/com.st.stm32cube.ide.mcu.externaltools.gnu-tools-for-stm32.12.3.rel1.win32_1.0.100.202403111256/tools/bin/../lib/gcc/arm-none-eabi/12.3.1/../../../../arm-none-eabi/lib/thumb/v8-m.main+fp/hard\libc_nano.a(libc_a-init.o)
 .ARM.attributes
                0x0000057a       0x24 C:/ST/STM32CubeIDE_1.10.1/STM32CubeIDE/plugins/com.st.stm32cube.ide.mcu.externaltools.gnu-tools-for-stm32.12.3.rel1.win32_1.0.100.202403111256/tools/bin/../lib/gcc/arm-none-eabi/12.3.1/thumb/v8-m.main+fp/hard\libgcc.a(cmse_nonsecure_call.o)
 .ARM.attributes
                0x0000059e       0x26 C:/ST/STM32CubeIDE_1.10.1/STM32CubeIDE/plugins/com.st.stm32cube.ide.mcu.externaltools.gnu-tools-for-stm32.12.3.rel1.win32_1.0.100.202403111256/tools/bin/../lib/gcc/arm-none-eabi/12.3.1/thumb/v8-m.main+fp/hard\libgcc.a(_aeabi_uldivmod.o)
 .ARM.attributes
                0x000005c4       0x38 C:/ST/STM32CubeIDE_1.10.1/STM32CubeIDE/plugins/com.st.stm32cube.ide.mcu.externaltools.gnu-tools-for-stm32.12.3.rel1.win32_1.0.100.202403111256/tools/bin/../lib/gcc/arm-none-eabi/12.3.1/thumb/v8-m.main+fp/hard\libgcc.a(_udivmoddi4.o)
 .ARM.attributes
                0x000005fc       0x26 C:/ST/STM32CubeIDE_1.10.1/STM32CubeIDE/plugins/com.st.stm32cube.ide.mcu.externaltools.gnu-tools-for-stm32.12.3.rel1.win32_1.0.100.202403111256/tools/bin/../lib/gcc/arm-none-eabi/12.3.1/thumb/v8-m.main+fp/hard\libgcc.a(_dvmd_tls.o)
 .ARM.attributes
                0x00000622       0x26 C:/ST/STM32CubeIDE_1.10.1/STM32CubeIDE/plugins/com.st.stm32cube.ide.mcu.externaltools.gnu-tools-for-stm32.12.3.rel1.win32_1.0.100.202403111256/tools/bin/../lib/gcc/arm-none-eabi/12.3.1/thumb/v8-m.main+fp/hard/crtn.o
OUTPUT(TRACES_Secure.elf elf32-littlearm)
LOAD linker stubs
LOAD C:/ST/STM32CubeIDE_1.10.1/STM32CubeIDE/plugins/com.st.stm32cube.ide.mcu.externaltools.gnu-tools-for-stm32.12.3.rel1.win32_1.0.100.202403111256/tools/bin/../lib/gcc/arm-none-eabi/12.3.1/../../../../arm-none-eabi/lib/thumb/v8-m.main+fp/hard\libc.a
LOAD C:/ST/STM32CubeIDE_1.10.1/STM32CubeIDE/plugins/com.st.stm32cube.ide.mcu.externaltools.gnu-tools-for-stm32.12.3.rel1.win32_1.0.100.202403111256/tools/bin/../lib/gcc/arm-none-eabi/12.3.1/../../../../arm-none-eabi/lib/thumb/v8-m.main+fp/hard\libm.a
LOAD C:/ST/STM32CubeIDE_1.10.1/STM32CubeIDE/plugins/com.st.stm32cube.ide.mcu.externaltools.gnu-tools-for-stm32.12.3.rel1.win32_1.0.100.202403111256/tools/bin/../lib/gcc/arm-none-eabi/12.3.1/thumb/v8-m.main+fp/hard\libgcc.a

.debug_info     0x00000000    0x19115
 .debug_info    0x00000000      0x3d1 ./Core/Src/gpio.o
 .debug_info    0x000003d1      0x3aa ./Core/Src/gtzc.o
 .debug_info    0x0000077b      0xfd3 ./Core/Src/main.o
 .debug_info    0x0000174e     0x1274 ./Core/Src/secure_nsc.o
 .debug_info    0x000029c2      0x82e ./Core/Src/stm32l5xx_hal_msp.o
 .debug_info    0x000031f0      0x91c ./Core/Src/stm32l5xx_it.o
 .debug_info    0x00003b0c      0xaed ./Core/Src/system_stm32l5xx_s.o
 .debug_info    0x000045f9     0x1168 ./Core/Src/tim.o
 .debug_info    0x00005761     0x1683 ./Core/Src/usart.o
 .debug_info    0x00006de4       0x30 ./Core/Startup/startup_stm32l552zetxq.o
 .debug_info    0x00006e14      0xed2 ./Drivers/STM32L5xx_HAL_Driver/stm32l5xx_hal.o
 .debug_info    0x00007ce6     0x1515 ./Drivers/STM32L5xx_HAL_Driver/stm32l5xx_hal_cortex.o
 .debug_info    0x000091fb      0x720 ./Drivers/STM32L5xx_HAL_Driver/stm32l5xx_hal_gpio.o
 .debug_info    0x0000991b      0xd0d ./Drivers/STM32L5xx_HAL_Driver/stm32l5xx_hal_gtzc.o
 .debug_info    0x0000a628      0xd20 ./Drivers/STM32L5xx_HAL_Driver/stm32l5xx_hal_pwr.o
 .debug_info    0x0000b348      0xf23 ./Drivers/STM32L5xx_HAL_Driver/stm32l5xx_hal_pwr_ex.o
 .debug_info    0x0000c26b     0x145d ./Drivers/STM32L5xx_HAL_Driver/stm32l5xx_hal_rcc.o
 .debug_info    0x0000d6c8     0x1617 ./Drivers/STM32L5xx_HAL_Driver/stm32l5xx_hal_rcc_ex.o
 .debug_info    0x0000ecdf     0x4d3d ./Drivers/STM32L5xx_HAL_Driver/stm32l5xx_hal_tim.o
 .debug_info    0x00013a1c     0x1f09 ./Drivers/STM32L5xx_HAL_Driver/stm32l5xx_hal_tim_ex.o
 .debug_info    0x00015925     0x2725 ./Drivers/STM32L5xx_HAL_Driver/stm32l5xx_hal_uart.o
 .debug_info    0x0001804a     0x10cb ./Drivers/STM32L5xx_HAL_Driver/stm32l5xx_hal_uart_ex.o

.debug_abbrev   0x00000000     0x3ad0
 .debug_abbrev  0x00000000      0x113 ./Core/Src/gpio.o
 .debug_abbrev  0x00000113      0x13a ./Core/Src/gtzc.o
 .debug_abbrev  0x0000024d      0x326 ./Core/Src/main.o
 .debug_abbrev  0x00000573      0x396 ./Core/Src/secure_nsc.o
 .debug_abbrev  0x00000909      0x195 ./Core/Src/stm32l5xx_hal_msp.o
 .debug_abbrev  0x00000a9e      0x1ef ./Core/Src/stm32l5xx_it.o
 .debug_abbrev  0x00000c8d      0x1c5 ./Core/Src/system_stm32l5xx_s.o
 .debug_abbrev  0x00000e52      0x27a ./Core/Src/tim.o
 .debug_abbrev  0x000010cc      0x2b1 ./Core/Src/usart.o
 .debug_abbrev  0x0000137d       0x24 ./Core/Startup/startup_stm32l552zetxq.o
 .debug_abbrev  0x000013a1      0x381 ./Drivers/STM32L5xx_HAL_Driver/stm32l5xx_hal.o
 .debug_abbrev  0x00001722      0x3ab ./Drivers/STM32L5xx_HAL_Driver/stm32l5xx_hal_cortex.o
 .debug_abbrev  0x00001acd      0x244 ./Drivers/STM32L5xx_HAL_Driver/stm32l5xx_hal_gpio.o
 .debug_abbrev  0x00001d11      0x213 ./Drivers/STM32L5xx_HAL_Driver/stm32l5xx_hal_gtzc.o
 .debug_abbrev  0x00001f24      0x21a ./Drivers/STM32L5xx_HAL_Driver/stm32l5xx_hal_pwr.o
 .debug_abbrev  0x0000213e      0x38e ./Drivers/STM32L5xx_HAL_Driver/stm32l5xx_hal_pwr_ex.o
 .debug_abbrev  0x000024cc      0x387 ./Drivers/STM32L5xx_HAL_Driver/stm32l5xx_hal_rcc.o
 .debug_abbrev  0x00002853      0x3d3 ./Drivers/STM32L5xx_HAL_Driver/stm32l5xx_hal_rcc_ex.o
 .debug_abbrev  0x00002c26      0x39c ./Drivers/STM32L5xx_HAL_Driver/stm32l5xx_hal_tim.o
 .debug_abbrev  0x00002fc2      0x38c ./Drivers/STM32L5xx_HAL_Driver/stm32l5xx_hal_tim_ex.o
 .debug_abbrev  0x0000334e      0x45c ./Drivers/STM32L5xx_HAL_Driver/stm32l5xx_hal_uart.o
 .debug_abbrev  0x000037aa      0x326 ./Drivers/STM32L5xx_HAL_Driver/stm32l5xx_hal_uart_ex.o

.debug_aranges  0x00000000     0x1170
 .debug_aranges
                0x00000000       0x20 ./Core/Src/gpio.o
 .debug_aranges
                0x00000020       0x20 ./Core/Src/gtzc.o
 .debug_aranges
                0x00000040       0x30 ./Core/Src/main.o
 .debug_aranges
                0x00000070       0x70 ./Core/Src/secure_nsc.o
 .debug_aranges
                0x000000e0       0x20 ./Core/Src/stm32l5xx_hal_msp.o
 .debug_aranges
                0x00000100       0x80 ./Core/Src/stm32l5xx_it.o
 .debug_aranges
                0x00000180       0x30 ./Core/Src/system_stm32l5xx_s.o
 .debug_aranges
                0x000001b0       0x38 ./Core/Src/tim.o
 .debug_aranges
                0x000001e8       0x48 ./Core/Src/usart.o
 .debug_aranges
                0x00000230       0x28 ./Core/Startup/startup_stm32l552zetxq.o
 .debug_aranges
                0x00000258      0x140 ./Drivers/STM32L5xx_HAL_Driver/stm32l5xx_hal.o
 .debug_aranges
                0x00000398       0xd0 ./Drivers/STM32L5xx_HAL_Driver/stm32l5xx_hal_cortex.o
 .debug_aranges
                0x00000468       0x70 ./Drivers/STM32L5xx_HAL_Driver/stm32l5xx_hal_gpio.o
 .debug_aranges
                0x000004d8       0xb8 ./Drivers/STM32L5xx_HAL_Driver/stm32l5xx_hal_gtzc.o
 .debug_aranges
                0x00000590       0xa8 ./Drivers/STM32L5xx_HAL_Driver/stm32l5xx_hal_pwr.o
 .debug_aranges
                0x00000638      0x1b8 ./Drivers/STM32L5xx_HAL_Driver/stm32l5xx_hal_pwr_ex.o
 .debug_aranges
                0x000007f0       0x98 ./Drivers/STM32L5xx_HAL_Driver/stm32l5xx_hal_rcc.o
 .debug_aranges
                0x00000888      0x110 ./Drivers/STM32L5xx_HAL_Driver/stm32l5xx_hal_rcc_ex.o
 .debug_aranges
                0x00000998      0x390 ./Drivers/STM32L5xx_HAL_Driver/stm32l5xx_hal_tim.o
 .debug_aranges
                0x00000d28      0x188 ./Drivers/STM32L5xx_HAL_Driver/stm32l5xx_hal_tim_ex.o
 .debug_aranges
                0x00000eb0      0x230 ./Drivers/STM32L5xx_HAL_Driver/stm32l5xx_hal_uart.o
 .debug_aranges
                0x000010e0       0x90 ./Drivers/STM32L5xx_HAL_Driver/stm32l5xx_hal_uart_ex.o

.debug_rnglists
                0x00000000     0x14a1
 .debug_rnglists
                0x00000000       0x1f ./Core/Src/gpio.o
 .debug_rnglists
                0x0000001f       0x14 ./Core/Src/gtzc.o
 .debug_rnglists
                0x00000033       0x38 ./Core/Src/main.o
 .debug_rnglists
                0x0000006b       0x92 ./Core/Src/secure_nsc.o
 .debug_rnglists
                0x000000fd       0x35 ./Core/Src/stm32l5xx_hal_msp.o
 .debug_rnglists
                0x00000132       0x5b ./Core/Src/stm32l5xx_it.o
 .debug_rnglists
                0x0000018d       0x45 ./Core/Src/system_stm32l5xx_s.o
 .debug_rnglists
                0x000001d2       0x49 ./Core/Src/tim.o
 .debug_rnglists
                0x0000021b       0x55 ./Core/Src/usart.o
 .debug_rnglists
                0x00000270       0x19 ./Core/Startup/startup_stm32l552zetxq.o
 .debug_rnglists
                0x00000289       0xeb ./Drivers/STM32L5xx_HAL_Driver/stm32l5xx_hal.o
 .debug_rnglists
                0x00000374      0x13f ./Drivers/STM32L5xx_HAL_Driver/stm32l5xx_hal_cortex.o
 .debug_rnglists
                0x000004b3       0x51 ./Drivers/STM32L5xx_HAL_Driver/stm32l5xx_hal_gpio.o
 .debug_rnglists
                0x00000504       0x90 ./Drivers/STM32L5xx_HAL_Driver/stm32l5xx_hal_gtzc.o
 .debug_rnglists
                0x00000594       0x7a ./Drivers/STM32L5xx_HAL_Driver/stm32l5xx_hal_pwr.o
 .debug_rnglists
                0x0000060e      0x15b ./Drivers/STM32L5xx_HAL_Driver/stm32l5xx_hal_pwr_ex.o
 .debug_rnglists
                0x00000769      0x144 ./Drivers/STM32L5xx_HAL_Driver/stm32l5xx_hal_rcc.o
 .debug_rnglists
                0x000008ad      0x165 ./Drivers/STM32L5xx_HAL_Driver/stm32l5xx_hal_rcc_ex.o
 .debug_rnglists
                0x00000a12      0x5bb ./Drivers/STM32L5xx_HAL_Driver/stm32l5xx_hal_tim.o
 .debug_rnglists
                0x00000fcd      0x1cf ./Drivers/STM32L5xx_HAL_Driver/stm32l5xx_hal_tim_ex.o
 .debug_rnglists
                0x0000119c      0x269 ./Drivers/STM32L5xx_HAL_Driver/stm32l5xx_hal_uart.o
 .debug_rnglists
                0x00001405       0x9c ./Drivers/STM32L5xx_HAL_Driver/stm32l5xx_hal_uart_ex.o

.debug_macro    0x00000000     0x3478
 .debug_macro   0x00000000      0x235 ./Core/Src/gpio.o
 .debug_macro   0x00000235      0x235 ./Core/Src/gtzc.o
 .debug_macro   0x0000046a      0x382 ./Core/Src/main.o
 .debug_macro   0x000007ec      0x17e ./Core/Src/main.o
 .debug_macro   0x0000096a      0x390 ./Core/Src/secure_nsc.o
 .debug_macro   0x00000cfa      0x22b ./Core/Src/stm32l5xx_hal_msp.o
 .debug_macro   0x00000f25      0x322 ./Core/Src/stm32l5xx_it.o
 .debug_macro   0x00001247      0x23b ./Core/Src/system_stm32l5xx_s.o
 .debug_macro   0x00001482      0x23e ./Core/Src/tim.o
 .debug_macro   0x000016c0      0x235 ./Core/Src/usart.o
 .debug_macro   0x000018f5      0x252 ./Drivers/STM32L5xx_HAL_Driver/stm32l5xx_hal.o
 .debug_macro   0x00001b47      0x222 ./Drivers/STM32L5xx_HAL_Driver/stm32l5xx_hal_cortex.o
 .debug_macro   0x00001d69      0x255 ./Drivers/STM32L5xx_HAL_Driver/stm32l5xx_hal_gpio.o
 .debug_macro   0x00001fbe      0x294 ./Drivers/STM32L5xx_HAL_Driver/stm32l5xx_hal_gtzc.o
 .debug_macro   0x00002252      0x23a ./Drivers/STM32L5xx_HAL_Driver/stm32l5xx_hal_pwr.o
 .debug_macro   0x0000248c      0x252 ./Drivers/STM32L5xx_HAL_Driver/stm32l5xx_hal_pwr_ex.o
 .debug_macro   0x000026de      0x24c ./Drivers/STM32L5xx_HAL_Driver/stm32l5xx_hal_rcc.o
 .debug_macro   0x0000292a      0x288 ./Drivers/STM32L5xx_HAL_Driver/stm32l5xx_hal_rcc_ex.o
 .debug_macro   0x00002bb2      0x223 ./Drivers/STM32L5xx_HAL_Driver/stm32l5xx_hal_tim.o
 .debug_macro   0x00002dd5      0x228 ./Drivers/STM32L5xx_HAL_Driver/stm32l5xx_hal_tim_ex.o
 .debug_macro   0x00002ffd      0x24d ./Drivers/STM32L5xx_HAL_Driver/stm32l5xx_hal_uart.o
 .debug_macro   0x0000324a      0x22e ./Drivers/STM32L5xx_HAL_Driver/stm32l5xx_hal_uart_ex.o

.debug_line     0x00000000    0x1e31b
 .debug_line    0x00000000      0x828 ./Core/Src/gpio.o
 .debug_line    0x00000828      0x976 ./Core/Src/gtzc.o
 .debug_line    0x0000119e      0xc07 ./Core/Src/main.o
 .debug_line    0x00001da5      0xe05 ./Core/Src/secure_nsc.o
 .debug_line    0x00002baa      0x858 ./Core/Src/stm32l5xx_hal_msp.o
 .debug_line    0x00003402      0xb01 ./Core/Src/stm32l5xx_it.o
 .debug_line    0x00003f03      0xac5 ./Core/Src/system_stm32l5xx_s.o
 .debug_line    0x000049c8      0xa11 ./Core/Src/tim.o
 .debug_line    0x000053d9      0xb25 ./Core/Src/usart.o
 .debug_line    0x00005efe       0x79 ./Core/Startup/startup_stm32l552zetxq.o
 .debug_line    0x00005f77      0xe29 ./Drivers/STM32L5xx_HAL_Driver/stm32l5xx_hal.o
 .debug_line    0x00006da0     0x10d6 ./Drivers/STM32L5xx_HAL_Driver/stm32l5xx_hal_cortex.o
 .debug_line    0x00007e76     0x102e ./Drivers/STM32L5xx_HAL_Driver/stm32l5xx_hal_gpio.o
 .debug_line    0x00008ea4     0x16e3 ./Drivers/STM32L5xx_HAL_Driver/stm32l5xx_hal_gtzc.o
 .debug_line    0x0000a587      0xb55 ./Drivers/STM32L5xx_HAL_Driver/stm32l5xx_hal_pwr.o
 .debug_line    0x0000b0dc     0x1297 ./Drivers/STM32L5xx_HAL_Driver/stm32l5xx_hal_pwr_ex.o
 .debug_line    0x0000c373     0x1d52 ./Drivers/STM32L5xx_HAL_Driver/stm32l5xx_hal_rcc.o
 .debug_line    0x0000e0c5     0x247f ./Drivers/STM32L5xx_HAL_Driver/stm32l5xx_hal_rcc_ex.o
 .debug_line    0x00010544     0x6b14 ./Drivers/STM32L5xx_HAL_Driver/stm32l5xx_hal_tim.o
 .debug_line    0x00017058     0x24e8 ./Drivers/STM32L5xx_HAL_Driver/stm32l5xx_hal_tim_ex.o
 .debug_line    0x00019540     0x3961 ./Drivers/STM32L5xx_HAL_Driver/stm32l5xx_hal_uart.o
 .debug_line    0x0001cea1     0x147a ./Drivers/STM32L5xx_HAL_Driver/stm32l5xx_hal_uart_ex.o

.debug_str      0x00000000   0x10e740
 .debug_str     0x00000000   0x102f2e ./Core/Src/gpio.o
                             0x103208 (size before relaxing)
 .debug_str     0x00102f2e      0x1c5 ./Core/Src/gtzc.o
                             0x103185 (size before relaxing)
 .debug_str     0x001030f3     0x4cbd ./Core/Src/main.o
                             0x107e00 (size before relaxing)
 .debug_str     0x00107db0      0xb5c ./Core/Src/secure_nsc.o
                             0x107f99 (size before relaxing)
 .debug_str     0x0010890c      0x66a ./Core/Src/stm32l5xx_hal_msp.o
                             0x10384d (size before relaxing)
 .debug_str     0x00108f76      0x3cb ./Core/Src/stm32l5xx_it.o
                             0x106f68 (size before relaxing)
 .debug_str     0x00109341      0x13a ./Core/Src/system_stm32l5xx_s.o
                             0x103976 (size before relaxing)
 .debug_str     0x0010947b      0x156 ./Core/Src/tim.o
                             0x10404f (size before relaxing)
 .debug_str     0x001095d1      0x417 ./Core/Src/usart.o
                             0x10425c (size before relaxing)
 .debug_str     0x001099e8       0x45 ./Core/Startup/startup_stm32l552zetxq.o
                                 0x88 (size before relaxing)
 .debug_str     0x00109a2d      0x61e ./Drivers/STM32L5xx_HAL_Driver/stm32l5xx_hal.o
                             0x103ec9 (size before relaxing)
 .debug_str     0x0010a04b      0x3de ./Drivers/STM32L5xx_HAL_Driver/stm32l5xx_hal_cortex.o
                             0x103cdd (size before relaxing)
 .debug_str     0x0010a429      0x300 ./Drivers/STM32L5xx_HAL_Driver/stm32l5xx_hal_gpio.o
                             0x10339e (size before relaxing)
 .debug_str     0x0010a729      0x928 ./Drivers/STM32L5xx_HAL_Driver/stm32l5xx_hal_gtzc.o
                             0x103a65 (size before relaxing)
 .debug_str     0x0010b051      0x3c1 ./Drivers/STM32L5xx_HAL_Driver/stm32l5xx_hal_pwr.o
                             0x10370e (size before relaxing)
 .debug_str     0x0010b412      0x639 ./Drivers/STM32L5xx_HAL_Driver/stm32l5xx_hal_pwr_ex.o
                             0x103a65 (size before relaxing)
 .debug_str     0x0010ba4b      0x3f3 ./Drivers/STM32L5xx_HAL_Driver/stm32l5xx_hal_rcc.o
                             0x1038fd (size before relaxing)
 .debug_str     0x0010be3e      0x7ce ./Drivers/STM32L5xx_HAL_Driver/stm32l5xx_hal_rcc_ex.o
                             0x103e70 (size before relaxing)
 .debug_str     0x0010c60c      0xebd ./Drivers/STM32L5xx_HAL_Driver/stm32l5xx_hal_tim.o
                             0x104647 (size before relaxing)
 .debug_str     0x0010d4c9      0x67f ./Drivers/STM32L5xx_HAL_Driver/stm32l5xx_hal_tim_ex.o
                             0x103ff0 (size before relaxing)
 .debug_str     0x0010db48      0x9b2 ./Drivers/STM32L5xx_HAL_Driver/stm32l5xx_hal_uart.o
                             0x1041d4 (size before relaxing)
 .debug_str     0x0010e4fa      0x246 ./Drivers/STM32L5xx_HAL_Driver/stm32l5xx_hal_uart_ex.o
                             0x103937 (size before relaxing)

.comment        0x00000000       0x43
 .comment       0x00000000       0x43 ./Core/Src/gpio.o
                                 0x44 (size before relaxing)
 .comment       0x00000043       0x44 ./Core/Src/gtzc.o
 .comment       0x00000043       0x44 ./Core/Src/main.o
 .comment       0x00000043       0x44 ./Core/Src/stm32l5xx_hal_msp.o
 .comment       0x00000043       0x44 ./Core/Src/stm32l5xx_it.o
 .comment       0x00000043       0x44 ./Core/Src/system_stm32l5xx_s.o
 .comment       0x00000043       0x44 ./Core/Src/tim.o
 .comment       0x00000043       0x44 ./Core/Src/usart.o
 .comment       0x00000043       0x44 ./Drivers/STM32L5xx_HAL_Driver/stm32l5xx_hal.o
 .comment       0x00000043       0x44 ./Drivers/STM32L5xx_HAL_Driver/stm32l5xx_hal_cortex.o
 .comment       0x00000043       0x44 ./Drivers/STM32L5xx_HAL_Driver/stm32l5xx_hal_gpio.o
 .comment       0x00000043       0x44 ./Drivers/STM32L5xx_HAL_Driver/stm32l5xx_hal_gtzc.o
 .comment       0x00000043       0x44 ./Drivers/STM32L5xx_HAL_Driver/stm32l5xx_hal_pwr.o
 .comment       0x00000043       0x44 ./Drivers/STM32L5xx_HAL_Driver/stm32l5xx_hal_pwr_ex.o
 .comment       0x00000043       0x44 ./Drivers/STM32L5xx_HAL_Driver/stm32l5xx_hal_rcc.o
 .comment       0x00000043       0x44 ./Drivers/STM32L5xx_HAL_Driver/stm32l5xx_hal_rcc_ex.o
 .comment       0x00000043       0x44 ./Drivers/STM32L5xx_HAL_Driver/stm32l5xx_hal_tim.o
 .comment       0x00000043       0x44 ./Drivers/STM32L5xx_HAL_Driver/stm32l5xx_hal_tim_ex.o
 .comment       0x00000043       0x44 ./Drivers/STM32L5xx_HAL_Driver/stm32l5xx_hal_uart.o
 .comment       0x00000043       0x44 ./Drivers/STM32L5xx_HAL_Driver/stm32l5xx_hal_uart_ex.o

.debug_frame    0x00000000     0x30f0
 .debug_frame   0x00000000       0x28 ./Core/Src/gpio.o
 .debug_frame   0x00000028       0x38 ./Core/Src/gtzc.o
 .debug_frame   0x00000060       0x5c ./Core/Src/main.o
 .debug_frame   0x000000bc      0x170 ./Core/Src/secure_nsc.o
 .debug_frame   0x0000022c       0x30 ./Core/Src/stm32l5xx_hal_msp.o
 .debug_frame   0x0000025c       0xe0 ./Core/Src/stm32l5xx_it.o
 .debug_frame   0x0000033c       0x54 ./Core/Src/system_stm32l5xx_s.o
 .debug_frame   0x00000390       0x98 ./Core/Src/tim.o
 .debug_frame   0x00000428       0xbc ./Core/Src/usart.o
 .debug_frame   0x000004e4      0x2a0 ./Drivers/STM32L5xx_HAL_Driver/stm32l5xx_hal.o
 .debug_frame   0x00000784      0x1c0 ./Drivers/STM32L5xx_HAL_Driver/stm32l5xx_hal_cortex.o
 .debug_frame   0x00000944      0x124 ./Drivers/STM32L5xx_HAL_Driver/stm32l5xx_hal_gpio.o
 .debug_frame   0x00000a68      0x218 ./Drivers/STM32L5xx_HAL_Driver/stm32l5xx_hal_gtzc.o
 .debug_frame   0x00000c80      0x158 ./Drivers/STM32L5xx_HAL_Driver/stm32l5xx_hal_pwr.o
 .debug_frame   0x00000dd8      0x35c ./Drivers/STM32L5xx_HAL_Driver/stm32l5xx_hal_pwr_ex.o
 .debug_frame   0x00001134      0x1e8 ./Drivers/STM32L5xx_HAL_Driver/stm32l5xx_hal_rcc.o
 .debug_frame   0x0000131c      0x328 ./Drivers/STM32L5xx_HAL_Driver/stm32l5xx_hal_rcc_ex.o
 .debug_frame   0x00001644      0xc1c ./Drivers/STM32L5xx_HAL_Driver/stm32l5xx_hal_tim.o
 .debug_frame   0x00002260      0x4fc ./Drivers/STM32L5xx_HAL_Driver/stm32l5xx_hal_tim_ex.o
 .debug_frame   0x0000275c      0x728 ./Drivers/STM32L5xx_HAL_Driver/stm32l5xx_hal_uart.o
 .debug_frame   0x00002e84      0x1bc ./Drivers/STM32L5xx_HAL_Driver/stm32l5xx_hal_uart_ex.o
 .debug_frame   0x00003040       0x20 C:/ST/STM32CubeIDE_1.10.1/STM32CubeIDE/plugins/com.st.stm32cube.ide.mcu.externaltools.gnu-tools-for-stm32.12.3.rel1.win32_1.0.100.202403111256/tools/bin/../lib/gcc/arm-none-eabi/12.3.1/../../../../arm-none-eabi/lib/thumb/v8-m.main+fp/hard\libc_nano.a(libc_a-memset.o)
 .debug_frame   0x00003060       0x2c C:/ST/STM32CubeIDE_1.10.1/STM32CubeIDE/plugins/com.st.stm32cube.ide.mcu.externaltools.gnu-tools-for-stm32.12.3.rel1.win32_1.0.100.202403111256/tools/bin/../lib/gcc/arm-none-eabi/12.3.1/../../../../arm-none-eabi/lib/thumb/v8-m.main+fp/hard\libc_nano.a(libc_a-init.o)
 .debug_frame   0x0000308c       0x2c C:/ST/STM32CubeIDE_1.10.1/STM32CubeIDE/plugins/com.st.stm32cube.ide.mcu.externaltools.gnu-tools-for-stm32.12.3.rel1.win32_1.0.100.202403111256/tools/bin/../lib/gcc/arm-none-eabi/12.3.1/thumb/v8-m.main+fp/hard\libgcc.a(_aeabi_uldivmod.o)
 .debug_frame   0x000030b8       0x38 C:/ST/STM32CubeIDE_1.10.1/STM32CubeIDE/plugins/com.st.stm32cube.ide.mcu.externaltools.gnu-tools-for-stm32.12.3.rel1.win32_1.0.100.202403111256/tools/bin/../lib/gcc/arm-none-eabi/12.3.1/thumb/v8-m.main+fp/hard\libgcc.a(_udivmoddi4.o)

.debug_loclists
                0x00000000     0xbd91
 .debug_loclists
                0x00000000       0x33 ./Core/Src/main.o
 .debug_loclists
                0x00000033      0x2d5 ./Core/Src/secure_nsc.o
 .debug_loclists
                0x00000308      0x160 ./Core/Src/system_stm32l5xx_s.o
 .debug_loclists
                0x00000468       0x5c ./Core/Src/tim.o
 .debug_loclists
                0x000004c4       0xc8 ./Core/Src/usart.o
 .debug_loclists
                0x0000058c      0x20c ./Drivers/STM32L5xx_HAL_Driver/stm32l5xx_hal.o
 .debug_loclists
                0x00000798      0x627 ./Drivers/STM32L5xx_HAL_Driver/stm32l5xx_hal_cortex.o
 .debug_loclists
                0x00000dbf      0x43a ./Drivers/STM32L5xx_HAL_Driver/stm32l5xx_hal_gpio.o
 .debug_loclists
                0x000011f9      0xdb4 ./Drivers/STM32L5xx_HAL_Driver/stm32l5xx_hal_gtzc.o
 .debug_loclists
                0x00001fad      0x13d ./Drivers/STM32L5xx_HAL_Driver/stm32l5xx_hal_pwr.o
 .debug_loclists
                0x000020ea      0x45f ./Drivers/STM32L5xx_HAL_Driver/stm32l5xx_hal_pwr_ex.o
 .debug_loclists
                0x00002549      0xa9a ./Drivers/STM32L5xx_HAL_Driver/stm32l5xx_hal_rcc.o
 .debug_loclists
                0x00002fe3     0x11bb ./Drivers/STM32L5xx_HAL_Driver/stm32l5xx_hal_rcc_ex.o
 .debug_loclists
                0x0000419e     0x49c3 ./Drivers/STM32L5xx_HAL_Driver/stm32l5xx_hal_tim.o
 .debug_loclists
                0x00008b61     0x1349 ./Drivers/STM32L5xx_HAL_Driver/stm32l5xx_hal_tim_ex.o
 .debug_loclists
                0x00009eaa     0x1780 ./Drivers/STM32L5xx_HAL_Driver/stm32l5xx_hal_uart.o
 .debug_loclists
                0x0000b62a      0x767 ./Drivers/STM32L5xx_HAL_Driver/stm32l5xx_hal_uart_ex.o

.debug_line_str
                0x00000000       0x6c
 .debug_line_str
                0x00000000       0x6c ./Core/Startup/startup_stm32l552zetxq.o
