../Core/Src/main.c:61:6:RaiseSecureFault	4	static
../Core/Src/main.c:68:6:SecureFault_Callback	8	static
../Core/Src/main.c:75:6:SecureError_Callback	8	static
../Core/Src/main.c:96:9:read1	4	static
../Core/Src/main.c:100:9:read2	4	static
../Core/Src/main.c:104:6:sendline	24	static
../Core/Src/main.c:111:13:test	40	static
../Core/Src/main.c:127:13:wrapper_test	8	static
../Core/Src/main.c:149:6:print_token	24	static
../Core/Src/main.c:161:17:get_sphinc_sig	48	static
../Core/Src/main.c:180:6:pox_wrapper	160	static
../Core/Src/main.c:242:5:main	56	static
../Core/Src/main.c:298:6:Error_Handler	4	static,ignoring_inline_asm
