../Core/Src/kann/kann.c:233:12:kann_class_error_core	56	static
../Core/Src/kann/kann.c:16:13:kad_ext_collate	56	static
../Core/Src/kann/kann.c:539:13:kann_new_leaf_array.constprop	40	static
../Core/Src/kann/kann.c:565:13:kann_new_leaf2.constprop	32	static
../Core/Src/kann/kann.c:665:13:kann_new_leaf.constprop	32	static
../Core/Src/kann/kann.c:60:9:kann_new	52	static
../Core/Src/kann/kann.c:96:9:kann_clone	24	static
../Core/Src/kann/kann.c:107:9:kann_unroll_array	16	static
../Core/Src/kann/kann.c:117:9:kann_unroll	32	static
../Core/Src/kann/kann.c:132:6:kann_delete_unrolled	8	static
../Core/Src/kann/kann.c:139:6:kann_delete	8	static
../Core/Src/kann/kann.c:157:5:kann_find	20	static
../Core/Src/kann/kann.c:166:5:kann_feed_bind	16	static
../Core/Src/kann/kann.c:176:5:kann_feed_dim	20	static
../Core/Src/kann/kann.c:196:5:kann_eval	24	static
../Core/Src/kann/kann.c:206:6:kann_rnn_start	24	static
../Core/Src/kann/kann.c:222:6:kann_rnn_end	32	static
../Core/Src/kann/kann.c:467:6:kann_mt	0	static
../Core/Src/kann/kann.c:468:7:kann_cost	32	static
../Core/Src/kann/kann.c:471:5:kann_eval_out	16	static
../Core/Src/kann/kann.c:472:5:kann_class_error	0	static
../Core/Src/kann/kann.c:473:6:kann_switch	0	static
../Core/Src/kann/kann.c:539:13:kann_new_leaf_array	56	static
../Core/Src/kann/kann.c:665:13:kann_new_leaf.constprop	56	static
../Core/Src/kann/kann.c:565:13:kann_new_leaf2.constprop	64	static
../Core/Src/kann/kann.c:565:13:kann_new_leaf2	64	static
../Core/Src/kann/kann.c:573:13:kann_layer_dense2	40	static
../Core/Src/kann/kann.c:583:13:kann_layer_dropout2	32	static
../Core/Src/kann/kann.c:591:13:kann_layer_layernorm2	32	static
../Core/Src/kann/kann.c:709:20:kann_cmul_norm	8	static
../Core/Src/kann/kann.c:606:13:kann_layer_rnn2	56	static
../Core/Src/kann/kann.c:624:13:kann_layer_gru2	72	static
../Core/Src/kann/kann.c:665:13:kann_new_leaf	64	static
../Core/Src/kann/kann.c:673:13:kann_new_scalar	0	static
../Core/Src/kann/kann.c:674:13:kann_new_weight	16	static
../Core/Src/kann/kann.c:675:13:kann_new_vec	0	static
../Core/Src/kann/kann.c:676:13:kann_new_bias	0	static
../Core/Src/kann/kann.c:677:13:kann_new_weight_conv2d	32	static
../Core/Src/kann/kann.c:678:13:kann_new_weight_conv1d	24	static
../Core/Src/kann/kann.c:680:13:kann_layer_input	8	static
../Core/Src/kann/kann.c:687:13:kann_layer_dense	32	static
../Core/Src/kann/kann.c:688:13:kann_layer_dropout	24	static
../Core/Src/kann/kann.c:689:13:kann_layer_layernorm	24	static
../Core/Src/kann/kann.c:691:13:kann_layer_rnn	32	static
../Core/Src/kann/kann.c:700:13:kann_layer_gru	32	static
../Core/Src/kann/kann.c:714:13:kann_layer_lstm	64	static
../Core/Src/kann/kann.c:758:13:kann_layer_conv2d	48	static
../Core/Src/kann/kann.c:765:13:kann_layer_conv1d	32	static
../Core/Src/kann/kann.c:772:13:kann_layer_cost	16	static
../Core/Src/kann/kann.c:794:6:kann_shuffle	24	static
../Core/Src/kann/kann.c:808:6:kann_RMSprop	48	static
../Core/Src/kann/kann.c:818:7:kann_grad_clip	40	static
../Core/Src/kann/kann.c:835:5:kann_train_fnn1	176	static
../Core/Src/kann/kann.c:925:7:kann_cost_fnn1	88	static
../Core/Src/kann/kann.c:954:14:kann_apply1_to	32	static
../Core/Src/kann/kann.c:965:14:kann_apply1	32	static
