../Core/Src/secure_nsc.c:190:5:verify_req.part.0	384	static
../Core/Src/secure_nsc.c:55:20:SECURE_RegisterCallback	0	static
../Core/Src/secure_nsc.c:72:20:SECURE_send	8	static
../Core/Src/secure_nsc.c:76:20:SECURE_recv	8	static
../Core/Src/secure_nsc.c:80:19:SECURE_avg	0	static
../Core/Src/secure_nsc.c:159:20:SECURE_setState	152	static
../Core/Src/secure_nsc.c:173:20:SECURE_checkState	152	static
../Core/Src/secure_nsc.c:190:5:verify_req	0	static
../Core/Src/secure_nsc.c:286:5:check_request	8	static
../Core/Src/secure_nsc.c:291:6:init_flags	4	static
../Core/Src/secure_nsc.c:295:6:reset_flags	0	static
../Core/Src/secure_nsc.c:346:5:optrand_rng	8	static
../Core/Src/secure_nsc.c:351:20:SECURE_pox	400	static,ignoring_inline_asm
