C:/Users/super/STM32CubeIDE/workspace/SLAPP/LDP-Baseline/Drivers/STM32L5xx_HAL_Driver/Src/stm32l5xx_hal_hash.c:1799:26:HASH_WriteData	16	static
C:/Users/super/STM32CubeIDE/workspace/SLAPP/LDP-Baseline/Drivers/STM32L5xx_HAL_Driver/Src/stm32l5xx_hal_hash.c:1863:13:HASH_GetDigest	0	static
C:/Users/super/STM32CubeIDE/workspace/SLAPP/LDP-Baseline/Drivers/STM32L5xx_HAL_Driver/Src/stm32l5xx_hal_hash.c:457:13:HAL_HASH_MspInit	0	static
C:/Users/super/STM32CubeIDE/workspace/SLAPP/LDP-Baseline/Drivers/STM32L5xx_HAL_Driver/Src/stm32l5xx_hal_hash.c:324:19:HAL_HASH_Init	8	static
C:/Users/super/STM32CubeIDE/workspace/SLAPP/LDP-Baseline/Drivers/STM32L5xx_HAL_Driver/Src/stm32l5xx_hal_hash.c:472:13:HAL_HASH_MspDeInit	0	static
C:/Users/super/STM32CubeIDE/workspace/SLAPP/LDP-Baseline/Drivers/STM32L5xx_HAL_Driver/Src/stm32l5xx_hal_hash.c:401:19:HAL_HASH_DeInit	16	static
C:/Users/super/STM32CubeIDE/workspace/SLAPP/LDP-Baseline/Drivers/STM32L5xx_HAL_Driver/Src/stm32l5xx_hal_hash.c:493:13:HAL_HASH_InCpltCallback	0	static
C:/Users/super/STM32CubeIDE/workspace/SLAPP/LDP-Baseline/Drivers/STM32L5xx_HAL_Driver/Src/stm32l5xx_hal_hash.c:1625:13:HASH_DMAXferCplt	24	static
C:/Users/super/STM32CubeIDE/workspace/SLAPP/LDP-Baseline/Drivers/STM32L5xx_HAL_Driver/Src/stm32l5xx_hal_hash.c:510:13:HAL_HASH_DgstCpltCallback	0	static
C:/Users/super/STM32CubeIDE/workspace/SLAPP/LDP-Baseline/Drivers/STM32L5xx_HAL_Driver/Src/stm32l5xx_hal_hash.c:527:13:HAL_HASH_ErrorCallback	0	static
C:/Users/super/STM32CubeIDE/workspace/SLAPP/LDP-Baseline/Drivers/STM32L5xx_HAL_Driver/Src/stm32l5xx_hal_hash.c:1765:13:HASH_DMAError	8	static
C:/Users/super/STM32CubeIDE/workspace/SLAPP/LDP-Baseline/Drivers/STM32L5xx_HAL_Driver/Src/stm32l5xx_hal_hash.c:760:19:HAL_HASH_MD5_Start	24	static
C:/Users/super/STM32CubeIDE/workspace/SLAPP/LDP-Baseline/Drivers/STM32L5xx_HAL_Driver/Src/stm32l5xx_hal_hash.c:785:19:HAL_HASH_MD5_Accmlt	8	static
C:/Users/super/STM32CubeIDE/workspace/SLAPP/LDP-Baseline/Drivers/STM32L5xx_HAL_Driver/Src/stm32l5xx_hal_hash.c:800:19:HAL_HASH_MD5_Accmlt_End	24	static
C:/Users/super/STM32CubeIDE/workspace/SLAPP/LDP-Baseline/Drivers/STM32L5xx_HAL_Driver/Src/stm32l5xx_hal_hash.c:816:19:HAL_HASH_SHA1_Start	24	static
C:/Users/super/STM32CubeIDE/workspace/SLAPP/LDP-Baseline/Drivers/STM32L5xx_HAL_Driver/Src/stm32l5xx_hal_hash.c:841:19:HAL_HASH_SHA1_Accmlt	8	static
C:/Users/super/STM32CubeIDE/workspace/SLAPP/LDP-Baseline/Drivers/STM32L5xx_HAL_Driver/Src/stm32l5xx_hal_hash.c:856:19:HAL_HASH_SHA1_Accmlt_End	24	static
C:/Users/super/STM32CubeIDE/workspace/SLAPP/LDP-Baseline/Drivers/STM32L5xx_HAL_Driver/Src/stm32l5xx_hal_hash.c:903:19:HAL_HASH_MD5_Start_IT	16	static
C:/Users/super/STM32CubeIDE/workspace/SLAPP/LDP-Baseline/Drivers/STM32L5xx_HAL_Driver/Src/stm32l5xx_hal_hash.c:926:19:HAL_HASH_MD5_Accmlt_IT	16	static
C:/Users/super/STM32CubeIDE/workspace/SLAPP/LDP-Baseline/Drivers/STM32L5xx_HAL_Driver/Src/stm32l5xx_hal_hash.c:940:19:HAL_HASH_MD5_Accmlt_End_IT	16	static
C:/Users/super/STM32CubeIDE/workspace/SLAPP/LDP-Baseline/Drivers/STM32L5xx_HAL_Driver/Src/stm32l5xx_hal_hash.c:955:19:HAL_HASH_SHA1_Start_IT	16	static
C:/Users/super/STM32CubeIDE/workspace/SLAPP/LDP-Baseline/Drivers/STM32L5xx_HAL_Driver/Src/stm32l5xx_hal_hash.c:979:19:HAL_HASH_SHA1_Accmlt_IT	16	static
C:/Users/super/STM32CubeIDE/workspace/SLAPP/LDP-Baseline/Drivers/STM32L5xx_HAL_Driver/Src/stm32l5xx_hal_hash.c:993:19:HAL_HASH_SHA1_Accmlt_End_IT	16	static
C:/Users/super/STM32CubeIDE/workspace/SLAPP/LDP-Baseline/Drivers/STM32L5xx_HAL_Driver/Src/stm32l5xx_hal_hash.c:1007:6:HAL_HASH_IRQHandler	16	static
C:/Users/super/STM32CubeIDE/workspace/SLAPP/LDP-Baseline/Drivers/STM32L5xx_HAL_Driver/Src/stm32l5xx_hal_hash.c:1065:19:HAL_HASH_MD5_Start_DMA	16	static
C:/Users/super/STM32CubeIDE/workspace/SLAPP/LDP-Baseline/Drivers/STM32L5xx_HAL_Driver/Src/stm32l5xx_hal_hash.c:1080:19:HAL_HASH_MD5_Finish	24	static
C:/Users/super/STM32CubeIDE/workspace/SLAPP/LDP-Baseline/Drivers/STM32L5xx_HAL_Driver/Src/stm32l5xx_hal_hash.c:1095:19:HAL_HASH_SHA1_Start_DMA	16	static
C:/Users/super/STM32CubeIDE/workspace/SLAPP/LDP-Baseline/Drivers/STM32L5xx_HAL_Driver/Src/stm32l5xx_hal_hash.c:1111:19:HAL_HASH_SHA1_Finish	24	static
C:/Users/super/STM32CubeIDE/workspace/SLAPP/LDP-Baseline/Drivers/STM32L5xx_HAL_Driver/Src/stm32l5xx_hal_hash.c:1152:19:HAL_HMAC_MD5_Start	24	static
C:/Users/super/STM32CubeIDE/workspace/SLAPP/LDP-Baseline/Drivers/STM32L5xx_HAL_Driver/Src/stm32l5xx_hal_hash.c:1170:19:HAL_HMAC_SHA1_Start	24	static
C:/Users/super/STM32CubeIDE/workspace/SLAPP/LDP-Baseline/Drivers/STM32L5xx_HAL_Driver/Src/stm32l5xx_hal_hash.c:1211:19:HAL_HMAC_MD5_Start_IT	20	static
C:/Users/super/STM32CubeIDE/workspace/SLAPP/LDP-Baseline/Drivers/STM32L5xx_HAL_Driver/Src/stm32l5xx_hal_hash.c:1228:19:HAL_HMAC_SHA1_Start_IT	20	static
C:/Users/super/STM32CubeIDE/workspace/SLAPP/LDP-Baseline/Drivers/STM32L5xx_HAL_Driver/Src/stm32l5xx_hal_hash.c:1281:19:HAL_HMAC_MD5_Start_DMA	16	static
C:/Users/super/STM32CubeIDE/workspace/SLAPP/LDP-Baseline/Drivers/STM32L5xx_HAL_Driver/Src/stm32l5xx_hal_hash.c:1306:19:HAL_HMAC_SHA1_Start_DMA	16	static
C:/Users/super/STM32CubeIDE/workspace/SLAPP/LDP-Baseline/Drivers/STM32L5xx_HAL_Driver/Src/stm32l5xx_hal_hash.c:1353:23:HAL_HASH_GetState	0	static
C:/Users/super/STM32CubeIDE/workspace/SLAPP/LDP-Baseline/Drivers/STM32L5xx_HAL_Driver/Src/stm32l5xx_hal_hash.c:1366:19:HAL_HASH_GetStatus	0	static
C:/Users/super/STM32CubeIDE/workspace/SLAPP/LDP-Baseline/Drivers/STM32L5xx_HAL_Driver/Src/stm32l5xx_hal_hash.c:1384:6:HAL_HASH_ContextSaving	4	static
C:/Users/super/STM32CubeIDE/workspace/SLAPP/LDP-Baseline/Drivers/STM32L5xx_HAL_Driver/Src/stm32l5xx_hal_hash.c:1424:6:HAL_HASH_ContextRestoring	4	static
C:/Users/super/STM32CubeIDE/workspace/SLAPP/LDP-Baseline/Drivers/STM32L5xx_HAL_Driver/Src/stm32l5xx_hal_hash.c:1467:6:HAL_HASH_SwFeed_ProcessSuspend	0	static
C:/Users/super/STM32CubeIDE/workspace/SLAPP/LDP-Baseline/Drivers/STM32L5xx_HAL_Driver/Src/stm32l5xx_hal_hash.c:1482:19:HAL_HASH_DMAFeed_ProcessSuspend	24	static
C:/Users/super/STM32CubeIDE/workspace/SLAPP/LDP-Baseline/Drivers/STM32L5xx_HAL_Driver/Src/stm32l5xx_hal_hash.c:1600:10:HAL_HASH_GetError	0	static
C:/Users/super/STM32CubeIDE/workspace/SLAPP/LDP-Baseline/Drivers/STM32L5xx_HAL_Driver/Src/stm32l5xx_hal_hash.c:2410:19:HASH_Start	24	static
C:/Users/super/STM32CubeIDE/workspace/SLAPP/LDP-Baseline/Drivers/STM32L5xx_HAL_Driver/Src/stm32l5xx_hal_hash.c:2546:19:HASH_Accumulate	16	static
C:/Users/super/STM32CubeIDE/workspace/SLAPP/LDP-Baseline/Drivers/STM32L5xx_HAL_Driver/Src/stm32l5xx_hal_hash.c:2649:19:HASH_Accumulate_IT	16	static
C:/Users/super/STM32CubeIDE/workspace/SLAPP/LDP-Baseline/Drivers/STM32L5xx_HAL_Driver/Src/stm32l5xx_hal_hash.c:2771:19:HASH_Start_IT	24	static
C:/Users/super/STM32CubeIDE/workspace/SLAPP/LDP-Baseline/Drivers/STM32L5xx_HAL_Driver/Src/stm32l5xx_hal_hash.c:2927:19:HASH_Start_DMA	16	static
C:/Users/super/STM32CubeIDE/workspace/SLAPP/LDP-Baseline/Drivers/STM32L5xx_HAL_Driver/Src/stm32l5xx_hal_hash.c:3041:19:HASH_Finish	24	static
C:/Users/super/STM32CubeIDE/workspace/SLAPP/LDP-Baseline/Drivers/STM32L5xx_HAL_Driver/Src/stm32l5xx_hal_hash.c:3102:19:HMAC_Start	24	static
C:/Users/super/STM32CubeIDE/workspace/SLAPP/LDP-Baseline/Drivers/STM32L5xx_HAL_Driver/Src/stm32l5xx_hal_hash.c:3172:19:HMAC_Start_IT	20	static
C:/Users/super/STM32CubeIDE/workspace/SLAPP/LDP-Baseline/Drivers/STM32L5xx_HAL_Driver/Src/stm32l5xx_hal_hash.c:3279:19:HMAC_Start_DMA	24	static
