Archive member included to satisfy reference by file (symbol)

c:/program files (x86)/atmel/studio/7.0/toolchain/arm/arm-gnu-toolchain/bin/../lib/gcc/arm-none-eabi/6.3.1/thumb/v8-m.base\libgcc.a(_aeabi_uldivmod.o)
                              main.o (__aeabi_uldivmod)
c:/program files (x86)/atmel/studio/7.0/toolchain/arm/arm-gnu-toolchain/bin/../lib/gcc/arm-none-eabi/6.3.1/thumb/v8-m.base\libgcc.a(_udivmoddi4.o)
                              c:/program files (x86)/atmel/studio/7.0/toolchain/arm/arm-gnu-toolchain/bin/../lib/gcc/arm-none-eabi/6.3.1/thumb/v8-m.base\libgcc.a(_aeabi_uldivmod.o) (__udivmoddi4)
c:/program files (x86)/atmel/studio/7.0/toolchain/arm/arm-gnu-toolchain/bin/../lib/gcc/arm-none-eabi/6.3.1/thumb/v8-m.base\libgcc.a(_dvmd_tls.o)
                              c:/program files (x86)/atmel/studio/7.0/toolchain/arm/arm-gnu-toolchain/bin/../lib/gcc/arm-none-eabi/6.3.1/thumb/v8-m.base\libgcc.a(_aeabi_uldivmod.o) (__aeabi_ldiv0)
c:/program files (x86)/atmel/studio/7.0/toolchain/arm/arm-gnu-toolchain/bin/../lib/gcc/arm-none-eabi/6.3.1/thumb/v8-m.base\libgcc.a(_clzsi2.o)
                              c:/program files (x86)/atmel/studio/7.0/toolchain/arm/arm-gnu-toolchain/bin/../lib/gcc/arm-none-eabi/6.3.1/thumb/v8-m.base\libgcc.a(_udivmoddi4.o) (__clzsi2)
c:/program files (x86)/atmel/studio/7.0/toolchain/arm/arm-gnu-toolchain/bin/../lib/gcc/arm-none-eabi/6.3.1/../../../../arm-none-eabi/lib/thumb/v8-m.base\libc_nano.a(lib_a-exit.o)
                              c:/program files (x86)/atmel/studio/7.0/toolchain/arm/arm-gnu-toolchain/bin/../lib/gcc/arm-none-eabi/6.3.1/../../../../arm-none-eabi/lib/thumb/v8-m.base/crt0.o (exit)
c:/program files (x86)/atmel/studio/7.0/toolchain/arm/arm-gnu-toolchain/bin/../lib/gcc/arm-none-eabi/6.3.1/../../../../arm-none-eabi/lib/thumb/v8-m.base\libc_nano.a(lib_a-impure.o)
                              c:/program files (x86)/atmel/studio/7.0/toolchain/arm/arm-gnu-toolchain/bin/../lib/gcc/arm-none-eabi/6.3.1/../../../../arm-none-eabi/lib/thumb/v8-m.base\libc_nano.a(lib_a-exit.o) (_global_impure_ptr)
c:/program files (x86)/atmel/studio/7.0/toolchain/arm/arm-gnu-toolchain/bin/../lib/gcc/arm-none-eabi/6.3.1/../../../../arm-none-eabi/lib/thumb/v8-m.base\libc_nano.a(lib_a-init.o)
                              c:/program files (x86)/atmel/studio/7.0/toolchain/arm/arm-gnu-toolchain/bin/../lib/gcc/arm-none-eabi/6.3.1/../../../../arm-none-eabi/lib/thumb/v8-m.base/crt0.o (__libc_init_array)
c:/program files (x86)/atmel/studio/7.0/toolchain/arm/arm-gnu-toolchain/bin/../lib/gcc/arm-none-eabi/6.3.1/../../../../arm-none-eabi/lib/thumb/v8-m.base\libc_nano.a(lib_a-memset.o)
                              c:/program files (x86)/atmel/studio/7.0/toolchain/arm/arm-gnu-toolchain/bin/../lib/gcc/arm-none-eabi/6.3.1/../../../../arm-none-eabi/lib/thumb/v8-m.base/crt0.o (memset)
c:/program files (x86)/atmel/studio/7.0/toolchain/arm/arm-gnu-toolchain/bin/../lib/gcc/arm-none-eabi/6.3.1/../../../../arm-none-eabi/lib/thumb/v8-m.base\libc_nano.a(lib_a-sscanf.o)
                              main.o (sscanf)
c:/program files (x86)/atmel/studio/7.0/toolchain/arm/arm-gnu-toolchain/bin/../lib/gcc/arm-none-eabi/6.3.1/../../../../arm-none-eabi/lib/thumb/v8-m.base\libc_nano.a(lib_a-stdio.o)
                              c:/program files (x86)/atmel/studio/7.0/toolchain/arm/arm-gnu-toolchain/bin/../lib/gcc/arm-none-eabi/6.3.1/../../../../arm-none-eabi/lib/thumb/v8-m.base\libc_nano.a(lib_a-sscanf.o) (__seofread)
c:/program files (x86)/atmel/studio/7.0/toolchain/arm/arm-gnu-toolchain/bin/../lib/gcc/arm-none-eabi/6.3.1/../../../../arm-none-eabi/lib/thumb/v8-m.base\libc_nano.a(lib_a-strlen.o)
                              c:/program files (x86)/atmel/studio/7.0/toolchain/arm/arm-gnu-toolchain/bin/../lib/gcc/arm-none-eabi/6.3.1/../../../../arm-none-eabi/lib/thumb/v8-m.base\libc_nano.a(lib_a-sscanf.o) (strlen)
c:/program files (x86)/atmel/studio/7.0/toolchain/arm/arm-gnu-toolchain/bin/../lib/gcc/arm-none-eabi/6.3.1/../../../../arm-none-eabi/lib/thumb/v8-m.base\libc_nano.a(lib_a-writer.o)
                              c:/program files (x86)/atmel/studio/7.0/toolchain/arm/arm-gnu-toolchain/bin/../lib/gcc/arm-none-eabi/6.3.1/../../../../arm-none-eabi/lib/thumb/v8-m.base\libc_nano.a(lib_a-stdio.o) (_write_r)
c:/program files (x86)/atmel/studio/7.0/toolchain/arm/arm-gnu-toolchain/bin/../lib/gcc/arm-none-eabi/6.3.1/../../../../arm-none-eabi/lib/thumb/v8-m.base\libc_nano.a(lib_a-closer.o)
                              c:/program files (x86)/atmel/studio/7.0/toolchain/arm/arm-gnu-toolchain/bin/../lib/gcc/arm-none-eabi/6.3.1/../../../../arm-none-eabi/lib/thumb/v8-m.base\libc_nano.a(lib_a-stdio.o) (_close_r)
c:/program files (x86)/atmel/studio/7.0/toolchain/arm/arm-gnu-toolchain/bin/../lib/gcc/arm-none-eabi/6.3.1/../../../../arm-none-eabi/lib/thumb/v8-m.base\libc_nano.a(lib_a-lseekr.o)
[...]
Memory Configuration

Name             Origin             Length             Attributes
rom              0x00008000         0x00008000         xr
ram              0x20002000         0x00002000         xrw
*default*        0x00000000         0xffffffff

Linker script and memory map

LOAD c:/program files (x86)/atmel/studio/7.0/toolchain/arm/arm-gnu-toolchain/bin/../lib/gcc/arm-none-eabi/6.3.1/thumb/v8-m.base/crti.o
LOAD c:/program files (x86)/atmel/studio/7.0/toolchain/arm/arm-gnu-toolchain/bin/../lib/gcc/arm-none-eabi/6.3.1/thumb/v8-m.base/crtbegin.o
LOAD c:/program files (x86)/atmel/studio/7.0/toolchain/arm/arm-gnu-toolchain/bin/../lib/gcc/arm-none-eabi/6.3.1/../../../../arm-none-eabi/lib/thumb/v8-m.base/crt0.o
LOAD Device_Startup/startup_saml11e16a.o
LOAD Device_Startup/system_saml11e16a.o
LOAD main.o
START GROUP
LOAD ..\..\SecureApp\Debug/secureapp-cmse-implib.lib
LOAD c:/program files (x86)/atmel/studio/7.0/toolchain/arm/arm-gnu-toolchain/bin/../lib/gcc/arm-none-eabi/6.3.1/../../../../arm-none-eabi/lib/thumb/v8-m.base\libm.a
END GROUP
START GROUP
LOAD c:/program files (x86)/atmel/studio/7.0/toolchain/arm/arm-gnu-toolchain/bin/../lib/gcc/arm-none-eabi/6.3.1/thumb/v8-m.base\libgcc.a
LOAD c:/program files (x86)/atmel/studio/7.0/toolchain/arm/arm-gnu-toolchain/bin/../lib/gcc/arm-none-eabi/6.3.1/../../../../arm-none-eabi/lib/thumb/v8-m.base\libc_nano.a
END GROUP
START GROUP
LOAD c:/program files (x86)/atmel/studio/7.0/toolchain/arm/arm-gnu-toolchain/bin/../lib/gcc/arm-none-eabi/6.3.1/thumb/v8-m.base\libgcc.a
LOAD c:/program files (x86)/atmel/studio/7.0/toolchain/arm/arm-gnu-toolchain/bin/../lib/gcc/arm-none-eabi/6.3.1/../../../../arm-none-eabi/lib/thumb/v8-m.base\libc_nano.a
LOAD c:/program files (x86)/atmel/studio/7.0/toolchain/arm/arm-gnu-toolchain/bin/../lib/gcc/arm-none-eabi/6.3.1/../../../../arm-none-eabi/lib/thumb/v8-m.base\libnosys.a
END GROUP
START GROUP
LOAD c:/program files (x86)/atmel/studio/7.0/toolchain/arm/arm-gnu-toolchain/bin/../lib/gcc/arm-none-eabi/6.3.1/thumb/v8-m.base\libgcc.a
LOAD c:/program files (x86)/atmel/studio/7.0/toolchain/arm/arm-gnu-toolchain/bin/../lib/gcc/arm-none-eabi/6.3.1/../../../../arm-none-eabi/lib/thumb/v8-m.base\libc_nano.a
LOAD c:/program files (x86)/atmel/studio/7.0/toolchain/arm/arm-gnu-toolchain/bin/../lib/gcc/arm-none-eabi/6.3.1/../../../../arm-none-eabi/lib/thumb/v8-m.base\libnosys.a
END GROUP
LOAD c:/program files (x86)/atmel/studio/7.0/toolchain/arm/arm-gnu-toolchain/bin/../lib/gcc/arm-none-eabi/6.3.1/thumb/v8-m.base/crtend.o
LOAD c:/program files (x86)/atmel/studio/7.0/toolchain/arm/arm-gnu-toolchain/bin/../lib/gcc/arm-none-eabi/6.3.1/thumb/v8-m.base/crtn.o
                0x00000400                STACK_SIZE = DEFINED (STACK_SIZE)?STACK_SIZE:DEFINED (__stack_size__)?__stack_size__:0x400
                0x00000200                HEAP_SIZE = DEFINED (HEAP_SIZE)?HEAP_SIZE:DEFINED (__heap_size__)?__heap_size__:0x200

.text           0x00008000     0x1834
                0x00008000                . = ALIGN (0x4)
                0x00008000                _sfixed = .
 *(.vectors .vectors.*)
 .vectors       0x00008000       0xf4 Device_Startup/startup_saml11e16a.o
                0x00008000                exception_table
 *(.text .text.* .gnu.linkonce.t.*)
 .text          0x000080f4       0x6c c:/program files (x86)/atmel/studio/7.0/toolchain/arm/arm-gnu-toolchain/bin/../lib/gcc/arm-none-eabi/6.3.1/thumb/v8-m.base/crtbegin.o
 .text.Dummy_Handler
                0x00008160        0x2 Device_Startup/startup_saml11e16a.o
                0x00008160                SVCall_Handler
                0x00008160                SERCOM0_2_Handler
                0x00008160                EVSYS_0_Handler
                0x00008160                TRNG_Handler
                0x00008160                HardFault_Handler
                0x00008160                ADC_RESRDY_Handler
                0x00008160                TC2_Handler
                0x00008160                AC_Handler
                0x00008160                DMAC_OTHER_Handler
                0x00008160                SysTick_Handler
                0x00008160                PendSV_Handler
                0x00008160                EVSYS_3_Handler
                0x00008160                NonMaskableInt_Handler
                0x00008160                SERCOM0_OTHER_Handler
                0x00008160                EIC_3_Handler
                0x00008160                SERCOM0_0_Handler
                0x00008160                RTC_Handler
                0x00008160                SERCOM1_OTHER_Handler
                0x00008160                EVSYS_1_Handler
                0x00008160                DMAC_0_Handler
                0x00008160                WDT_Handler
                0x00008160                TRAM_Handler
                0x00008160                EVSYS_NSCHK_Handler
                0x00008160                DAC_EMPTY_Handler
                0x00008160                PAC_Handler
                0x00008160                EIC_0_Handler
                0x00008160                Dummy_Handler
                0x00008160                DMAC_2_Handler
                0x00008160                SERCOM0_1_Handler
                0x00008160                DMAC_1_Handler
                0x00008160                SERCOM1_1_Handler
                0x00008160                EIC_2_Handler
                0x00008160                NVMCTRL_Handler
                0x00008160                PORT_Handler
                0x00008160                SYSTEM_Handler
                0x00008160                SERCOM1_0_Handler
                0x00008160                SERCOM2_1_Handler
                0x00008160                SERCOM1_2_Handler
                0x00008160                EIC_1_Handler
                0x00008160                SERCOM2_2_Handler
                0x00008160                PTC_Handler
                0x00008160                EVSYS_2_Handler
                0x00008160                SERCOM2_OTHER_Handler
                0x00008160                FREQM_Handler
                0x00008160                DAC_UNDERRUN_A_Handler
                0x00008160                TC0_Handler
                0x00008160                EIC_OTHER_Handler
                0x00008160                ADC_OTHER_Handler
                0x00008160                DMAC_3_Handler
                0x00008160                SERCOM2_0_Handler
 .text.Reset_Handler
                0x00008162       0x84 Device_Startup/startup_saml11e16a.o
                0x00008162                Reset_Handler
 .text.timer_set_period
                0x000081e6       0x18 main.o
 .text.timer_init
                0x000081fe       0x6c main.o
 .text.uart_init
                0x0000826a       0xe6 main.o
 .text.uart_putc
                0x00008350       0x1c main.o
 .text.uart_puts
                0x0000836c       0x1a main.o
 .text.uart_puti
                0x00008386       0x40 main.o
 .text.uart_getc
                0x000083c6       0x40 main.o
 .text.uart_gets
                0x00008406       0x3a main.o
 .text.uart_geti
                0x00008440       0x2c main.o
 .text.TC1_Handler
                0x0000846c       0x28 main.o
                0x0000846c                TC1_Handler
 .text.main     0x00008494       0xba main.o
                0x00008494                main
 *fill*         0x0000854e        0x2 
 .text          0x00008550       0x40 c:/program files (x86)/atmel/studio/7.0/toolchain/arm/arm-gnu-toolchain/bin/../lib/gcc/arm-none-eabi/6.3.1/thumb/v8-m.base\libgcc.a(_aeabi_uldivmod.o)
                0x00008550                __aeabi_uldivmod
 .text          0x00008590      0x3b4 c:/program files (x86)/atmel/studio/7.0/toolchain/arm/arm-gnu-toolchain/bin/../lib/gcc/arm-none-eabi/6.3.1/thumb/v8-m.base\libgcc.a(_udivmoddi4.o)
                0x00008590                __udivmoddi4
 .text          0x00008944        0x4 c:/program files (x86)/atmel/studio/7.0/toolchain/arm/arm-gnu-toolchain/bin/../lib/gcc/arm-none-eabi/6.3.1/thumb/v8-m.base\libgcc.a(_dvmd_tls.o)
                0x00008944                __aeabi_idiv0
                0x00008944                __aeabi_ldiv0
 .text          0x00008948       0x3c c:/program files (x86)/atmel/studio/7.0/toolchain/arm/arm-gnu-toolchain/bin/../lib/gcc/arm-none-eabi/6.3.1/thumb/v8-m.base\libgcc.a(_clzsi2.o)
                0x00008948                __clzsi2
 .text.__libc_init_array
                0x00008984       0x50 c:/program files (x86)/atmel/studio/7.0/toolchain/arm/arm-gnu-toolchain/bin/../lib/gcc/arm-none-eabi/6.3.1/../../../../arm-none-eabi/lib/thumb/v8-m.base\libc_nano.a(lib_a-init.o)
                0x00008984                __libc_init_array
 .text.sscanf   0x000089d4       0x50 c:/program files (x86)/atmel/studio/7.0/toolchain/arm/arm-gnu-toolchain/bin/../lib/gcc/arm-none-eabi/6.3.1/../../../../arm-none-eabi/lib/thumb/v8-m.base\libc_nano.a(lib_a-sscanf.o)
                0x000089d4                siscanf
                0x000089d4                sscanf
 .text.__seofread
                0x00008a24        0x4 c:/program files (x86)/atmel/studio/7.0/toolchain/arm/arm-gnu-toolchain/bin/../lib/gcc/arm-none-eabi/6.3.1/../../../../arm-none-eabi/lib/thumb/v8-m.base\libc_nano.a(lib_a-stdio.o)
                0x00008a24                __seofread
 .text          0x00008a28        0xe c:/program files (x86)/atmel/studio/7.0/toolchain/arm/arm-gnu-toolchain/bin/../lib/gcc/arm-none-eabi/6.3.1/../../../../arm-none-eabi/lib/thumb/v8-m.base\libc_nano.a(lib_a-strlen.o)
                0x00008a28                strlen
 .text._sungetc_r
                0x00008a36       0x74 c:/program files (x86)/atmel/studio/7.0/toolchain/arm/arm-gnu-toolchain/bin/../lib/gcc/arm-none-eabi/6.3.1/../../../../arm-none-eabi/lib/thumb/v8-m.base\libc_nano.a(lib_a-nano-svfscanf.o)
                0x00008a36                _sungetc_r
 .text.__ssrefill_r
                0x00008aaa       0x3a c:/program files (x86)/atmel/studio/7.0/toolchain/arm/arm-gnu-toolchain/bin/../lib/gcc/arm-none-eabi/6.3.1/../../../../arm-none-eabi/lib/thumb/v8-m.base\libc_nano.a(lib_a-nano-svfscanf.o)
                0x00008aaa                __ssrefill_r
 .text.__ssvfscanf_r
                0x00008ae4      0x30c c:/program files (x86)/atmel/studio/7.0/toolchain/arm/arm-gnu-toolchain/bin/../lib/gcc/arm-none-eabi/6.3.1/../../../../arm-none-eabi/lib/thumb/v8-m.base\libc_nano.a(lib_a-nano-svfscanf.o)
                0x00008ae4                __ssvfiscanf_r
                0x00008ae4                __ssvfscanf_r
 .text._scanf_chars
                0x00008df0       0xbc c:/program files (x86)/atmel/studio/7.0/toolchain/arm/arm-gnu-toolchain/bin/../lib/gcc/arm-none-eabi/6.3.1/../../../../arm-none-eabi/lib/thumb/v8-m.base\libc_nano.a(lib_a-nano-vfscanf_i.o)
                0x00008df0                _scanf_chars
 .text._scanf_i
                0x00008eac      0x1f4 c:/program files (x86)/atmel/studio/7.0/toolchain/arm/arm-gnu-toolchain/bin/../lib/gcc/arm-none-eabi/6.3.1/../../../../arm-none-eabi/lib/thumb/v8-m.base\libc_nano.a(lib_a-nano-vfscanf_i.o)
                0x00008eac                _scanf_i
 .text.__sccl   0x000090a0       0x5e c:/program files (x86)/atmel/studio/7.0/toolchain/arm/arm-gnu-toolchain/bin/../lib/gcc/arm-none-eabi/6.3.1/../../../../arm-none-eabi/lib/thumb/v8-m.base\libc_nano.a(lib_a-sccl.o)
                0x000090a0                __sccl
 *fill*         0x000090fe        0x2 
 .text._strtol_l.isra.0
                0x00009100       0xfc c:/program files (x86)/atmel/studio/7.0/toolchain/arm/arm-gnu-toolchain/bin/../lib/gcc/arm-none-eabi/6.3.1/../../../../arm-none-eabi/lib/thumb/v8-m.base\libc_nano.a(lib_a-strtol.o)
 .text._strtol_r
                0x000091fc       0x1c c:/program files (x86)/atmel/studio/7.0/toolchain/arm/arm-gnu-toolchain/bin/../lib/gcc/arm-none-eabi/6.3.1/../../../../arm-none-eabi/lib/thumb/v8-m.base\libc_nano.a(lib_a-strtol.o)
                0x000091fc                _strtol_r
 .text._strtoul_l.isra.0
                0x00009218       0xfa c:/program files (x86)/atmel/studio/7.0/toolchain/arm/arm-gnu-toolchain/bin/../lib/gcc/arm-none-eabi/6.3.1/../../../../arm-none-eabi/lib/thumb/v8-m.base\libc_nano.a(lib_a-strtoul.o)
 *fill*         0x00009312        0x2 
 .text._strtoul_r
                0x00009314       0x1c c:/program files (x86)/atmel/studio/7.0/toolchain/arm/arm-gnu-toolchain/bin/../lib/gcc/arm-none-eabi/6.3.1/../../../../arm-none-eabi/lib/thumb/v8-m.base\libc_nano.a(lib_a-strtoul.o)
                0x00009314                _strtoul_r
 .text.__submore
                0x00009330       0x74 c:/program files (x86)/atmel/studio/7.0/toolchain/arm/arm-gnu-toolchain/bin/../lib/gcc/arm-none-eabi/6.3.1/../../../../arm-none-eabi/lib/thumb/v8-m.base\libc_nano.a(lib_a-ungetc.o)
                0x00009330                __submore
 .text.__locale_ctype_ptr_l
                0x000093a4        0x6 c:/program files (x86)/atmel/studio/7.0/toolchain/arm/arm-gnu-toolchain/bin/../lib/gcc/arm-none-eabi/6.3.1/../../../../arm-none-eabi/lib/thumb/v8-m.base\libc_nano.a(lib_a-locale.o)
                0x000093a4                __locale_ctype_ptr_l
 *fill*         0x000093aa        0x2 
 .text.__locale_ctype_ptr
                0x000093ac       0x18 c:/program files (x86)/atmel/studio/7.0/toolchain/arm/arm-gnu-toolchain/bin/../lib/gcc/arm-none-eabi/6.3.1/../../../../arm-none-eabi/lib/thumb/v8-m.base\libc_nano.a(lib_a-locale.o)
                0x000093ac                __locale_ctype_ptr
 .text.__ascii_mbtowc
                0x000093c4       0x20 c:/program files (x86)/atmel/studio/7.0/toolchain/arm/arm-gnu-toolchain/bin/../lib/gcc/arm-none-eabi/6.3.1/../../../../arm-none-eabi/lib/thumb/v8-m.base\libc_nano.a(lib_a-mbtowc_r.o)
                0x000093c4                __ascii_mbtowc
 .text.memchr   0x000093e4       0x16 c:/program files (x86)/atmel/studio/7.0/toolchain/arm/arm-gnu-toolchain/bin/../lib/gcc/arm-none-eabi/6.3.1/../../../../arm-none-eabi/lib/thumb/v8-m.base\libc_nano.a(lib_a-memchr-stub.o)
                0x000093e4                memchr
 .text.memcpy   0x000093fa       0x12 c:/program files (x86)/atmel/studio/7.0/toolchain/arm/arm-gnu-toolchain/bin/../lib/gcc/arm-none-eabi/6.3.1/../../../../arm-none-eabi/lib/thumb/v8-m.base\libc_nano.a(lib_a-memcpy-stub.o)
                0x000093fa                memcpy
 .text._free_r  0x0000940c       0x94 c:/program files (x86)/atmel/studio/7.0/toolchain/arm/arm-gnu-toolchain/bin/../lib/gcc/arm-none-eabi/6.3.1/../../../../arm-none-eabi/lib/thumb/v8-m.base\libc_nano.a(lib_a-nano-freer.o)
                0x0000940c                _free_r
 .text._malloc_r
                0x000094a0       0xbc c:/program files (x86)/atmel/studio/7.0/toolchain/arm/arm-gnu-toolchain/bin/../lib/gcc/arm-none-eabi/6.3.1/../../../../arm-none-eabi/lib/thumb/v8-m.base\libc_nano.a(lib_a-nano-mallocr.o)
                0x000094a0                _malloc_r
 .text._realloc_r
                0x0000955c       0x4a c:/program files (x86)/atmel/studio/7.0/toolchain/arm/arm-gnu-toolchain/bin/../lib/gcc/arm-none-eabi/6.3.1/../../../../arm-none-eabi/lib/thumb/v8-m.base\libc_nano.a(lib_a-nano-reallocr.o)
                0x0000955c                _realloc_r
 *fill*         0x000095a6        0x2 
 .text._sbrk_r  0x000095a8       0x20 c:/program files (x86)/atmel/studio/7.0/toolchain/arm/arm-gnu-toolchain/bin/../lib/gcc/arm-none-eabi/6.3.1/../../../../arm-none-eabi/lib/thumb/v8-m.base\libc_nano.a(lib_a-sbrkr.o)
                0x000095a8                _sbrk_r
 .text.__ascii_wctomb
                0x000095c8       0x18 c:/program files (x86)/atmel/studio/7.0/toolchain/arm/arm-gnu-toolchain/bin/../lib/gcc/arm-none-eabi/6.3.1/../../../../arm-none-eabi/lib/thumb/v8-m.base\libc_nano.a(lib_a-wctomb_r.o)
                0x000095c8                __ascii_wctomb
 .text.__malloc_lock
                0x000095e0        0x2 c:/program files (x86)/atmel/studio/7.0/toolchain/arm/arm-gnu-toolchain/bin/../lib/gcc/arm-none-eabi/6.3.1/../../../../arm-none-eabi/lib/thumb/v8-m.base\libc_nano.a(lib_a-mlock.o)
                0x000095e0                __malloc_lock
 .text.__malloc_unlock
                0x000095e2        0x2 c:/program files (x86)/atmel/studio/7.0/toolchain/arm/arm-gnu-toolchain/bin/../lib/gcc/arm-none-eabi/6.3.1/../../../../arm-none-eabi/lib/thumb/v8-m.base\libc_nano.a(lib_a-mlock.o)
                0x000095e2                __malloc_unlock
 .text._malloc_usable_size_r
                0x000095e4       0x10 c:/program files (x86)/atmel/studio/7.0/toolchain/arm/arm-gnu-toolchain/bin/../lib/gcc/arm-none-eabi/6.3.1/../../../../arm-none-eabi/lib/thumb/v8-m.base\libc_nano.a(lib_a-nano-msizer.o)
                0x000095e4                _malloc_usable_size_r
 .text._sbrk    0x000095f4       0x20 c:/program files (x86)/atmel/studio/7.0/toolchain/arm/arm-gnu-toolchain/bin/../lib/gcc/arm-none-eabi/6.3.1/../../../../arm-none-eabi/lib/thumb/v8-m.base\libnosys.a(sbrk.o)
                0x000095f4                _sbrk
 *(.glue_7t)
 .glue_7t       0x00009614        0x0 linker stubs
 *(.glue_7)
 .glue_7        0x00009614        0x0 linker stubs
 *(.rodata .rodata* .gnu.linkonce.r.*)
 .rodata.str1.4
                0x00009614       0x68 main.o
                                 0x6b (size before relaxing)
 .rodata.__ssvfscanf_r.str1.1
                0x0000967c        0x4 c:/program files (x86)/atmel/studio/7.0/toolchain/arm/arm-gnu-toolchain/bin/../lib/gcc/arm-none-eabi/6.3.1/../../../../arm-none-eabi/lib/thumb/v8-m.base\libc_nano.a(lib_a-nano-svfscanf.o)
 .rodata        0x00009680        0xc c:/program files (x86)/atmel/studio/7.0/toolchain/arm/arm-gnu-toolchain/bin/../lib/gcc/arm-none-eabi/6.3.1/../../../../arm-none-eabi/lib/thumb/v8-m.base\libc_nano.a(lib_a-nano-vfscanf_i.o)
 .rodata._scanf_i.str1.1
                0x0000968c       0x12 c:/program files (x86)/atmel/studio/7.0/toolchain/arm/arm-gnu-toolchain/bin/../lib/gcc/arm-none-eabi/6.3.1/../../../../arm-none-eabi/lib/thumb/v8-m.base\libc_nano.a(lib_a-nano-vfscanf_i.o)
 .rodata.str1.1
                0x0000969e        0x9 c:/program files (x86)/atmel/studio/7.0/toolchain/arm/arm-gnu-toolchain/bin/../lib/gcc/arm-none-eabi/6.3.1/../../../../arm-none-eabi/lib/thumb/v8-m.base\libc_nano.a(lib_a-nano-vfscanf_i.o)
 *fill*         0x000096a7        0x1 
 .rodata.__sf_fake_stderr
                0x000096a8       0x20 c:/program files (x86)/atmel/studio/7.0/toolchain/arm/arm-gnu-toolchain/bin/../lib/gcc/arm-none-eabi/6.3.1/../../../../arm-none-eabi/lib/thumb/v8-m.base\libc_nano.a(lib_a-findfp.o)
                0x000096a8                __sf_fake_stderr
 .rodata.__sf_fake_stdin
                0x000096c8       0x20 c:/program files (x86)/atmel/studio/7.0/toolchain/arm/arm-gnu-toolchain/bin/../lib/gcc/arm-none-eabi/6.3.1/../../../../arm-none-eabi/lib/thumb/v8-m.base\libc_nano.a(lib_a-findfp.o)
                0x000096c8                __sf_fake_stdin
 .rodata.__sf_fake_stdout
                0x000096e8       0x20 c:/program files (x86)/atmel/studio/7.0/toolchain/arm/arm-gnu-toolchain/bin/../lib/gcc/arm-none-eabi/6.3.1/../../../../arm-none-eabi/lib/thumb/v8-m.base\libc_nano.a(lib_a-findfp.o)
                0x000096e8                __sf_fake_stdout
 .rodata._setlocale_r.str1.1
                0x00009708        0x8 c:/program files (x86)/atmel/studio/7.0/toolchain/arm/arm-gnu-toolchain/bin/../lib/gcc/arm-none-eabi/6.3.1/../../../../arm-none-eabi/lib/thumb/v8-m.base\libc_nano.a(lib_a-locale.o)
                                  0x9 (size before relaxing)
 .rodata.str1.1
                0x00009710        0x2 c:/program files (x86)/atmel/studio/7.0/toolchain/arm/arm-gnu-toolchain/bin/../lib/gcc/arm-none-eabi/6.3.1/../../../../arm-none-eabi/lib/thumb/v8-m.base\libc_nano.a(lib_a-locale.o)
 .rodata._ctype_
                0x00009712      0x101 c:/program files (x86)/atmel/studio/7.0/toolchain/arm/arm-gnu-toolchain/bin/../lib/gcc/arm-none-eabi/6.3.1/../../../../arm-none-eabi/lib/thumb/v8-m.base\libc_nano.a(lib_a-ctype_.o)
                0x00009712                _ctype_
 *(.ARM.extab* .gnu.linkonce.armextab.*)
                0x00009814                . = ALIGN (0x4)
 *fill*         0x00009813        0x1 
 *(.init)
 .init          0x00009814        0x4 c:/program files (x86)/atmel/studio/7.0/toolchain/arm/arm-gnu-toolchain/bin/../lib/gcc/arm-none-eabi/6.3.1/thumb/v8-m.base/crti.o
                0x00009814                _init
 .init          0x00009818        0x8 c:/program files (x86)/atmel/studio/7.0/toolchain/arm/arm-gnu-toolchain/bin/../lib/gcc/arm-none-eabi/6.3.1/thumb/v8-m.base/crtn.o
                0x00009820                . = ALIGN (0x4)
                0x00009820                __preinit_array_start = .
 *(.preinit_array)
                0x00009820                __preinit_array_end = .
                0x00009820                . = ALIGN (0x4)
                0x00009820                __init_array_start = .
 *(SORT(.init_array.*))
 *(.init_array)
 .init_array    0x00009820        0x4 c:/program files (x86)/atmel/studio/7.0/toolchain/arm/arm-gnu-toolchain/bin/../lib/gcc/arm-none-eabi/6.3.1/thumb/v8-m.base/crtbegin.o
                0x00009824                __init_array_end = .
                0x00009824                . = ALIGN (0x4)
 *crtbegin.o(.ctors)
 *(EXCLUDE_FILE(*crtend.o) .ctors)
 *(SORT(.ctors.*))
 *crtend.o(.ctors)
                0x00009824                . = ALIGN (0x4)
 *(.fini)
 .fini          0x00009824        0x4 c:/program files (x86)/atmel/studio/7.0/toolchain/arm/arm-gnu-toolchain/bin/../lib/gcc/arm-none-eabi/6.3.1/thumb/v8-m.base/crti.o
                0x00009824                _fini
 .fini          0x00009828        0x8 c:/program files (x86)/atmel/studio/7.0/toolchain/arm/arm-gnu-toolchain/bin/../lib/gcc/arm-none-eabi/6.3.1/thumb/v8-m.base/crtn.o
                0x00009830                . = ALIGN (0x4)
                0x00009830                __fini_array_start = .
 *(.fini_array)
 .fini_array    0x00009830        0x4 c:/program files (x86)/atmel/studio/7.0/toolchain/arm/arm-gnu-toolchain/bin/../lib/gcc/arm-none-eabi/6.3.1/thumb/v8-m.base/crtbegin.o
 *(SORT(.fini_array.*))
                0x00009834                __fini_array_end = .
 *crtbegin.o(.dtors)
 *(EXCLUDE_FILE(*crtend.o) .dtors)
 *(SORT(.dtors.*))
 *crtend.o(.dtors)
                0x00009834                . = ALIGN (0x4)
                0x00009834                _efixed = .
                [!provide]                PROVIDE (__exidx_start, .)

.vfp11_veneer   0x00009834        0x0
 .vfp11_veneer  0x00009834        0x0 linker stubs

.v4_bx          0x00009834        0x0
 .v4_bx         0x00009834        0x0 linker stubs

.iplt           0x00009834        0x0
 .iplt          0x00009834        0x0 c:/program files (x86)/atmel/studio/7.0/toolchain/arm/arm-gnu-toolchain/bin/../lib/gcc/arm-none-eabi/6.3.1/thumb/v8-m.base/crtbegin.o

.ARM.exidx      0x00009834        0x8
 *(.ARM.exidx* .gnu.linkonce.armexidx.*)
 .ARM.exidx     0x00009834        0x8 c:/program files (x86)/atmel/studio/7.0/toolchain/arm/arm-gnu-toolchain/bin/../lib/gcc/arm-none-eabi/6.3.1/thumb/v8-m.base\libgcc.a(_udivmoddi4.o)
                [!provide]                PROVIDE (__exidx_end, .)

.eh_frame       0x0000983c        0x0
 .eh_frame      0x0000983c        0x0 c:/program files (x86)/atmel/studio/7.0/toolchain/arm/arm-gnu-toolchain/bin/../lib/gcc/arm-none-eabi/6.3.1/thumb/v8-m.base/crtbegin.o

.rel.dyn        0x0000983c        0x0
 .rel.iplt      0x0000983c        0x0 c:/program files (x86)/atmel/studio/7.0/toolchain/arm/arm-gnu-toolchain/bin/../lib/gcc/arm-none-eabi/6.3.1/thumb/v8-m.base/crtbegin.o

.jcr            0x0000983c        0x0
 .jcr           0x0000983c        0x0 c:/program files (x86)/atmel/studio/7.0/toolchain/arm/arm-gnu-toolchain/bin/../lib/gcc/arm-none-eabi/6.3.1/thumb/v8-m.base/crtbegin.o

.igot.plt       0x0000983c        0x0
 .igot.plt      0x0000983c        0x0 c:/program files (x86)/atmel/studio/7.0/toolchain/arm/arm-gnu-toolchain/bin/../lib/gcc/arm-none-eabi/6.3.1/thumb/v8-m.base/crtbegin.o
                0x0000983c                . = ALIGN (0x4)
                0x0000983c                _etext = .

.relocate       0x20002000      0x1d0 load address 0x0000983c
                0x20002000                . = ALIGN (0x4)
                0x20002000                _srelocate = .
 *(.ramfunc .ramfunc.*)
 *(.data .data.*)
 .data._impure_ptr
                0x20002000        0x4 c:/program files (x86)/atmel/studio/7.0/toolchain/arm/arm-gnu-toolchain/bin/../lib/gcc/arm-none-eabi/6.3.1/../../../../arm-none-eabi/lib/thumb/v8-m.base\libc_nano.a(lib_a-impure.o)
                0x20002000                _impure_ptr
 .data.impure_data
                0x20002004       0x60 c:/program files (x86)/atmel/studio/7.0/toolchain/arm/arm-gnu-toolchain/bin/../lib/gcc/arm-none-eabi/6.3.1/../../../../arm-none-eabi/lib/thumb/v8-m.base\libc_nano.a(lib_a-impure.o)
 .data.__global_locale
                0x20002064      0x16c c:/program files (x86)/atmel/studio/7.0/toolchain/arm/arm-gnu-toolchain/bin/../lib/gcc/arm-none-eabi/6.3.1/../../../../arm-none-eabi/lib/thumb/v8-m.base\libc_nano.a(lib_a-locale.o)
                0x20002064                __global_locale
                0x200021d0                . = ALIGN (0x4)
                0x200021d0                _erelocate = .

.bss            0x200021d0       0x34 load address 0x00009a0c
                0x200021d0                . = ALIGN (0x4)
                0x200021d0                _sbss = .
                0x200021d0                _szero = .
 *(.bss .bss.*)
 .bss           0x200021d0       0x1c c:/program files (x86)/atmel/studio/7.0/toolchain/arm/arm-gnu-toolchain/bin/../lib/gcc/arm-none-eabi/6.3.1/thumb/v8-m.base/crtbegin.o
 .bss.__malloc_free_list
                0x200021ec        0x4 c:/program files (x86)/atmel/studio/7.0/toolchain/arm/arm-gnu-toolchain/bin/../lib/gcc/arm-none-eabi/6.3.1/../../../../arm-none-eabi/lib/thumb/v8-m.base\libc_nano.a(lib_a-nano-mallocr.o)
                0x200021ec                __malloc_free_list
 .bss.__malloc_sbrk_start
                0x200021f0        0x4 c:/program files (x86)/atmel/studio/7.0/toolchain/arm/arm-gnu-toolchain/bin/../lib/gcc/arm-none-eabi/6.3.1/../../../../arm-none-eabi/lib/thumb/v8-m.base\libc_nano.a(lib_a-nano-mallocr.o)
                0x200021f0                __malloc_sbrk_start
 .bss.heap_end.4116
                0x200021f4        0x4 c:/program files (x86)/atmel/studio/7.0/toolchain/arm/arm-gnu-toolchain/bin/../lib/gcc/arm-none-eabi/6.3.1/../../../../arm-none-eabi/lib/thumb/v8-m.base\libnosys.a(sbrk.o)
 *(COMMON)
 COMMON         0x200021f8        0x8 main.o
                0x200021f8                val2
                0x200021fc                val1
 COMMON         0x20002200        0x4 c:/program files (x86)/atmel/studio/7.0/toolchain/arm/arm-gnu-toolchain/bin/../lib/gcc/arm-none-eabi/6.3.1/../../../../arm-none-eabi/lib/thumb/v8-m.base\libc_nano.a(lib_a-reent.o)
                0x20002200                errno
                0x20002204                . = ALIGN (0x4)
                0x20002204                _ebss = .
                0x20002204                _ezero = .

.heap           0x20002204      0x204 load address 0x00009a40
                0x20002208                . = ALIGN (0x8)
 *fill*         0x20002204        0x4 
                0x20002208                _sheap = .
                0x20002208                end = _sheap
                0x20002408                . = (. + HEAP_SIZE)
 *fill*         0x20002208      0x200 
                0x20002408                . = ALIGN (0x8)
                0x20002408                _eheap = .

.stack          0x20002408      0x400 load address 0x00009c44
                0x20002408                . = ALIGN (0x8)
                0x20002408                _sstack = .
                0x20002808                . = (. + STACK_SIZE)
 *fill*         0x20002408      0x400 
                0x20002808                . = ALIGN (0x8)
                0x20002808                _estack = .
                0x20002808                . = ALIGN (0x4)
                0x20002808                _end = .
                0x20003fff                _ram_end_ = ((ORIGIN (ram) + LENGTH (ram)) - 0x1)
OUTPUT(NonSecureApp.elf elf32-littlearm)

.ARM.attributes
                0x00000000       0x2c
 .ARM.attributes
                0x00000000       0x22 c:/program files (x86)/atmel/studio/7.0/toolchain/arm/arm-gnu-toolchain/bin/../lib/gcc/arm-none-eabi/6.3.1/thumb/v8-m.base/crti.o
 .ARM.attributes
                0x00000022       0x30 c:/program files (x86)/atmel/studio/7.0/toolchain/arm/arm-gnu-toolchain/bin/../lib/gcc/arm-none-eabi/6.3.1/thumb/v8-m.base/crtbegin.o
 .ARM.attributes
                0x00000052       0x32 Device_Startup/startup_saml11e16a.o
 .ARM.attributes
                0x00000084       0x32 main.o
 .ARM.attributes
                0x000000b6       0x22 c:/program files (x86)/atmel/studio/7.0/toolchain/arm/arm-gnu-toolchain/bin/../lib/gcc/arm-none-eabi/6.3.1/thumb/v8-m.base\libgcc.a(_aeabi_uldivmod.o)
 .ARM.attributes
                0x000000d8       0x30 c:/program files (x86)/atmel/studio/7.0/toolchain/arm/arm-gnu-toolchain/bin/../lib/gcc/arm-none-eabi/6.3.1/thumb/v8-m.base\libgcc.a(_udivmoddi4.o)
 .ARM.attributes
                0x00000108       0x22 c:/program files (x86)/atmel/studio/7.0/toolchain/arm/arm-gnu-toolchain/bin/../lib/gcc/arm-none-eabi/6.3.1/thumb/v8-m.base\libgcc.a(_dvmd_tls.o)
 .ARM.attributes
                0x0000012a       0x22 c:/program files (x86)/atmel/studio/7.0/toolchain/arm/arm-gnu-toolchain/bin/../lib/gcc/arm-none-eabi/6.3.1/thumb/v8-m.base\libgcc.a(_clzsi2.o)
 .ARM.attributes
                0x0000014c       0x30 c:/program files (x86)/atmel/studio/7.0/toolchain/arm/arm-gnu-toolchain/bin/../lib/gcc/arm-none-eabi/6.3.1/../../../../arm-none-eabi/lib/thumb/v8-m.base\libc_nano.a(lib_a-impure.o)
 .ARM.attributes
                0x0000017c       0x30 c:/program files (x86)/atmel/studio/7.0/toolchain/arm/arm-gnu-toolchain/bin/../lib/gcc/arm-none-eabi/6.3.1/../../../../arm-none-eabi/lib/thumb/v8-m.base\libc_nano.a(lib_a-init.o)
 .ARM.attributes
                0x000001ac       0x30 c:/program files (x86)/atmel/studio/7.0/toolchain/arm/arm-gnu-toolchain/bin/../lib/gcc/arm-none-eabi/6.3.1/../../../../arm-none-eabi/lib/thumb/v8-m.base\libc_nano.a(lib_a-sscanf.o)
 .ARM.attributes
                0x000001dc       0x30 c:/program files (x86)/atmel/studio/7.0/toolchain/arm/arm-gnu-toolchain/bin/../lib/gcc/arm-none-eabi/6.3.1/../../../../arm-none-eabi/lib/thumb/v8-m.base\libc_nano.a(lib_a-stdio.o)
 .ARM.attributes
                0x0000020c       0x1c c:/program files (x86)/atmel/studio/7.0/toolchain/arm/arm-gnu-toolchain/bin/../lib/gcc/arm-none-eabi/6.3.1/../../../../arm-none-eabi/lib/thumb/v8-m.base\libc_nano.a(lib_a-strlen.o)
 .ARM.attributes
                0x00000228       0x30 c:/program files (x86)/atmel/studio/7.0/toolchain/arm/arm-gnu-toolchain/bin/../lib/gcc/arm-none-eabi/6.3.1/../../../../arm-none-eabi/lib/thumb/v8-m.base\libc_nano.a(lib_a-nano-svfscanf.o)
 .ARM.attributes
                0x00000258       0x30 c:/program files (x86)/atmel/studio/7.0/toolchain/arm/arm-gnu-toolchain/bin/../lib/gcc/arm-none-eabi/6.3.1/../../../../arm-none-eabi/lib/thumb/v8-m.base\libc_nano.a(lib_a-nano-vfscanf_i.o)
 .ARM.attributes
                0x00000288       0x30 c:/program files (x86)/atmel/studio/7.0/toolchain/arm/arm-gnu-toolchain/bin/../lib/gcc/arm-none-eabi/6.3.1/../../../../arm-none-eabi/lib/thumb/v8-m.base\libc_nano.a(lib_a-reent.o)
 .ARM.attributes
                0x000002b8       0x30 c:/program files (x86)/atmel/studio/7.0/toolchain/arm/arm-gnu-toolchain/bin/../lib/gcc/arm-none-eabi/6.3.1/../../../../arm-none-eabi/lib/thumb/v8-m.base\libc_nano.a(lib_a-sccl.o)
 .ARM.attributes
                0x000002e8       0x30 c:/program files (x86)/atmel/studio/7.0/toolchain/arm/arm-gnu-toolchain/bin/../lib/gcc/arm-none-eabi/6.3.1/../../../../arm-none-eabi/lib/thumb/v8-m.base\libc_nano.a(lib_a-strtol.o)
 .ARM.attributes
                0x00000318       0x30 c:/program files (x86)/atmel/studio/7.0/toolchain/arm/arm-gnu-toolchain/bin/../lib/gcc/arm-none-eabi/6.3.1/../../../../arm-none-eabi/lib/thumb/v8-m.base\libc_nano.a(lib_a-strtoul.o)
 .ARM.attributes
                0x00000348       0x30 c:/program files (x86)/atmel/studio/7.0/toolchain/arm/arm-gnu-toolchain/bin/../lib/gcc/arm-none-eabi/6.3.1/../../../../arm-none-eabi/lib/thumb/v8-m.base\libc_nano.a(lib_a-ungetc.o)
 .ARM.attributes
                0x00000378       0x30 c:/program files (x86)/atmel/studio/7.0/toolchain/arm/arm-gnu-toolchain/bin/../lib/gcc/arm-none-eabi/6.3.1/../../../../arm-none-eabi/lib/thumb/v8-m.base\libc_nano.a(lib_a-findfp.o)
 .ARM.attributes
                0x000003a8       0x30 c:/program files (x86)/atmel/studio/7.0/toolchain/arm/arm-gnu-toolchain/bin/../lib/gcc/arm-none-eabi/6.3.1/../../../../arm-none-eabi/lib/thumb/v8-m.base\libc_nano.a(lib_a-locale.o)
 .ARM.attributes
                0x000003d8       0x30 c:/program files (x86)/atmel/studio/7.0/toolchain/arm/arm-gnu-toolchain/bin/../lib/gcc/arm-none-eabi/6.3.1/../../../../arm-none-eabi/lib/thumb/v8-m.base\libc_nano.a(lib_a-mbtowc_r.o)
 .ARM.attributes
                0x00000408       0x30 c:/program files (x86)/atmel/studio/7.0/toolchain/arm/arm-gnu-toolchain/bin/../lib/gcc/arm-none-eabi/6.3.1/../../../../arm-none-eabi/lib/thumb/v8-m.base\libc_nano.a(lib_a-memchr-stub.o)
 .ARM.attributes
                0x00000438       0x30 c:/program files (x86)/atmel/studio/7.0/toolchain/arm/arm-gnu-toolchain/bin/../lib/gcc/arm-none-eabi/6.3.1/../../../../arm-none-eabi/lib/thumb/v8-m.base\libc_nano.a(lib_a-memcpy-stub.o)
 .ARM.attributes
                0x00000468       0x30 c:/program files (x86)/atmel/studio/7.0/toolchain/arm/arm-gnu-toolchain/bin/../lib/gcc/arm-none-eabi/6.3.1/../../../../arm-none-eabi/lib/thumb/v8-m.base\libc_nano.a(lib_a-nano-freer.o)
 .ARM.attributes
                0x00000498       0x30 c:/program files (x86)/atmel/studio/7.0/toolchain/arm/arm-gnu-toolchain/bin/../lib/gcc/arm-none-eabi/6.3.1/../../../../arm-none-eabi/lib/thumb/v8-m.base\libc_nano.a(lib_a-nano-mallocr.o)
 .ARM.attributes
                0x000004c8       0x30 c:/program files (x86)/atmel/studio/7.0/toolchain/arm/arm-gnu-toolchain/bin/../lib/gcc/arm-none-eabi/6.3.1/../../../../arm-none-eabi/lib/thumb/v8-m.base\libc_nano.a(lib_a-nano-reallocr.o)
 .ARM.attributes
                0x000004f8       0x30 c:/program files (x86)/atmel/studio/7.0/toolchain/arm/arm-gnu-toolchain/bin/../lib/gcc/arm-none-eabi/6.3.1/../../../../arm-none-eabi/lib/thumb/v8-m.base\libc_nano.a(lib_a-sbrkr.o)
 .ARM.attributes
                0x00000528       0x30 c:/program files (x86)/atmel/studio/7.0/toolchain/arm/arm-gnu-toolchain/bin/../lib/gcc/arm-none-eabi/6.3.1/../../../../arm-none-eabi/lib/thumb/v8-m.base\libc_nano.a(lib_a-wctomb_r.o)
 .ARM.attributes
                0x00000558       0x30 c:/program files (x86)/atmel/studio/7.0/toolchain/arm/arm-gnu-toolchain/bin/../lib/gcc/arm-none-eabi/6.3.1/../../../../arm-none-eabi/lib/thumb/v8-m.base\libc_nano.a(lib_a-ctype_.o)
 .ARM.attributes
                0x00000588       0x30 c:/program files (x86)/atmel/studio/7.0/toolchain/arm/arm-gnu-toolchain/bin/../lib/gcc/arm-none-eabi/6.3.1/../../../../arm-none-eabi/lib/thumb/v8-m.base\libc_nano.a(lib_a-mlock.o)
 .ARM.attributes
                0x000005b8       0x30 c:/program files (x86)/atmel/studio/7.0/toolchain/arm/arm-gnu-toolchain/bin/../lib/gcc/arm-none-eabi/6.3.1/../../../../arm-none-eabi/lib/thumb/v8-m.base\libc_nano.a(lib_a-nano-msizer.o)
 .ARM.attributes
                0x000005e8       0x30 c:/program files (x86)/atmel/studio/7.0/toolchain/arm/arm-gnu-toolchain/bin/../lib/gcc/arm-none-eabi/6.3.1/../../../../arm-none-eabi/lib/thumb/v8-m.base\libnosys.a(sbrk.o)
 .ARM.attributes
                0x00000618       0x22 c:/program files (x86)/atmel/studio/7.0/toolchain/arm/arm-gnu-toolchain/bin/../lib/gcc/arm-none-eabi/6.3.1/thumb/v8-m.base/crtn.o

.comment        0x00000000       0x59
 .comment       0x00000000       0x59 Device_Startup/startup_saml11e16a.o
                                 0x5a (size before relaxing)
 .comment       0x00000059       0x5a main.o

.debug_info     0x00000000     0x5071
 .debug_info    0x00000000      0x5f8 Device_Startup/startup_saml11e16a.o
 .debug_info    0x000005f8     0x4a79 main.o

.debug_abbrev   0x00000000      0x4e4
 .debug_abbrev  0x00000000      0x142 Device_Startup/startup_saml11e16a.o
 .debug_abbrev  0x00000142      0x3a2 main.o

.debug_loc      0x00000000      0x31b
 .debug_loc     0x00000000       0x78 Device_Startup/startup_saml11e16a.o
 .debug_loc     0x00000078      0x2a3 main.o

.debug_aranges  0x00000000       0x98
 .debug_aranges
                0x00000000       0x28 Device_Startup/startup_saml11e16a.o
 .debug_aranges
                0x00000028       0x70 main.o

.debug_ranges   0x00000000       0x90
 .debug_ranges  0x00000000       0x18 Device_Startup/startup_saml11e16a.o
 .debug_ranges  0x00000018       0x78 main.o

.debug_macro    0x00000000    0x139c2
 .debug_macro   0x00000000      0x324 Device_Startup/startup_saml11e16a.o
 .debug_macro   0x00000324      0x8b6 Device_Startup/startup_saml11e16a.o
 .debug_macro   0x00000bda       0x22 Device_Startup/startup_saml11e16a.o
 .debug_macro   0x00000bfc       0x87 Device_Startup/startup_saml11e16a.o
 .debug_macro   0x00000c83       0x51 Device_Startup/startup_saml11e16a.o
 .debug_macro   0x00000cd4       0xef Device_Startup/startup_saml11e16a.o
 .debug_macro   0x00000dc3       0x6a Device_Startup/startup_saml11e16a.o
 .debug_macro   0x00000e2d      0x1df Device_Startup/startup_saml11e16a.o
 .debug_macro   0x0000100c       0xd8 Device_Startup/startup_saml11e16a.o
 .debug_macro   0x000010e4       0x1c Device_Startup/startup_saml11e16a.o
 .debug_macro   0x00001100       0x22 Device_Startup/startup_saml11e16a.o
 .debug_macro   0x00001122       0xb5 Device_Startup/startup_saml11e16a.o
 .debug_macro   0x000011d7      0xa67 Device_Startup/startup_saml11e16a.o
 .debug_macro   0x00001c3e       0x5e Device_Startup/startup_saml11e16a.o
 .debug_macro   0x00001c9c      0x894 Device_Startup/startup_saml11e16a.o
 .debug_macro   0x00002530      0xb83 Device_Startup/startup_saml11e16a.o
 .debug_macro   0x000030b3      0x3e0 Device_Startup/startup_saml11e16a.o
 .debug_macro   0x00003493      0x373 Device_Startup/startup_saml11e16a.o
 .debug_macro   0x00003806      0xf2c Device_Startup/startup_saml11e16a.o
 .debug_macro   0x00004732      0x834 Device_Startup/startup_saml11e16a.o
 .debug_macro   0x00004f66      0x814 Device_Startup/startup_saml11e16a.o
 .debug_macro   0x0000577a      0xbf2 Device_Startup/startup_saml11e16a.o
 .debug_macro   0x0000636c      0x20d Device_Startup/startup_saml11e16a.o
 .debug_macro   0x00006579      0x2b1 Device_Startup/startup_saml11e16a.o
 .debug_macro   0x0000682a      0x113 Device_Startup/startup_saml11e16a.o
 .debug_macro   0x0000693d      0x532 Device_Startup/startup_saml11e16a.o
 .debug_macro   0x00006e6f      0xfd0 Device_Startup/startup_saml11e16a.o
 .debug_macro   0x00007e3f      0x267 Device_Startup/startup_saml11e16a.o
 .debug_macro   0x000080a6      0xb82 Device_Startup/startup_saml11e16a.o
 .debug_macro   0x00008c28      0x370 Device_Startup/startup_saml11e16a.o
 .debug_macro   0x00008f98      0xe6d Device_Startup/startup_saml11e16a.o
 .debug_macro   0x00009e05      0x292 Device_Startup/startup_saml11e16a.o
 .debug_macro   0x0000a097      0x5b7 Device_Startup/startup_saml11e16a.o
 .debug_macro   0x0000a64e       0x1c Device_Startup/startup_saml11e16a.o
 .debug_macro   0x0000a66a       0x9a Device_Startup/startup_saml11e16a.o
 .debug_macro   0x0000a704     0x231e Device_Startup/startup_saml11e16a.o
 .debug_macro   0x0000ca22     0x15b1 Device_Startup/startup_saml11e16a.o
 .debug_macro   0x0000dfd3      0x9c1 Device_Startup/startup_saml11e16a.o
 .debug_macro   0x0000e994      0xbee Device_Startup/startup_saml11e16a.o
 .debug_macro   0x0000f582      0x2b4 Device_Startup/startup_saml11e16a.o
 .debug_macro   0x0000f836      0x13d Device_Startup/startup_saml11e16a.o
 .debug_macro   0x0000f973      0x41d Device_Startup/startup_saml11e16a.o
 .debug_macro   0x0000fd90       0x88 Device_Startup/startup_saml11e16a.o
 .debug_macro   0x0000fe18       0xb2 Device_Startup/startup_saml11e16a.o
 .debug_macro   0x0000feca       0x46 Device_Startup/startup_saml11e16a.o
 .debug_macro   0x0000ff10       0x5e Device_Startup/startup_saml11e16a.o
 .debug_macro   0x0000ff6e       0xdc Device_Startup/startup_saml11e16a.o
 .debug_macro   0x0001004a       0xe8 Device_Startup/startup_saml11e16a.o
 .debug_macro   0x00010132       0x94 Device_Startup/startup_saml11e16a.o
 .debug_macro   0x000101c6      0x2a2 Device_Startup/startup_saml11e16a.o
 .debug_macro   0x00010468       0x52 Device_Startup/startup_saml11e16a.o
 .debug_macro   0x000104ba       0xf4 Device_Startup/startup_saml11e16a.o
 .debug_macro   0x000105ae       0xbe Device_Startup/startup_saml11e16a.o
 .debug_macro   0x0001066c       0x52 Device_Startup/startup_saml11e16a.o
 .debug_macro   0x000106be       0xe2 Device_Startup/startup_saml11e16a.o
 .debug_macro   0x000107a0       0x3a Device_Startup/startup_saml11e16a.o
 .debug_macro   0x000107da       0xb8 Device_Startup/startup_saml11e16a.o
 .debug_macro   0x00010892       0x4c Device_Startup/startup_saml11e16a.o
 .debug_macro   0x000108de       0x82 Device_Startup/startup_saml11e16a.o
 .debug_macro   0x00010960       0x46 Device_Startup/startup_saml11e16a.o
 .debug_macro   0x000109a6       0xb8 Device_Startup/startup_saml11e16a.o
 .debug_macro   0x00010a5e       0x34 Device_Startup/startup_saml11e16a.o
 .debug_macro   0x00010a92       0x22 Device_Startup/startup_saml11e16a.o
 .debug_macro   0x00010ab4      0x14b Device_Startup/startup_saml11e16a.o
 .debug_macro   0x00010bff      0x189 Device_Startup/startup_saml11e16a.o
 .debug_macro   0x00010d88      0x189 Device_Startup/startup_saml11e16a.o
 .debug_macro   0x00010f11      0x189 Device_Startup/startup_saml11e16a.o
 .debug_macro   0x0001109a       0x58 Device_Startup/startup_saml11e16a.o
 .debug_macro   0x000110f2      0x11f Device_Startup/startup_saml11e16a.o
 .debug_macro   0x00011211      0x11f Device_Startup/startup_saml11e16a.o
 .debug_macro   0x00011330      0x11f Device_Startup/startup_saml11e16a.o
 .debug_macro   0x0001144f      0x209 Device_Startup/startup_saml11e16a.o
 .debug_macro   0x00011658       0x34 Device_Startup/startup_saml11e16a.o
 .debug_macro   0x0001168c       0x40 Device_Startup/startup_saml11e16a.o
 .debug_macro   0x000116cc      0x38b Device_Startup/startup_saml11e16a.o
 .debug_macro   0x00011a57     0x1884 Device_Startup/startup_saml11e16a.o
 .debug_macro   0x000132db      0x31b Device_Startup/startup_saml11e16a.o
 .debug_macro   0x000135f6      0x352 main.o
 .debug_macro   0x00013948       0x22 main.o
 .debug_macro   0x0001396a       0x58 main.o

.debug_line     0x00000000      0xf42
 .debug_line    0x00000000      0x702 Device_Startup/startup_saml11e16a.o
 .debug_line    0x00000702      0x840 main.o

.debug_str      0x00000000    0x8068e
 .debug_str     0x00000000    0x7e951 Device_Startup/startup_saml11e16a.o
                              0x7edc7 (size before relaxing)
 .debug_str     0x0007e951     0x1d3d main.o
                              0x80633 (size before relaxing)

.debug_frame    0x00000000      0x8d8
 .debug_frame   0x00000000       0x38 Device_Startup/startup_saml11e16a.o
 .debug_frame   0x00000038      0x10c main.o
 .debug_frame   0x00000144       0x3c c:/program files (x86)/atmel/studio/7.0/toolchain/arm/arm-gnu-toolchain/bin/../lib/gcc/arm-none-eabi/6.3.1/thumb/v8-m.base\libgcc.a(_udivmoddi4.o)
 .debug_frame   0x00000180       0x2c c:/program files (x86)/atmel/studio/7.0/toolchain/arm/arm-gnu-toolchain/bin/../lib/gcc/arm-none-eabi/6.3.1/../../../../arm-none-eabi/lib/thumb/v8-m.base\libc_nano.a(lib_a-init.o)
 .debug_frame   0x000001ac       0x58 c:/program files (x86)/atmel/studio/7.0/toolchain/arm/arm-gnu-toolchain/bin/../lib/gcc/arm-none-eabi/6.3.1/../../../../arm-none-eabi/lib/thumb/v8-m.base\libc_nano.a(lib_a-sscanf.o)
 .debug_frame   0x00000204       0x90 c:/program files (x86)/atmel/studio/7.0/toolchain/arm/arm-gnu-toolchain/bin/../lib/gcc/arm-none-eabi/6.3.1/../../../../arm-none-eabi/lib/thumb/v8-m.base\libc_nano.a(lib_a-stdio.o)
 .debug_frame   0x00000294       0x68 c:/program files (x86)/atmel/studio/7.0/toolchain/arm/arm-gnu-toolchain/bin/../lib/gcc/arm-none-eabi/6.3.1/../../../../arm-none-eabi/lib/thumb/v8-m.base\libc_nano.a(lib_a-nano-svfscanf.o)
 .debug_frame   0x000002fc       0x54 c:/program files (x86)/atmel/studio/7.0/toolchain/arm/arm-gnu-toolchain/bin/../lib/gcc/arm-none-eabi/6.3.1/../../../../arm-none-eabi/lib/thumb/v8-m.base\libc_nano.a(lib_a-nano-vfscanf_i.o)
 .debug_frame   0x00000350       0x48 c:/program files (x86)/atmel/studio/7.0/toolchain/arm/arm-gnu-toolchain/bin/../lib/gcc/arm-none-eabi/6.3.1/../../../../arm-none-eabi/lib/thumb/v8-m.base\libc_nano.a(lib_a-reent.o)
 .debug_frame   0x00000398       0x2c c:/program files (x86)/atmel/studio/7.0/toolchain/arm/arm-gnu-toolchain/bin/../lib/gcc/arm-none-eabi/6.3.1/../../../../arm-none-eabi/lib/thumb/v8-m.base\libc_nano.a(lib_a-sccl.o)
 .debug_frame   0x000003c4       0x88 c:/program files (x86)/atmel/studio/7.0/toolchain/arm/arm-gnu-toolchain/bin/../lib/gcc/arm-none-eabi/6.3.1/../../../../arm-none-eabi/lib/thumb/v8-m.base\libc_nano.a(lib_a-strtol.o)
 .debug_frame   0x0000044c       0x88 c:/program files (x86)/atmel/studio/7.0/toolchain/arm/arm-gnu-toolchain/bin/../lib/gcc/arm-none-eabi/6.3.1/../../../../arm-none-eabi/lib/thumb/v8-m.base\libc_nano.a(lib_a-strtoul.o)
 .debug_frame   0x000004d4       0x6c c:/program files (x86)/atmel/studio/7.0/toolchain/arm/arm-gnu-toolchain/bin/../lib/gcc/arm-none-eabi/6.3.1/../../../../arm-none-eabi/lib/thumb/v8-m.base\libc_nano.a(lib_a-ungetc.o)
 .debug_frame   0x00000540      0x140 c:/program files (x86)/atmel/studio/7.0/toolchain/arm/arm-gnu-toolchain/bin/../lib/gcc/arm-none-eabi/6.3.1/../../../../arm-none-eabi/lib/thumb/v8-m.base\libc_nano.a(lib_a-findfp.o)
 .debug_frame   0x00000680       0x70 c:/program files (x86)/atmel/studio/7.0/toolchain/arm/arm-gnu-toolchain/bin/../lib/gcc/arm-none-eabi/6.3.1/../../../../arm-none-eabi/lib/thumb/v8-m.base\libc_nano.a(lib_a-locale.o)
 .debug_frame   0x000006f0       0x44 c:/program files (x86)/atmel/studio/7.0/toolchain/arm/arm-gnu-toolchain/bin/../lib/gcc/arm-none-eabi/6.3.1/../../../../arm-none-eabi/lib/thumb/v8-m.base\libc_nano.a(lib_a-mbtowc_r.o)
 .debug_frame   0x00000734       0x20 c:/program files (x86)/atmel/studio/7.0/toolchain/arm/arm-gnu-toolchain/bin/../lib/gcc/arm-none-eabi/6.3.1/../../../../arm-none-eabi/lib/thumb/v8-m.base\libc_nano.a(lib_a-memchr-stub.o)
 .debug_frame   0x00000754       0x28 c:/program files (x86)/atmel/studio/7.0/toolchain/arm/arm-gnu-toolchain/bin/../lib/gcc/arm-none-eabi/6.3.1/../../../../arm-none-eabi/lib/thumb/v8-m.base\libc_nano.a(lib_a-memcpy-stub.o)
 .debug_frame   0x0000077c       0x2c c:/program files (x86)/atmel/studio/7.0/toolchain/arm/arm-gnu-toolchain/bin/../lib/gcc/arm-none-eabi/6.3.1/../../../../arm-none-eabi/lib/thumb/v8-m.base\libc_nano.a(lib_a-nano-freer.o)
 .debug_frame   0x000007a8       0x2c c:/program files (x86)/atmel/studio/7.0/toolchain/arm/arm-gnu-toolchain/bin/../lib/gcc/arm-none-eabi/6.3.1/../../../../arm-none-eabi/lib/thumb/v8-m.base\libc_nano.a(lib_a-nano-mallocr.o)
 .debug_frame   0x000007d4       0x30 c:/program files (x86)/atmel/studio/7.0/toolchain/arm/arm-gnu-toolchain/bin/../lib/gcc/arm-none-eabi/6.3.1/../../../../arm-none-eabi/lib/thumb/v8-m.base\libc_nano.a(lib_a-nano-reallocr.o)
 .debug_frame   0x00000804       0x2c c:/program files (x86)/atmel/studio/7.0/toolchain/arm/arm-gnu-toolchain/bin/../lib/gcc/arm-none-eabi/6.3.1/../../../../arm-none-eabi/lib/thumb/v8-m.base\libc_nano.a(lib_a-sbrkr.o)
 .debug_frame   0x00000830       0x38 c:/program files (x86)/atmel/studio/7.0/toolchain/arm/arm-gnu-toolchain/bin/../lib/gcc/arm-none-eabi/6.3.1/../../../../arm-none-eabi/lib/thumb/v8-m.base\libc_nano.a(lib_a-wctomb_r.o)
 .debug_frame   0x00000868       0x30 c:/program files (x86)/atmel/studio/7.0/toolchain/arm/arm-gnu-toolchain/bin/../lib/gcc/arm-none-eabi/6.3.1/../../../../arm-none-eabi/lib/thumb/v8-m.base\libc_nano.a(lib_a-mlock.o)
 .debug_frame   0x00000898       0x20 c:/program files (x86)/atmel/studio/7.0/toolchain/arm/arm-gnu-toolchain/bin/../lib/gcc/arm-none-eabi/6.3.1/../../../../arm-none-eabi/lib/thumb/v8-m.base\libc_nano.a(lib_a-nano-msizer.o)
 .debug_frame   0x000008b8       0x20 c:/program files (x86)/atmel/studio/7.0/toolchain/arm/arm-gnu-toolchain/bin/../lib/gcc/arm-none-eabi/6.3.1/../../../../arm-none-eabi/lib/thumb/v8-m.base\libnosys.a(sbrk.o)

.stabstr        0x00000000       0xdf
 .stabstr       0x00000000       0xdf c:/program files (x86)/atmel/studio/7.0/toolchain/arm/arm-gnu-toolchain/bin/../lib/gcc/arm-none-eabi/6.3.1/../../../../arm-none-eabi/lib/thumb/v8-m.base\libnosys.a(close.o)
