Archive member included to satisfy reference by file (symbol)

c:/program files (x86)/atmel/studio/7.0/toolchain/arm/arm-gnu-toolchain/bin/../lib/gcc/arm-none-eabi/6.3.1/thumb/v8-m.base\libgcc.a(cmse_nonsecure_call.o)
                              main.o (__gnu_cmse_nonsecure_call)
c:/program files (x86)/atmel/studio/7.0/toolchain/arm/arm-gnu-toolchain/bin/../lib/gcc/arm-none-eabi/6.3.1/../../../../arm-none-eabi/lib/thumb/v8-m.base\libc_nano.a(lib_a-exit.o)
                              c:/program files (x86)/atmel/studio/7.0/toolchain/arm/arm-gnu-toolchain/bin/../lib/gcc/arm-none-eabi/6.3.1/../../../../arm-none-eabi/lib/thumb/v8-m.base/crt0.o (exit)
c:/program files (x86)/atmel/studio/7.0/toolchain/arm/arm-gnu-toolchain/bin/../lib/gcc/arm-none-eabi/6.3.1/../../../../arm-none-eabi/lib/thumb/v8-m.base\libc_nano.a(lib_a-impure.o)
                              c:/program files (x86)/atmel/studio/7.0/toolchain/arm/arm-gnu-toolchain/bin/../lib/gcc/arm-none-eabi/6.3.1/../../../../arm-none-eabi/lib/thumb/v8-m.base\libc_nano.a(lib_a-exit.o) (_global_impure_ptr)
c:/program files (x86)/atmel/studio/7.0/toolchain/arm/arm-gnu-toolchain/bin/../lib/gcc/arm-none-eabi/6.3.1/../../../../arm-none-eabi/lib/thumb/v8-m.base\libc_nano.a(lib_a-init.o)
                              c:/program files (x86)/atmel/studio/7.0/toolchain/arm/arm-gnu-toolchain/bin/../lib/gcc/arm-none-eabi/6.3.1/../../../../arm-none-eabi/lib/thumb/v8-m.base/crt0.o (__libc_init_array)
c:/program files (x86)/atmel/studio/7.0/toolchain/arm/arm-gnu-toolchain/bin/../lib/gcc/arm-none-eabi/6.3.1/../../../../arm-none-eabi/lib/thumb/v8-m.base\libc_nano.a(lib_a-malloc.o)
                              Crypto/sphincs/get_space2.o (malloc)
c:/program files (x86)/atmel/studio/7.0/toolchain/arm/arm-gnu-toolchain/bin/../lib/gcc/arm-none-eabi/6.3.1/../../../../arm-none-eabi/lib/thumb/v8-m.base\libc_nano.a(lib_a-memcmp.o)
                              Secure_Functions/secure.o (memcmp)
c:/program files (x86)/atmel/studio/7.0/toolchain/arm/arm-gnu-toolchain/bin/../lib/gcc/arm-none-eabi/6.3.1/../../../../arm-none-eabi/lib/thumb/v8-m.base\libc_nano.a(lib_a-memcpy-stub.o)
                              Crypto/ed25519/c25519.o (memcpy)
c:/program files (x86)/atmel/studio/7.0/toolchain/arm/arm-gnu-toolchain/bin/../lib/gcc/arm-none-eabi/6.3.1/../../../../arm-none-eabi/lib/thumb/v8-m.base\libc_nano.a(lib_a-memset.o)
                              c:/program files (x86)/atmel/studio/7.0/toolchain/arm/arm-gnu-toolchain/bin/../lib/gcc/arm-none-eabi/6.3.1/../../../../arm-none-eabi/lib/thumb/v8-m.base/crt0.o (memset)
c:/program files (x86)/atmel/studio/7.0/toolchain/arm/arm-gnu-toolchain/bin/../lib/gcc/arm-none-eabi/6.3.1/../../../../arm-none-eabi/lib/thumb/v8-m.base\libc_nano.a(lib_a-nano-freer.o)
                              c:/program files (x86)/atmel/studio/7.0/toolchain/arm/arm-gnu-toolchain/bin/../lib/gcc/arm-none-eabi/6.3.1/../../../../arm-none-eabi/lib/thumb/v8-m.base\libc_nano.a(lib_a-malloc.o) (_free_r)
c:/program files (x86)/atmel/studio/7.0/toolchain/arm/arm-gnu-toolchain/bin/../lib/gcc/arm-none-eabi/6.3.1/../../../../arm-none-eabi/lib/thumb/v8-m.base\libc_nano.a(lib_a-nano-mallocr.o)
                              c:/program files (x86)/atmel/studio/7.0/toolchain/arm/arm-gnu-toolchain/bin/../lib/gcc/arm-none-eabi/6.3.1/../../../../arm-none-eabi/lib/thumb/v8-m.base\libc_nano.a(lib_a-malloc.o) (_malloc_r)
c:/program files (x86)/atmel/studio/7.0/toolchain/arm/arm-gnu-toolchain/bin/../lib/gcc/arm-none-eabi/6.3.1/../../../../arm-none-eabi/lib/thumb/v8-m.base\libc_nano.a(lib_a-sbrkr.o)
                              c:/program files (x86)/atmel/studio/7.0/toolchain/arm/arm-gnu-toolchain/bin/../lib/gcc/arm-none-eabi/6.3.1/../../../../arm-none-eabi/lib/thumb/v8-m.base\libc_nano.a(lib_a-nano-mallocr.o) (_sbrk_r)
c:/program files (x86)/atmel/studio/7.0/toolchain/arm/arm-gnu-toolchain/bin/../lib/gcc/arm-none-eabi/6.3.1/../../../../arm-none-eabi/lib/thumb/v8-m.base\libc_nano.a(lib_a-mlock.o)
                              c:/program files (x86)/atmel/studio/7.0/toolchain/arm/arm-gnu-toolchain/bin/../lib/gcc/arm-none-eabi/6.3.1/../../../../arm-none-eabi/lib/thumb/v8-m.base\libc_nano.a(lib_a-nano-freer.o) (__malloc_lock)
c:/program files (x86)/atmel/studio/7.0/toolchain/arm/arm-gnu-toolchain/bin/../lib/gcc/arm-none-eabi/6.3.1/../../../../arm-none-eabi/lib/thumb/v8-m.base\libc_nano.a(lib_a-reent.o)
                              c:/program files (x86)/atmel/studio/7.0/toolchain/arm/arm-gnu-toolchain/bin/../lib/gcc/arm-none-eabi/6.3.1/../../../../arm-none-eabi/lib/thumb/v8-m.base\libc_nano.a(lib_a-sbrkr.o) (errno)
c:/program files (x86)/atmel/studio/7.0/toolchain/arm/arm-gnu-toolchain/bin/../lib/gcc/arm-none-eabi/6.3.1/../../../../arm-none-eabi/lib/thumb/v8-m.base\libnosys.a(sbrk.o)
[...]
Memory Configuration

Name             Origin             Length             Attributes
rom              0x00000000         0x00007c00         xr
rom_nsc          0x00007c00         0x00000400         xr
ram              0x20000000         0x00002000         xrw
userrow          0x00804000         0x00000100         rw
bocor            0x0080c000         0x00000008         rw
bocorcekey       0x0080c010         0x00000030         rw
bocorbootkey     0x0080c050         0x00000020         rw
*default*        0x00000000         0xffffffff

Linker script and memory map

LOAD c:/program files (x86)/atmel/studio/7.0/toolchain/arm/arm-gnu-toolchain/bin/../lib/gcc/arm-none-eabi/6.3.1/thumb/v8-m.base/crti.o
LOAD c:/program files (x86)/atmel/studio/7.0/toolchain/arm/arm-gnu-toolchain/bin/../lib/gcc/arm-none-eabi/6.3.1/thumb/v8-m.base/crtbegin.o
LOAD c:/program files (x86)/atmel/studio/7.0/toolchain/arm/arm-gnu-toolchain/bin/../lib/gcc/arm-none-eabi/6.3.1/../../../../arm-none-eabi/lib/thumb/v8-m.base/crt0.o
LOAD Crypto/ed25519/c25519.o
LOAD Crypto/ed25519/ed25519.o
LOAD Crypto/ed25519/edsign.o
LOAD Crypto/ed25519/f25519.o
LOAD Crypto/ed25519/fprime.o
LOAD Crypto/ed25519/morph25519.o
LOAD Crypto/ed25519/sha512.o
LOAD Crypto/hmac-sha256/hmac-sha256.o
LOAD Crypto/sphincs/endian.o
LOAD Crypto/sphincs/fips202.o
LOAD Crypto/sphincs/get_space.o
LOAD Crypto/sphincs/get_space2.o
LOAD Crypto/sphincs/key_gen.o
LOAD Crypto/sphincs/sha256.o
LOAD Crypto/sphincs/sha256_hash.o
LOAD Crypto/sphincs/sha256_L1_hash.o
LOAD Crypto/sphincs/sha256_L1_hash_simple.o
LOAD Crypto/sphincs/sha2_128f_simple.o
LOAD Crypto/sphincs/sha2_128s_simple.o
LOAD Crypto/sphincs/sha2_192f_simple.o
LOAD Crypto/sphincs/sha2_192s_simple.o
LOAD Crypto/sphincs/sha2_256f_simple.o
LOAD Crypto/sphincs/sha2_256s_simple.o
LOAD Crypto/sphincs/sha2_simple.o
LOAD Crypto/sphincs/sha512.o
LOAD Crypto/sphincs/sha512_hash.o
LOAD Crypto/sphincs/sha512_L35_hash_simple.o
LOAD Crypto/sphincs/shake256_128f_simple.o
LOAD Crypto/sphincs/shake256_128s_simple.o
LOAD Crypto/sphincs/shake256_192f_simple.o
LOAD Crypto/sphincs/shake256_192s_simple.o
LOAD Crypto/sphincs/shake256_256f_simple.o
LOAD Crypto/sphincs/shake256_256s_simple.o
LOAD Crypto/sphincs/shake256_hash.o
LOAD Crypto/sphincs/shake256_simple.o
LOAD Crypto/sphincs/size.o
LOAD Crypto/sphincs/stack.o
LOAD Crypto/sphincs/tiny_sphincs.o
LOAD Crypto/sphincs/verify.o
LOAD Device_Startup/startup_saml11e16a.o
LOAD Device_Startup/system_saml11e16a.o
LOAD HACL/Hacl_HMAC_SHA2_256.o
LOAD main.o
LOAD Secure_Functions/secure.o
LOAD trustzone_manager.o
LOAD veneer.o
START GROUP
LOAD c:/program files (x86)/atmel/studio/7.0/toolchain/arm/arm-gnu-toolchain/bin/../lib/gcc/arm-none-eabi/6.3.1/../../../../arm-none-eabi/lib/thumb/v8-m.base\libm.a
END GROUP
START GROUP
LOAD c:/program files (x86)/atmel/studio/7.0/toolchain/arm/arm-gnu-toolchain/bin/../lib/gcc/arm-none-eabi/6.3.1/thumb/v8-m.base\libgcc.a
LOAD c:/program files (x86)/atmel/studio/7.0/toolchain/arm/arm-gnu-toolchain/bin/../lib/gcc/arm-none-eabi/6.3.1/../../../../arm-none-eabi/lib/thumb/v8-m.base\libc_nano.a
END GROUP
START GROUP
LOAD c:/program files (x86)/atmel/studio/7.0/toolchain/arm/arm-gnu-toolchain/bin/../lib/gcc/arm-none-eabi/6.3.1/thumb/v8-m.base\libgcc.a
LOAD c:/program files (x86)/atmel/studio/7.0/toolchain/arm/arm-gnu-toolchain/bin/../lib/gcc/arm-none-eabi/6.3.1/../../../../arm-none-eabi/lib/thumb/v8-m.base\libc_nano.a
LOAD c:/program files (x86)/atmel/studio/7.0/toolchain/arm/arm-gnu-toolchain/bin/../lib/gcc/arm-none-eabi/6.3.1/../../../../arm-none-eabi/lib/thumb/v8-m.base\libnosys.a
END GROUP
START GROUP
LOAD c:/program files (x86)/atmel/studio/7.0/toolchain/arm/arm-gnu-toolchain/bin/../lib/gcc/arm-none-eabi/6.3.1/thumb/v8-m.base\libgcc.a
LOAD c:/program files (x86)/atmel/studio/7.0/toolchain/arm/arm-gnu-toolchain/bin/../lib/gcc/arm-none-eabi/6.3.1/../../../../arm-none-eabi/lib/thumb/v8-m.base\libc_nano.a
LOAD c:/program files (x86)/atmel/studio/7.0/toolchain/arm/arm-gnu-toolchain/bin/../lib/gcc/arm-none-eabi/6.3.1/../../../../arm-none-eabi/lib/thumb/v8-m.base\libnosys.a
END GROUP
LOAD c:/program files (x86)/atmel/studio/7.0/toolchain/arm/arm-gnu-toolchain/bin/../lib/gcc/arm-none-eabi/6.3.1/thumb/v8-m.base/crtend.o
LOAD c:/program files (x86)/atmel/studio/7.0/toolchain/arm/arm-gnu-toolchain/bin/../lib/gcc/arm-none-eabi/6.3.1/thumb/v8-m.base/crtn.o
                0x00000400                //STACK_SIZE = DEFINED (STACK_SIZE)?STACK_SIZE:DEFINED (__stack_size__)?__stack_size__:0x400
                0x00001000                STACK_SIZE = 0x1000
                0x00000200                HEAP_SIZE = DEFINED (HEAP_SIZE)?HEAP_SIZE:DEFINED (__heap_size__)?__heap_size__:0x200

.text           0x00000000     0x129c
                0x00000000                . = ALIGN (0x4)
                0x00000000                _sfixed = .
 *(.vectors .vectors.*)
 .vectors       0x00000000       0xf4 Device_Startup/startup_saml11e16a.o
                0x00000000                exception_table
 *veneer.o(.text.*)
 .text.secure_checkState
                0x000000f4       0x24 veneer.o
                0x000000f4                __acle_se_secure_checkState
 .text.secure_setState
                0x00000118       0x24 veneer.o
                0x00000118                __acle_se_secure_setState
 .text.secure_pox
                0x0000013c       0x24 veneer.o
                0x0000013c                __acle_se_secure_pox
 *(.text .text.* .gnu.linkonce.t.*)
 .text          0x00000160       0x6c c:/program files (x86)/atmel/studio/7.0/toolchain/arm/arm-gnu-toolchain/bin/../lib/gcc/arm-none-eabi/6.3.1/thumb/v8-m.base/crtbegin.o
 .text.sha256_initialize
                0x000001cc       0x70 Crypto/hmac-sha256/hmac-sha256.o
                0x000001cc                sha256_initialize
 .text.sha256_update
                0x0000023c      0x458 Crypto/hmac-sha256/hmac-sha256.o
                0x0000023c                sha256_update
 .text.sha256_finalize
                0x00000694       0x98 Crypto/hmac-sha256/hmac-sha256.o
                0x00000694                sha256_finalize
 .text.hmac_sha256_initialize
                0x0000072c      0x384 Crypto/hmac-sha256/hmac-sha256.o
                0x0000072c                hmac_sha256_initialize
 .text.hmac_sha256_finalize
                0x00000ab0      0x260 Crypto/hmac-sha256/hmac-sha256.o
                0x00000ab0                hmac_sha256_finalize
 .text.Dummy_Handler
                0x00000d10        0x4 Device_Startup/startup_saml11e16a.o
                0x00000d10                SVCall_Handler
                0x00000d10                SERCOM0_2_Handler
                0x00000d10                EVSYS_0_Handler
                0x00000d10                TRNG_Handler
                0x00000d10                ADC_RESRDY_Handler
                0x00000d10                TC2_Handler
                0x00000d10                AC_Handler
                0x00000d10                DMAC_OTHER_Handler
                0x00000d10                SysTick_Handler
                0x00000d10                PendSV_Handler
                0x00000d10                EVSYS_3_Handler
                0x00000d10                NonMaskableInt_Handler
                0x00000d10                SERCOM0_OTHER_Handler
                0x00000d10                EIC_3_Handler
                0x00000d10                SERCOM0_0_Handler
                0x00000d10                RTC_Handler
                0x00000d10                SERCOM1_OTHER_Handler
                0x00000d10                EVSYS_1_Handler
                0x00000d10                DMAC_0_Handler
                0x00000d10                WDT_Handler
                0x00000d10                TRAM_Handler
                0x00000d10                EVSYS_NSCHK_Handler
                0x00000d10                TC1_Handler
                0x00000d10                DAC_EMPTY_Handler
                0x00000d10                PAC_Handler
                0x00000d10                EIC_0_Handler
                0x00000d10                Dummy_Handler
                0x00000d10                DMAC_2_Handler
                0x00000d10                SERCOM0_1_Handler
                0x00000d10                DMAC_1_Handler
                0x00000d10                SERCOM1_1_Handler
                0x00000d10                EIC_2_Handler
                0x00000d10                NVMCTRL_Handler
                0x00000d10                PORT_Handler
                0x00000d10                SYSTEM_Handler
                0x00000d10                SERCOM1_0_Handler
                0x00000d10                SERCOM2_1_Handler
                0x00000d10                SERCOM1_2_Handler
                0x00000d10                EIC_1_Handler
                0x00000d10                SERCOM2_2_Handler
                0x00000d10                PTC_Handler
                0x00000d10                EVSYS_2_Handler
                0x00000d10                SERCOM2_OTHER_Handler
                0x00000d10                FREQM_Handler
                0x00000d10                DAC_UNDERRUN_A_Handler
                0x00000d10                TC0_Handler
                0x00000d10                EIC_OTHER_Handler
                0x00000d10                ADC_OTHER_Handler
                0x00000d10                DMAC_3_Handler
                0x00000d10                SERCOM2_0_Handler
 .text.Oak_Handler
                0x00000d14        0x4 Device_Startup/startup_saml11e16a.o
                0x00000d14                Oak_Handler
                0x00000d14                HardFault_Handler
 .text.Reset_Handler
                0x00000d18       0x8c Device_Startup/startup_saml11e16a.o
                0x00000d18                Reset_Handler
 .text.SystemInit
                0x00000da4       0x14 Device_Startup/system_saml11e16a.o
                0x00000da4                SystemInit
 .text.startup.main
                0x00000db8       0x74 main.o
                0x00000db8                main
 .text.setState
                0x00000e2c       0x5c Secure_Functions/secure.o
                0x00000e2c                setState
 .text.checkState
                0x00000e88       0x54 Secure_Functions/secure.o
                0x00000e88                checkState
 .text.pox      0x00000edc      0x1dc Secure_Functions/secure.o
                0x00000edc                pox
 .text          0x000010b8       0x32 c:/program files (x86)/atmel/studio/7.0/toolchain/arm/arm-gnu-toolchain/bin/../lib/gcc/arm-none-eabi/6.3.1/thumb/v8-m.base\libgcc.a(cmse_nonsecure_call.o)
                0x000010b8                __gnu_cmse_nonsecure_call
 *fill*         0x000010ea        0x2 
 .text.__libc_init_array
                0x000010ec       0x50 c:/program files (x86)/atmel/studio/7.0/toolchain/arm/arm-gnu-toolchain/bin/../lib/gcc/arm-none-eabi/6.3.1/../../../../arm-none-eabi/lib/thumb/v8-m.base\libc_nano.a(lib_a-init.o)
                0x000010ec                __libc_init_array
 .text.memcmp   0x0000113c       0x1e c:/program files (x86)/atmel/studio/7.0/toolchain/arm/arm-gnu-toolchain/bin/../lib/gcc/arm-none-eabi/6.3.1/../../../../arm-none-eabi/lib/thumb/v8-m.base\libc_nano.a(lib_a-memcmp.o)
                0x0000113c                memcmp
 .text.memcpy   0x0000115a       0x12 c:/program files (x86)/atmel/studio/7.0/toolchain/arm/arm-gnu-toolchain/bin/../lib/gcc/arm-none-eabi/6.3.1/../../../../arm-none-eabi/lib/thumb/v8-m.base\libc_nano.a(lib_a-memcpy-stub.o)
                0x0000115a                memcpy
 .text.memset   0x0000116c       0x10 c:/program files (x86)/atmel/studio/7.0/toolchain/arm/arm-gnu-toolchain/bin/../lib/gcc/arm-none-eabi/6.3.1/../../../../arm-none-eabi/lib/thumb/v8-m.base\libc_nano.a(lib_a-memset.o)
                0x0000116c                memset
 *(.glue_7t)
 .glue_7t       0x0000117c        0x0 linker stubs
 *(.glue_7)
 .glue_7        0x0000117c        0x0 linker stubs
 *(.rodata .rodata* .gnu.linkonce.r.*)
 .rodata        0x0000117c      0x100 Crypto/hmac-sha256/hmac-sha256.o
 *(.ARM.extab* .gnu.linkonce.armextab.*)
                0x0000127c                . = ALIGN (0x4)
 *(.init)
 .init          0x0000127c        0x4 c:/program files (x86)/atmel/studio/7.0/toolchain/arm/arm-gnu-toolchain/bin/../lib/gcc/arm-none-eabi/6.3.1/thumb/v8-m.base/crti.o
                0x0000127c                _init
 .init          0x00001280        0x8 c:/program files (x86)/atmel/studio/7.0/toolchain/arm/arm-gnu-toolchain/bin/../lib/gcc/arm-none-eabi/6.3.1/thumb/v8-m.base/crtn.o
                0x00001288                . = ALIGN (0x4)
                0x00001288                __preinit_array_start = .
 *(.preinit_array)
                0x00001288                __preinit_array_end = .
                0x00001288                . = ALIGN (0x4)
                0x00001288                __init_array_start = .
 *(SORT(.init_array.*))
 *(.init_array)
 .init_array    0x00001288        0x4 c:/program files (x86)/atmel/studio/7.0/toolchain/arm/arm-gnu-toolchain/bin/../lib/gcc/arm-none-eabi/6.3.1/thumb/v8-m.base/crtbegin.o
                0x0000128c                __init_array_end = .
                0x0000128c                . = ALIGN (0x4)
 *crtbegin.o(.ctors)
 *(EXCLUDE_FILE(*crtend.o) .ctors)
 *(SORT(.ctors.*))
 *crtend.o(.ctors)
                0x0000128c                . = ALIGN (0x4)
 *(.fini)
 .fini          0x0000128c        0x4 c:/program files (x86)/atmel/studio/7.0/toolchain/arm/arm-gnu-toolchain/bin/../lib/gcc/arm-none-eabi/6.3.1/thumb/v8-m.base/crti.o
                0x0000128c                _fini
 .fini          0x00001290        0x8 c:/program files (x86)/atmel/studio/7.0/toolchain/arm/arm-gnu-toolchain/bin/../lib/gcc/arm-none-eabi/6.3.1/thumb/v8-m.base/crtn.o
                0x00001298                . = ALIGN (0x4)
                0x00001298                __fini_array_start = .
 *(.fini_array)
 .fini_array    0x00001298        0x4 c:/program files (x86)/atmel/studio/7.0/toolchain/arm/arm-gnu-toolchain/bin/../lib/gcc/arm-none-eabi/6.3.1/thumb/v8-m.base/crtbegin.o
 *(SORT(.fini_array.*))
                0x0000129c                __fini_array_end = .
 *crtbegin.o(.dtors)
 *(EXCLUDE_FILE(*crtend.o) .dtors)
 *(SORT(.dtors.*))
 *crtend.o(.dtors)
                0x0000129c                . = ALIGN (0x4)
                0x0000129c                _efixed = .
                [!provide]                PROVIDE (__exidx_start, .)

.vfp11_veneer   0x0000129c        0x0
 .vfp11_veneer  0x0000129c        0x0 linker stubs

.v4_bx          0x0000129c        0x0
 .v4_bx         0x0000129c        0x0 linker stubs

.iplt           0x0000129c        0x0
 .iplt          0x0000129c        0x0 c:/program files (x86)/atmel/studio/7.0/toolchain/arm/arm-gnu-toolchain/bin/../lib/gcc/arm-none-eabi/6.3.1/thumb/v8-m.base/crtbegin.o

.rel.dyn        0x0000129c        0x0
 .rel.iplt      0x0000129c        0x0 c:/program files (x86)/atmel/studio/7.0/toolchain/arm/arm-gnu-toolchain/bin/../lib/gcc/arm-none-eabi/6.3.1/thumb/v8-m.base/crtbegin.o

.ARM.exidx
 *(.ARM.exidx* .gnu.linkonce.armexidx.*)
                [!provide]                PROVIDE (__exidx_end, .)
                0x0000129c                . = ALIGN (0x4)
                0x0000129c                _etext = .
                0x0000129c                . = ALIGN (0x4)

.gnu.sgstubs    0x00007c00       0x20
                0x00007c00                _ssgstubs = .
 .gnu.sgstubs.__stub
                0x00007c00       0x18 linker stubs
                0x00007c00                secure_pox
                0x00007c08                secure_checkState
                0x00007c10                secure_setState

.relocate       0x20000000       0x24 load address 0x0000129c
                0x20000000                . = ALIGN (0x4)
                0x20000000                _srelocate = .
 *(.ramfunc .ramfunc.*)
 *(.data .data.*)
 .data          0x20000000        0x4 Device_Startup/system_saml11e16a.o
                0x20000000                SystemCoreClock
 .data          0x20000004       0x20 Secure_Functions/secure.o
                0x20000004                secure_state
                0x20000024                . = ALIGN (0x4)
                0x20000024                _erelocate = .

.bss            0x20000024       0x38 load address 0x000012c0
                0x20000024                . = ALIGN (0x4)
                0x20000024                _sbss = .
                0x20000024                _szero = .
 *(.bss .bss.*)
 .bss           0x20000024       0x1c c:/program files (x86)/atmel/studio/7.0/toolchain/arm/arm-gnu-toolchain/bin/../lib/gcc/arm-none-eabi/6.3.1/thumb/v8-m.base/crtbegin.o
 .bss           0x20000040       0x1c Secure_Functions/secure.o
                0x20000050                stack_pointer
                0x20000054                stateChecked
                0x20000055                exec
                0x20000056                stateUsed
                0x20000058                my_counter
 *(COMMON)
                0x2000005c                . = ALIGN (0x4)
                0x2000005c                _ebss = .
                0x2000005c                _ezero = .

.heap           0x2000005c      0x204 load address 0x000012f8
                0x20000060                . = ALIGN (0x8)
 *fill*         0x2000005c        0x4 
                0x20000060                _sheap = .
                0x20000260                . = (. + HEAP_SIZE)
 *fill*         0x20000060      0x200 
                0x20000260                . = ALIGN (0x8)
                0x20000260                _eheap = .

.stack          0x20000260     0x1000 load address 0x000014fc
                0x20000260                . = ALIGN (0x8)
                0x20000260                _sstack = .
                0x20001260                . = (. + STACK_SIZE)
 *fill*         0x20000260     0x1000 
                0x20001260                . = ALIGN (0x8)
                0x20001260                _estack = .
                0x20001260                . = ALIGN (0x4)
                0x20001260                _end = .
                0x20001fff                _ram_end_ = ((ORIGIN (ram) + LENGTH (ram)) - 0x1)

.userRowBlock   0x00804000       0x3c
 *(.userrowsec)
 .userrowsec    0x00804000       0x1c Device_Startup/system_saml11e16a.o
                0x00804000                userRow
 .userrowsec    0x0080401c       0x20 trustzone_manager.o
                0x0080401c                nvm_user_row

.bocorBlock     0x0080c000        0x8
 *(.bocorsec)
 .bocorsec      0x0080c000        0x8 Device_Startup/system_saml11e16a.o
                0x0080c000                bocor

.bocorcekeyBlock
                0x0080c010       0x30
 *(.bocorcekeysec)
 .bocorcekeysec
                0x0080c010       0x30 Device_Startup/system_saml11e16a.o
                0x0080c010                bocor_ce_keys

.bocorbootkeyBlock
                0x0080c050       0x20
 *(.bocorbootkeysec)
 .bocorbootkeysec
                0x0080c050       0x20 Device_Startup/system_saml11e16a.o
                0x0080c050                bocor_bootkey
OUTPUT(SecureApp.elf elf32-littlearm)

.eh_frame       0x0080c070        0x0
 .eh_frame      0x0080c070        0x0 c:/program files (x86)/atmel/studio/7.0/toolchain/arm/arm-gnu-toolchain/bin/../lib/gcc/arm-none-eabi/6.3.1/thumb/v8-m.base/crtbegin.o

.jcr            0x0080c070        0x0
 .jcr           0x0080c070        0x0 c:/program files (x86)/atmel/studio/7.0/toolchain/arm/arm-gnu-toolchain/bin/../lib/gcc/arm-none-eabi/6.3.1/thumb/v8-m.base/crtbegin.o

.igot.plt       0x0000129c        0x0 load address 0x0080c070
 .igot.plt      0x0000129c        0x0 c:/program files (x86)/atmel/studio/7.0/toolchain/arm/arm-gnu-toolchain/bin/../lib/gcc/arm-none-eabi/6.3.1/thumb/v8-m.base/crtbegin.o

.ARM.attributes
                0x00000000       0x2c
 .ARM.attributes
                0x00000000       0x22 c:/program files (x86)/atmel/studio/7.0/toolchain/arm/arm-gnu-toolchain/bin/../lib/gcc/arm-none-eabi/6.3.1/thumb/v8-m.base/crti.o
 .ARM.attributes
                0x00000022       0x30 c:/program files (x86)/atmel/studio/7.0/toolchain/arm/arm-gnu-toolchain/bin/../lib/gcc/arm-none-eabi/6.3.1/thumb/v8-m.base/crtbegin.o
 .ARM.attributes
                0x00000052       0x32 Crypto/hmac-sha256/hmac-sha256.o
 .ARM.attributes
                0x00000084       0x32 Device_Startup/startup_saml11e16a.o
 .ARM.attributes
                0x000000b6       0x32 Device_Startup/system_saml11e16a.o
 .ARM.attributes
                0x000000e8       0x32 main.o
 .ARM.attributes
                0x0000011a       0x32 Secure_Functions/secure.o
 .ARM.attributes
                0x0000014c       0x32 trustzone_manager.o
 .ARM.attributes
                0x0000017e       0x32 veneer.o
 .ARM.attributes
                0x000001b0       0x20 c:/program files (x86)/atmel/studio/7.0/toolchain/arm/arm-gnu-toolchain/bin/../lib/gcc/arm-none-eabi/6.3.1/thumb/v8-m.base\libgcc.a(cmse_nonsecure_call.o)
 .ARM.attributes
                0x000001d0       0x30 c:/program files (x86)/atmel/studio/7.0/toolchain/arm/arm-gnu-toolchain/bin/../lib/gcc/arm-none-eabi/6.3.1/../../../../arm-none-eabi/lib/thumb/v8-m.base\libc_nano.a(lib_a-init.o)
 .ARM.attributes
                0x00000200       0x30 c:/program files (x86)/atmel/studio/7.0/toolchain/arm/arm-gnu-toolchain/bin/../lib/gcc/arm-none-eabi/6.3.1/../../../../arm-none-eabi/lib/thumb/v8-m.base\libc_nano.a(lib_a-memcmp.o)
 .ARM.attributes
                0x00000230       0x30 c:/program files (x86)/atmel/studio/7.0/toolchain/arm/arm-gnu-toolchain/bin/../lib/gcc/arm-none-eabi/6.3.1/../../../../arm-none-eabi/lib/thumb/v8-m.base\libc_nano.a(lib_a-memcpy-stub.o)
 .ARM.attributes
                0x00000260       0x30 c:/program files (x86)/atmel/studio/7.0/toolchain/arm/arm-gnu-toolchain/bin/../lib/gcc/arm-none-eabi/6.3.1/../../../../arm-none-eabi/lib/thumb/v8-m.base\libc_nano.a(lib_a-memset.o)
 .ARM.attributes
                0x00000290       0x22 c:/program files (x86)/atmel/studio/7.0/toolchain/arm/arm-gnu-toolchain/bin/../lib/gcc/arm-none-eabi/6.3.1/thumb/v8-m.base/crtn.o

.comment        0x00000000       0x59
 .comment       0x00000000       0x59 Crypto/hmac-sha256/hmac-sha256.o
                                 0x5a (size before relaxing)
 .comment       0x00000059       0x5a Device_Startup/startup_saml11e16a.o
 .comment       0x00000059       0x5a Device_Startup/system_saml11e16a.o
 .comment       0x00000059       0x5a main.o
 .comment       0x00000059       0x5a Secure_Functions/secure.o
 .comment       0x00000059       0x5a trustzone_manager.o
 .comment       0x00000059       0x5a veneer.o

.debug_info     0x00000000     0x5af9
 .debug_info    0x00000000     0x1856 Crypto/hmac-sha256/hmac-sha256.o
 .debug_info    0x00001856      0x637 Device_Startup/startup_saml11e16a.o
 .debug_info    0x00001e8d      0x170 Device_Startup/system_saml11e16a.o
 .debug_info    0x00001ffd     0x228d main.o
 .debug_info    0x0000428a     0x153d Secure_Functions/secure.o
 .debug_info    0x000057c7       0xbe trustzone_manager.o
 .debug_info    0x00005885      0x274 veneer.o

.debug_abbrev   0x00000000      0xd00
 .debug_abbrev  0x00000000      0x3bb Crypto/hmac-sha256/hmac-sha256.o
 .debug_abbrev  0x000003bb      0x167 Device_Startup/startup_saml11e16a.o
 .debug_abbrev  0x00000522       0xb4 Device_Startup/system_saml11e16a.o
 .debug_abbrev  0x000005d6      0x1d7 main.o
 .debug_abbrev  0x000007ad      0x403 Secure_Functions/secure.o
 .debug_abbrev  0x00000bb0       0x71 trustzone_manager.o
 .debug_abbrev  0x00000c21       0xdf veneer.o

.debug_loc      0x00000000     0x1be2
 .debug_loc     0x00000000     0x1473 Crypto/hmac-sha256/hmac-sha256.o
 .debug_loc     0x00001473       0x20 Device_Startup/startup_saml11e16a.o
 .debug_loc     0x00001493       0x78 main.o
 .debug_loc     0x0000150b      0x5b1 Secure_Functions/secure.o
 .debug_loc     0x00001abc      0x126 veneer.o

.debug_aranges  0x00000000      0x178
 .debug_aranges
                0x00000000       0x58 Crypto/hmac-sha256/hmac-sha256.o
 .debug_aranges
                0x00000058       0x30 Device_Startup/startup_saml11e16a.o
 .debug_aranges
                0x00000088       0x20 Device_Startup/system_saml11e16a.o
 .debug_aranges
                0x000000a8       0x20 main.o
 .debug_aranges
                0x000000c8       0x68 Secure_Functions/secure.o
 .debug_aranges
                0x00000130       0x18 trustzone_manager.o
 .debug_aranges
                0x00000148       0x30 veneer.o

.debug_ranges   0x00000000      0x2f8
 .debug_ranges  0x00000000      0x198 Crypto/hmac-sha256/hmac-sha256.o
 .debug_ranges  0x00000198       0x20 Device_Startup/startup_saml11e16a.o
 .debug_ranges  0x000001b8       0x10 Device_Startup/system_saml11e16a.o
 .debug_ranges  0x000001c8       0x10 main.o
 .debug_ranges  0x000001d8      0x100 Secure_Functions/secure.o
 .debug_ranges  0x000002d8       0x20 veneer.o

.debug_macro    0x00000000    0x14c17
 .debug_macro   0x00000000      0x1f2 Crypto/hmac-sha256/hmac-sha256.o
 .debug_macro   0x000001f2       0x52 Crypto/hmac-sha256/hmac-sha256.o
 .debug_macro   0x00000244       0x8d Crypto/hmac-sha256/hmac-sha256.o
 .debug_macro   0x000002d1       0x57 Crypto/hmac-sha256/hmac-sha256.o
 .debug_macro   0x00000328      0x10b Crypto/hmac-sha256/hmac-sha256.o
 .debug_macro   0x00000433       0x1c Crypto/hmac-sha256/hmac-sha256.o
 .debug_macro   0x0000044f       0x10 Crypto/hmac-sha256/hmac-sha256.o
 .debug_macro   0x0000045f       0x10 Crypto/hmac-sha256/hmac-sha256.o
 .debug_macro   0x0000046f       0x1c Crypto/hmac-sha256/hmac-sha256.o
 .debug_macro   0x0000048b       0x52 Crypto/hmac-sha256/hmac-sha256.o
 .debug_macro   0x000004dd       0x40 Crypto/hmac-sha256/hmac-sha256.o
 .debug_macro   0x0000051d       0x10 Crypto/hmac-sha256/hmac-sha256.o
 .debug_macro   0x0000052d       0x40 Crypto/hmac-sha256/hmac-sha256.o
 .debug_macro   0x0000056d       0xd7 Crypto/hmac-sha256/hmac-sha256.o
 .debug_macro   0x00000644       0x16 Crypto/hmac-sha256/hmac-sha256.o
 .debug_macro   0x0000065a      0x18b Crypto/hmac-sha256/hmac-sha256.o
 .debug_macro   0x000007e5       0x16 Crypto/hmac-sha256/hmac-sha256.o
 .debug_macro   0x000007fb       0x16 Crypto/hmac-sha256/hmac-sha256.o
 .debug_macro   0x00000811       0x29 Crypto/hmac-sha256/hmac-sha256.o
 .debug_macro   0x0000083a      0x324 Device_Startup/startup_saml11e16a.o
 .debug_macro   0x00000b5e       0xd8 Device_Startup/startup_saml11e16a.o
 .debug_macro   0x00000c36       0x1c Device_Startup/startup_saml11e16a.o
 .debug_macro   0x00000c52       0x22 Device_Startup/startup_saml11e16a.o
 .debug_macro   0x00000c74       0xb5 Device_Startup/startup_saml11e16a.o
 .debug_macro   0x00000d29      0xaec Device_Startup/startup_saml11e16a.o
 .debug_macro   0x00001815       0x5e Device_Startup/startup_saml11e16a.o
 .debug_macro   0x00001873      0x894 Device_Startup/startup_saml11e16a.o
 .debug_macro   0x00002107      0xb83 Device_Startup/startup_saml11e16a.o
 .debug_macro   0x00002c8a      0x3e0 Device_Startup/startup_saml11e16a.o
 .debug_macro   0x0000306a      0x373 Device_Startup/startup_saml11e16a.o
 .debug_macro   0x000033dd      0xf2c Device_Startup/startup_saml11e16a.o
 .debug_macro   0x00004309      0x834 Device_Startup/startup_saml11e16a.o
 .debug_macro   0x00004b3d      0x814 Device_Startup/startup_saml11e16a.o
 .debug_macro   0x00005351      0xbf2 Device_Startup/startup_saml11e16a.o
 .debug_macro   0x00005f43      0x20d Device_Startup/startup_saml11e16a.o
 .debug_macro   0x00006150      0x2b1 Device_Startup/startup_saml11e16a.o
 .debug_macro   0x00006401      0x113 Device_Startup/startup_saml11e16a.o
 .debug_macro   0x00006514      0x532 Device_Startup/startup_saml11e16a.o
 .debug_macro   0x00006a46      0xfd0 Device_Startup/startup_saml11e16a.o
 .debug_macro   0x00007a16      0x267 Device_Startup/startup_saml11e16a.o
 .debug_macro   0x00007c7d      0xb82 Device_Startup/startup_saml11e16a.o
 .debug_macro   0x000087ff      0x370 Device_Startup/startup_saml11e16a.o
 .debug_macro   0x00008b6f      0xe6d Device_Startup/startup_saml11e16a.o
 .debug_macro   0x000099dc      0x292 Device_Startup/startup_saml11e16a.o
 .debug_macro   0x00009c6e      0x5b7 Device_Startup/startup_saml11e16a.o
 .debug_macro   0x0000a225       0x1c Device_Startup/startup_saml11e16a.o
 .debug_macro   0x0000a241       0x9a Device_Startup/startup_saml11e16a.o
 .debug_macro   0x0000a2db     0x231e Device_Startup/startup_saml11e16a.o
 .debug_macro   0x0000c5f9     0x15b1 Device_Startup/startup_saml11e16a.o
 .debug_macro   0x0000dbaa      0x9c1 Device_Startup/startup_saml11e16a.o
 .debug_macro   0x0000e56b      0xbee Device_Startup/startup_saml11e16a.o
 .debug_macro   0x0000f159      0x2b4 Device_Startup/startup_saml11e16a.o
 .debug_macro   0x0000f40d      0x13d Device_Startup/startup_saml11e16a.o
 .debug_macro   0x0000f54a      0x41d Device_Startup/startup_saml11e16a.o
 .debug_macro   0x0000f967       0x88 Device_Startup/startup_saml11e16a.o
 .debug_macro   0x0000f9ef       0xb2 Device_Startup/startup_saml11e16a.o
 .debug_macro   0x0000faa1       0x46 Device_Startup/startup_saml11e16a.o
 .debug_macro   0x0000fae7       0x5e Device_Startup/startup_saml11e16a.o
 .debug_macro   0x0000fb45       0xdc Device_Startup/startup_saml11e16a.o
 .debug_macro   0x0000fc21       0xe8 Device_Startup/startup_saml11e16a.o
 .debug_macro   0x0000fd09       0x94 Device_Startup/startup_saml11e16a.o
 .debug_macro   0x0000fd9d      0x2a2 Device_Startup/startup_saml11e16a.o
 .debug_macro   0x0001003f       0x52 Device_Startup/startup_saml11e16a.o
 .debug_macro   0x00010091       0xf4 Device_Startup/startup_saml11e16a.o
 .debug_macro   0x00010185       0xbe Device_Startup/startup_saml11e16a.o
 .debug_macro   0x00010243       0x52 Device_Startup/startup_saml11e16a.o
 .debug_macro   0x00010295       0xe2 Device_Startup/startup_saml11e16a.o
 .debug_macro   0x00010377       0x3a Device_Startup/startup_saml11e16a.o
 .debug_macro   0x000103b1       0xb8 Device_Startup/startup_saml11e16a.o
 .debug_macro   0x00010469       0x4c Device_Startup/startup_saml11e16a.o
 .debug_macro   0x000104b5       0x82 Device_Startup/startup_saml11e16a.o
 .debug_macro   0x00010537       0x46 Device_Startup/startup_saml11e16a.o
 .debug_macro   0x0001057d       0xb8 Device_Startup/startup_saml11e16a.o
 .debug_macro   0x00010635       0x34 Device_Startup/startup_saml11e16a.o
 .debug_macro   0x00010669       0x22 Device_Startup/startup_saml11e16a.o
 .debug_macro   0x0001068b      0x14b Device_Startup/startup_saml11e16a.o
 .debug_macro   0x000107d6      0x189 Device_Startup/startup_saml11e16a.o
 .debug_macro   0x0001095f      0x189 Device_Startup/startup_saml11e16a.o
 .debug_macro   0x00010ae8      0x189 Device_Startup/startup_saml11e16a.o
 .debug_macro   0x00010c71       0x58 Device_Startup/startup_saml11e16a.o
 .debug_macro   0x00010cc9      0x11f Device_Startup/startup_saml11e16a.o
 .debug_macro   0x00010de8      0x11f Device_Startup/startup_saml11e16a.o
 .debug_macro   0x00010f07      0x11f Device_Startup/startup_saml11e16a.o
 .debug_macro   0x00011026      0x209 Device_Startup/startup_saml11e16a.o
 .debug_macro   0x0001122f       0x34 Device_Startup/startup_saml11e16a.o
 .debug_macro   0x00011263       0x40 Device_Startup/startup_saml11e16a.o
 .debug_macro   0x000112a3      0x38b Device_Startup/startup_saml11e16a.o
 .debug_macro   0x0001162e     0x1884 Device_Startup/startup_saml11e16a.o
 .debug_macro   0x00012eb2      0x31b Device_Startup/startup_saml11e16a.o
 .debug_macro   0x000131cd      0x33c Device_Startup/system_saml11e16a.o
 .debug_macro   0x00013509      0x166 Device_Startup/system_saml11e16a.o
 .debug_macro   0x0001366f       0xac Device_Startup/system_saml11e16a.o
 .debug_macro   0x0001371b      0x36a main.o
 .debug_macro   0x00013a85       0x22 main.o
 .debug_macro   0x00013aa7       0x64 main.o
 .debug_macro   0x00013b0b      0x41c main.o
 .debug_macro   0x00013f27      0x4f4 Secure_Functions/secure.o
 .debug_macro   0x0001441b       0xde Secure_Functions/secure.o
 .debug_macro   0x000144f9      0x34d Secure_Functions/secure.o
 .debug_macro   0x00014846      0x364 trustzone_manager.o
 .debug_macro   0x00014baa       0x6d veneer.o

.debug_line     0x00000000     0x307c
 .debug_line    0x00000000      0x791 Crypto/hmac-sha256/hmac-sha256.o
 .debug_line    0x00000791      0x70b Device_Startup/startup_saml11e16a.o
 .debug_line    0x00000e9c      0x703 Device_Startup/system_saml11e16a.o
 .debug_line    0x0000159f      0x72f main.o
 .debug_line    0x00001cce      0xa18 Secure_Functions/secure.o
 .debug_line    0x000026e6      0x714 trustzone_manager.o
 .debug_line    0x00002dfa      0x282 veneer.o

.debug_str      0x00000000    0x875eb
 .debug_str     0x00000000     0x7d16 Crypto/hmac-sha256/hmac-sha256.o
                               0x7fbd (size before relaxing)
 .debug_str     0x00007d16    0x7b930 Device_Startup/startup_saml11e16a.o
                              0x7f082 (size before relaxing)
 .debug_str     0x00083646      0x836 Device_Startup/system_saml11e16a.o
                              0x7f353 (size before relaxing)
 .debug_str     0x00083e7c     0x3512 main.o
                              0x8239d (size before relaxing)
 .debug_str     0x0008738e      0x1fc Secure_Functions/secure.o
                              0x8386a (size before relaxing)
 .debug_str     0x0008758a       0x26 trustzone_manager.o
                              0x819cd (size before relaxing)
 .debug_str     0x000875b0       0x3b veneer.o
                               0x3511 (size before relaxing)

.debug_frame    0x00000000      0x3e8
 .debug_frame   0x00000000      0x13c Crypto/hmac-sha256/hmac-sha256.o
 .debug_frame   0x0000013c       0x48 Device_Startup/startup_saml11e16a.o
 .debug_frame   0x00000184       0x30 Device_Startup/system_saml11e16a.o
 .debug_frame   0x000001b4       0x28 main.o
 .debug_frame   0x000001dc      0x114 Secure_Functions/secure.o
 .debug_frame   0x000002f0       0x58 veneer.o
 .debug_frame   0x00000348       0x2c c:/program files (x86)/atmel/studio/7.0/toolchain/arm/arm-gnu-toolchain/bin/../lib/gcc/arm-none-eabi/6.3.1/../../../../arm-none-eabi/lib/thumb/v8-m.base\libc_nano.a(lib_a-init.o)
 .debug_frame   0x00000374       0x2c c:/program files (x86)/atmel/studio/7.0/toolchain/arm/arm-gnu-toolchain/bin/../lib/gcc/arm-none-eabi/6.3.1/../../../../arm-none-eabi/lib/thumb/v8-m.base\libc_nano.a(lib_a-memcmp.o)
 .debug_frame   0x000003a0       0x28 c:/program files (x86)/atmel/studio/7.0/toolchain/arm/arm-gnu-toolchain/bin/../lib/gcc/arm-none-eabi/6.3.1/../../../../arm-none-eabi/lib/thumb/v8-m.base\libc_nano.a(lib_a-memcpy-stub.o)
 .debug_frame   0x000003c8       0x20 c:/program files (x86)/atmel/studio/7.0/toolchain/arm/arm-gnu-toolchain/bin/../lib/gcc/arm-none-eabi/6.3.1/../../../../arm-none-eabi/lib/thumb/v8-m.base\libc_nano.a(lib_a-memset.o)
