../Core/Src/secure_nsc.c:58:20:SECURE_RegisterCallback	0	static
../Core/Src/secure_nsc.c:75:20:SECURE_send	8	static
../Core/Src/secure_nsc.c:79:20:SECURE_recv	8	static
../Core/Src/secure_nsc.c:101:6:sendline	0	static
../Core/Src/secure_nsc.c:108:6:print_token	32	static
../Core/Src/secure_nsc.c:120:5:verify_req	384	static
../Core/Src/secure_nsc.c:143:5:check_request	8	static
../Core/Src/secure_nsc.c:159:6:initialize	0	static
../Core/Src/secure_nsc.c:174:6:collect	4	static
../Core/Src/secure_nsc.c:183:6:train	56	static
../Core/Src/secure_nsc.c:210:20:SECURE_pox	424	static,ignoring_inline_asm
