../Core/Src/Crypto/hmac-sha256/hmac-sha256.c:87:6:sha256_initialize	8	static
../Core/Src/Crypto/hmac-sha256/hmac-sha256.c:103:6:sha256_update	608	static
../Core/Src/Crypto/hmac-sha256/hmac-sha256.c:220:6:sha256_finalize	96	static
../Core/Src/Crypto/hmac-sha256/hmac-sha256.c:243:6:sha256_get	152	static
../Core/Src/Crypto/hmac-sha256/hmac-sha256.c:265:6:hmac_sha256_initialize	32	static
../Core/Src/Crypto/hmac-sha256/hmac-sha256.c:285:6:hmac_sha256_update	0	static
../Core/Src/Crypto/hmac-sha256/hmac-sha256.c:293:6:hmac_sha256_finalize	40	static
../Core/Src/Crypto/hmac-sha256/hmac-sha256.c:311:6:hmac_sha256_get	248	static
