../Core/Src/main.c:70:6:SecureFault_Callback	8	static,ignoring_inline_asm
../Core/Src/main.c:77:6:SecureError_Callback	8	static
../Core/Src/main.c:315:6:wrapper_initB	8	static
../Core/Src/main.c:63:6:RaiseSecureFault	0	static
../Core/Src/main.c:112:6:sendline	0	static
../Core/Src/main.c:119:6:printBits	16	static
../Core/Src/main.c:129:6:printVector	24	static
../Core/Src/main.c:135:6:is_bit_set	0	static
../Core/Src/main.c:143:9:set_bit	0	static
../Core/Src/main.c:150:9:clear_bit	0	static
../Core/Src/main.c:175:6:initialize_map	0	static
../Core/Src/main.c:180:6:insert	16	static
../Core/Src/main.c:194:10:get	16	static
../Core/Src/main.c:210:6:UE	0	static
../Core/Src/main.c:216:10:PRR	40	static
../Core/Src/main.c:243:6:IRR	40	static
../Core/Src/main.c:258:6:initB	0	static
../Core/Src/main.c:266:6:LDP_DC	128	static
../Core/Src/main.c:305:6:wrapper_LDP_energy	56	static
../Core/Src/main.c:283:6:LDP_energy	56	static
../Core/Src/main.c:322:6:print_token	24	static
../Core/Src/main.c:332:6:pox_wrapper	272	static
../Core/Src/main.c:422:5:main	8	static
../Core/Src/main.c:477:6:Error_Handler	0	static,ignoring_inline_asm
