../Core/Src/secure_nsc.c:55:20:SECURE_RegisterCallback	0	static
../Core/Src/secure_nsc.c:72:20:SECURE_send	8	static
../Core/Src/secure_nsc.c:76:20:SECURE_recv	8	static
../Core/Src/secure_nsc.c:139:20:SECURE_setState	152	static
../Core/Src/secure_nsc.c:155:6:print_token	32	static
../Core/Src/secure_nsc.c:165:20:SECURE_checkState	168	static
../Core/Src/secure_nsc.c:185:5:verify_req	384	static
../Core/Src/secure_nsc.c:208:5:check_request	8	static
../Core/Src/secure_nsc.c:213:6:init_flags	4	static
../Core/Src/secure_nsc.c:217:6:reset_flags	0	static
../Core/Src/secure_nsc.c:221:20:SECURE_pox	400	static,ignoring_inline_asm
