../Core/Src/secure_nsc.c:55:20:SECURE_RegisterCallback	0	static
../Core/Src/secure_nsc.c:72:20:SECURE_send	8	static
../Core/Src/secure_nsc.c:76:20:SECURE_recv	8	static
../Core/Src/secure_nsc.c:140:20:SECURE_setState	152	static
../Core/Src/secure_nsc.c:154:6:print_token	32	static
../Core/Src/secure_nsc.c:164:20:SECURE_checkState	168	static
../Core/Src/secure_nsc.c:183:5:verify_req	384	static
../Core/Src/secure_nsc.c:206:5:check_request	8	static
../Core/Src/secure_nsc.c:211:6:init_flags	4	static
../Core/Src/secure_nsc.c:215:6:reset_flags	0	static
../Core/Src/secure_nsc.c:219:20:SECURE_pox	400	static,ignoring_inline_asm
