../Core/Src/main.c:75:6:SecureFault_Callback	8	static,ignoring_inline_asm
../Core/Src/main.c:82:6:SecureError_Callback	8	static
../Core/Src/main.c:206:6:wrapper_init	8	static
../Core/Src/main.c:212:6:wrapper_collect	8	static
../Core/Src/main.c:68:6:RaiseSecureFault	0	static
../Core/Src/main.c:119:6:sendline	0	static
../Core/Src/main.c:126:6:print_token	24	static
../Core/Src/main.c:145:6:initialize	0	static
../Core/Src/main.c:161:6:collect	4	static
../Core/Src/main.c:170:6:train	56	static
../Core/Src/main.c:197:6:wrapper_train	8	static
../Core/Src/main.c:218:6:single	280	static
../Core/Src/main.c:319:5:main	8	static
../Core/Src/main.c:371:6:Error_Handler	0	static,ignoring_inline_asm
