../Core/Src/main.c:75:6:SecureFault_Callback	8	static,ignoring_inline_asm
../Core/Src/main.c:82:6:SecureError_Callback	8	static
../Core/Src/main.c:210:6:wrapper_init	8	static
../Core/Src/main.c:216:6:wrapper_collect	16	static
../Core/Src/main.c:68:6:RaiseSecureFault	0	static
../Core/Src/main.c:119:6:sendline	0	static
../Core/Src/main.c:126:6:print_token	24	static
../Core/Src/main.c:145:6:initialize	0	static
../Core/Src/main.c:161:6:collect	0	static
../Core/Src/main.c:170:6:train	160	static
../Core/Src/main.c:201:6:wrapper_train	8	static
../Core/Src/main.c:222:6:single	280	static
../Core/Src/main.c:324:5:main	8	static
../Core/Src/main.c:376:6:Error_Handler	0	static,ignoring_inline_asm
