../Core/Src/Crypto/ed25519/f25519.c:12:6:f25519_load	0	static
../Core/Src/Crypto/ed25519/f25519.c:25:6:f25519_normalize	40	static
../Core/Src/Crypto/ed25519/f25519.c:60:9:f25519_eq	4	static
../Core/Src/Crypto/ed25519/f25519.c:75:6:f25519_select	8	static
../Core/Src/Crypto/ed25519/f25519.c:86:6:f25519_add	16	static
../Core/Src/Crypto/ed25519/f25519.c:109:6:f25519_sub	24	static
../Core/Src/Crypto/ed25519/f25519.c:133:6:f25519_neg	12	static
../Core/Src/Crypto/ed25519/f25519.c:157:6:f25519_mul__distinct	48	static
../Core/Src/Crypto/ed25519/f25519.c:186:6:f25519_mul	40	static
../Core/Src/Crypto/ed25519/f25519.c:194:6:f25519_mul_c	12	static
../Core/Src/Crypto/ed25519/f25519.c:216:6:f25519_inv__distinct	48	static
../Core/Src/Crypto/ed25519/f25519.c:266:6:f25519_inv	40	static
../Core/Src/Crypto/ed25519/f25519.c:304:6:f25519_sqrt	152	static
