../Core/Src/main.c:68:6:SecureFault_Callback	8	static,ignoring_inline_asm
../Core/Src/main.c:75:6:SecureError_Callback	8	static
../Core/Src/main.c:61:6:RaiseSecureFault	0	static
../Core/Src/main.c:96:9:read1	0	static
../Core/Src/main.c:100:9:read2	0	static
../Core/Src/main.c:104:6:sendline	0	static
../Core/Src/main.c:129:6:print_token	24	static
../Core/Src/main.c:160:6:pox_wrapper	72	static
../Core/Src/main.c:218:5:main	8	static
../Core/Src/main.c:274:6:Error_Handler	0	static,ignoring_inline_asm
